******************************************************************************
                  TI ARM Linker PC v16.9.1                     
******************************************************************************
>> Linked Wed Mar 15 23:31:25 2017

OUTPUT FILE NAME:   <Prjct_PWM_RTOS.out>
ENTRY POINT SYMBOL: "_c_int00"  address: 00002615


MEMORY CONFIGURATION

         name            origin    length      used     unused   attr    fill
----------------------  --------  ---------  --------  --------  ----  --------
  MAIN                  00000000   00040000  000045b4  0003ba4c  R  X
  INFO                  00200000   00004000  00000000  00004000  R  X
  SRAM_CODE             01000000   00010000  00000000  00010000  RW X
  SRAM_DATA             20000000   00010000  00008f68  00007098  RW  


SEGMENT ALLOCATION MAP

run origin  load origin   length   init length attrs members
----------  ----------- ---------- ----------- ----- -------
00000000    00000000    000045c0   000045c0    r-x
  00000000    00000000    0000003c   0000003c    r-- .resetVecs
  00000040    00000040    00003eba   00003eba    r-x .text
  00003efc    00003efc    0000049e   0000049e    r-- .const
  000043a0    000043a0    00000220   00000220    r-- .cinit
20000140    20000140    00008000   00000000    r--
  20000140    20000140    00008000   00000000    r-- .priheap
20008140    20008140    00000a2b   00000000    rw-
  20008140    20008140    000005c5   00000000    rw- .data
  20008708    20008708    00000463   00000000    rw- .bss
2000fc00    2000fc00    00000400   00000000    rw-
  2000fc00    2000fc00    00000400   00000000    rw- .stack


SECTION ALLOCATION MAP

 output                                  attributes/
section   page    origin      length       input sections
--------  ----  ----------  ----------   ----------------
.text      0    00000040    00003eba     
                  00000040    000002d0     drivers_msp432p4xx.aem4f : PowerMSP432.oem4f (.text:Power_sleep)
                  00000310    000001f4     rtsv7M4_T_le_v4SPD16_eabi.lib : ull_div_t2.obj (.text)
                  00000504    0000015c     drivers_msp432p4xx.aem4f : GPIOMSP432.oem4f (.text:GPIO_setConfig)
                  00000660    0000014c                              : PowerMSP432.oem4f (.text:initPerfControl)
                  000007ac    00000004     dpl_msp432p4xx.aem4f : HwiP_tirtos.oem4f (.text:HwiP_disable)
                  000007b0    00000130     sysbios.aem4f : BIOS.obj (.text:ti_sysbios_knl_Semaphore_pend__E)
                  000008e0    00000108                   : BIOS.obj (.text:xdc_runtime_Startup_startMods__I)
                  000009e8    00000100     drivers_msp432p4xx.aem4f : PWMTimerMSP432.oem4f (.text:initHw)
                  00000ae8    00000100     prjct_pwm_rtos.obj (.text:mainThread)
                  00000be8    000000fc     sysbios.aem4f : BIOS.obj (.text:ti_sysbios_family_arm_msp432_init_Boot_configureClocksHigh)
                  00000ce4    00000004     drivers_msp432p4xx.aem4f : List.oem4f (.text:List_head)
                  00000ce8    000000ec     sysbios.aem4f : BIOS.obj (.text:pthread_create)
                  00000dd4    000000ec                   : m3_Hwi_asm.obj (.text:ti_sysbios_family_arm_m3_Hwi_dispatch__I)
                  00000ec0    000000e0     msp432p4xx_driverlib.lib : cs.o (.text:CS_initClockSignal)
                  00000fa0    000000d8     drivers_msp432p4xx.aem4f : PWMTimerMSP432.oem4f (.text:PWMTimerMSP432_open)
                  00001078    000000d0     prjct_pwm_rtos.obj (.text:buttonInt)
                  00001148    000000d0     sysbios.aem4f : BIOS.obj (.text:ti_sysbios_heaps_HeapMem_alloc__E)
                  00001218    000000c0                   : BIOS.obj (.text:ti_sysbios_knl_Task_Instance_init__E)
                  000012d8    000000bc                   : BIOS.obj (.text:ti_sysbios_knl_Task_Instance_finalize__E)
                  00001394    00000004     drivers_msp432p4xx.aem4f : List.oem4f (.text:List_next)
                  00001398    000000a8     sysbios.aem4f : BIOS.obj (.text:ti_sysbios_family_arm_msp432_Timer_periodicStub__E)
                  00001440    000000a8                   : BIOS.obj (.text:xdc_runtime_Core_createObject__I)
                  000014e8    000000a4                   : BIOS.obj (.text:ti_sysbios_knl_Task_setPri__E)
                  0000158c    000000a0     auto_init.aem4f : auto_init.oem4f (.text)
                  0000162c    0000009c     drivers_msp432p4xx.aem4f : PWMTimerMSP432.oem4f (.text:PWMTimerMSP432_setPeriod)
                  000016c8    0000009c     rtsv7M4_T_le_v4SPD16_eabi.lib : memcpy_t2.obj (.text)
                  00001764    00000004     release_pem4f.oem4f (.text:ti_sysbios_BIOS_RtsGateProxy_enter__E)
                  00001768    00000098     sysbios.aem4f : BIOS.obj (.text:ti_sysbios_family_arm_m3_Hwi_Instance_init__E)
                  00001800    00000094                   : BIOS.obj (.text:_pthread_removeThreadKeys)
                  00001894    00000004     release_pem4f.oem4f (.text:ti_sysbios_BIOS_RtsGateProxy_leave__E)
                  00001898    00000094     sysbios.aem4f : BIOS.obj (.text:ti_sysbios_family_arm_m3_Hwi_initNVIC__E)
                  0000192c    00000090     drivers_msp432p4xx.aem4f : PWMTimerMSP432.oem4f (.text:PWMTimerMSP432_setDuty)
                  000019bc    0000008c     sysbios.aem4f : m3_TaskSupport_asm.obj (.text:ti_sysbios_family_arm_m3_TaskSupport_buildTaskStack)
                  00001a48    0000008c                   : BIOS.obj (.text:ti_sysbios_knl_Task_postInit__I)
                  00001ad4    00000004     release_pem4f.oem4f (.text:ti_sysbios_family_arm_m3_TaskSupport_Module__startupDone__S)
                  00001ad8    00000088     sysbios.aem4f : BIOS.obj (.text:xdc_runtime_Memory_alloc__E)
                  00001b60    00000084                   : BIOS.obj (.text:ti_sysbios_family_arm_m3_Hwi_postInit__I)
                  00001be4    00000004     release_pem4f.oem4f (.text:ti_sysbios_heaps_HeapMem_Module_GateProxy_enter__E)
                  00001be8    00000084     sysbios.aem4f : BIOS.obj (.text:ti_sysbios_heaps_HeapMem_free__E)
                  00001c6c    00000004     release_pem4f.oem4f (.text:ti_sysbios_heaps_HeapMem_Module_GateProxy_leave__E)
                  00001c70    00000084     sysbios.aem4f : BIOS.obj (.text:xdc_runtime_Core_constructObject__I)
                  00001cf4    00000004     release_pem4f.oem4f (.text:ti_sysbios_knl_Clock_TimerProxy_getMaxTicks__E)
                  00001cf8    0000007c     sysbios.aem4f : BIOS.obj (.text:_pthread_runStub)
                  00001d74    0000007a     rtsv7M4_T_le_v4SPD16_eabi.lib : memset_t2.obj (.text)
                  00001dee    00000002     drivers_msp432p4xx.aem4f : PWMTimerMSP432.oem4f (.text:PWMTimerMSP432_init)
                  00001df0    00000078                              : PWMTimerMSP432.oem4f (.text:PWMTimerMSP432_close)
                  00001e68    00000076                              : PWMTimerMSP432.oem4f (.text:PWMTimerMSP432_stop)
                  00001ede    00000002     dpl_msp432p4xx.aem4f : PowerMSP432_tirtos.oem4f (.text:PowerMSP432_initPolicy)
                  00001ee0    00000070     sysbios.aem4f : BIOS.obj (.text:ti_sysbios_heaps_HeapMem_initPrimary__I)
                  00001f50    00000070                   : BIOS.obj (.text:ti_sysbios_knl_Semaphore_post__E)
                  00001fc0    00000070                   : BIOS.obj (.text:ti_sysbios_knl_Task_exit__E)
                  00002030    0000006c                   : BIOS.obj (.text:ti_sysbios_knl_Clock_workFunc__E)
                  0000209c    00000004     release_pem4f.oem4f (.text:xdc_runtime_System_Module_GateProxy_enter__E)
                  000020a0    0000006c     sysbios.aem4f : BIOS.obj (.text:ti_sysbios_knl_Swi_restoreHwi__E)
                  0000210c    00000068     drivers_msp432p4xx.aem4f : PWMTimerMSP432.oem4f (.text:PWMTimerMSP432_start)
                  00002174    00000068     rtsv7M4_T_le_v4SPD16_eabi.lib : copy_decompress_lzss.obj (.text:decompress:lzss)
                  000021dc    00000068     main_tirtos.obj (.text:main)
                  00002244    00000004     release_pem4f.oem4f (.text:xdc_runtime_System_Module_GateProxy_leave__E)
                  00002248    00000066     sysbios.aem4f : BIOS.obj (.text:xdc_runtime_Core_deleteObject__I)
                  000022ae    00000002     release_pem4f.oem4f (.text:ti_sysbios_BIOS_nullFunc__I)
                  000022b0    00000064     drivers_msp432p4xx.aem4f : GPIOMSP432.oem4f (.text:GPIO_hwiIntFxn)
                  00002314    00000004     --HOLE-- [fill = 0]
                  00002318    00000064     sysbios.aem4f : BIOS.obj (.text:ti_sysbios_family_arm_m3_Hwi_dispatchC__I)
                  0000237c    0000005c     drivers_msp432p4xx.aem4f : GPIOMSP432.oem4f (.text:GPIO_init)
                  000023d8    0000005c                              : PowerMSP432.oem4f (.text:PowerMSP432_getFreqs)
                  00002434    00000004     --HOLE-- [fill = 0]
                  00002438    0000005c     sysbios.aem4f : BIOS.obj (.text:ti_sysbios_knl_Swi_run__I)
                  00002494    00000004     --HOLE-- [fill = 0]
                  00002498    0000005c                   : BIOS.obj (.text:ti_sysbios_knl_Swi_schedule__I)
                  000024f4    00000004     --HOLE-- [fill = 0]
                  000024f8    0000005c                   : BIOS.obj (.text:ti_sysbios_knl_Task_Module_startup__E)
                  00002554    00000004     --HOLE-- [fill = 0]
                  00002558    0000005c                   : BIOS.obj (.text:ti_sysbios_knl_Task_startCore__E)
                  000025b4    00000004     --HOLE-- [fill = 0]
                  000025b8    0000005c                   : BIOS.obj (.text:xdc_runtime_Startup_exec__E)
                  00002614    00000058     boot.aem4f : boot.oem4f (.text)
                  0000266c    00000058     sysbios.aem4f : m3_Hwi_asm_switch.obj (.text:ti_sysbios_family_arm_m3_Hwi_initStacks__E)
                  000026c4    00000054     drivers_msp432p4xx.aem4f : GPIOMSP432.oem4f (.text:GPIO_setCallback)
                  00002718    00000054                              : PowerMSP432.oem4f (.text:Power_init)
                  0000276c    00000054     release_pem4f.oem4f (.text:ti_sysbios_family_arm_m3_Hwi_create)
                  000027c0    00000054     sysbios.aem4f : BIOS.obj (.text:ti_sysbios_family_arm_msp432_Timer_initDevice__I)
                  00002814    00000004     --HOLE-- [fill = 0]
                  00002818    00000054                   : BIOS.obj (.text:xdc_runtime_Core_assignLabel__I)
                  0000286c    00000050     dpl_msp432p4xx.aem4f : PowerMSP432_tirtos.oem4f (.text:PowerMSP432_sleepPolicy)
                  000028bc    00000004     --HOLE-- [fill = 0]
                  000028c0    00000050     sysbios.aem4f : BIOS.obj (.text:ti_sysbios_family_arm_m3_Hwi_Module_startup__E)
                  00002910    00000050     release_pem4f.oem4f (.text:ti_sysbios_knl_Task_create)
                  00002960    0000004c     rtsv7M4_T_le_v4SPD16_eabi.lib : cpy_tbl.obj (.text)
                  000029ac    00000004     --HOLE-- [fill = 0]
                  000029b0    0000004c     sysbios.aem4f : BIOS.obj (.text:ti_sysbios_family_arm_msp432_Timer_postInit__I)
                  000029fc    00000004     --HOLE-- [fill = 0]
                  00002a00    0000004c                   : BIOS.obj (.text:ti_sysbios_family_arm_msp432_Timer_start__E)
                  00002a4c    00000004     --HOLE-- [fill = 0]
                  00002a50    0000004c                   : BIOS.obj (.text:ti_sysbios_heaps_HeapMem_getStats__E)
                  00002a9c    00000004     --HOLE-- [fill = 0]
                  00002aa0    0000004c                   : BIOS.obj (.text:ti_sysbios_knl_Swi_runLoop__I)
                  00002aec    00000004     --HOLE-- [fill = 0]
                  00002af0    0000004c                   : BIOS.obj (.text:ti_sysbios_knl_Task_allBlockedFunction__I)
                  00002b3c    00000004     --HOLE-- [fill = 0]
                  00002b40    0000004c                   : BIOS.obj (.text:ti_sysbios_knl_Task_schedule__I)
                  00002b8c    00000048     drivers_msp432p4xx.aem4f : PowerMSP432.oem4f (.text:Power_releaseConstraint)
                  00002bd4    00000004     --HOLE-- [fill = 0]
                  00002bd8    00000048     sysbios.aem4f : BIOS.obj (.text:ti_sysbios_family_arm_m3_Hwi_disableInterrupt__E)
                  00002c20    00000048                   : BIOS.obj (.text:ti_sysbios_family_arm_m3_Hwi_enableInterrupt__E)
                  00002c68    00000048                   : BIOS.obj (.text:ti_sysbios_knl_Mailbox_Module_startup__E)
                  00002cb0    00000046                   : BIOS.obj (.text:xdc_runtime_Core_assignParams__I)
                  00002cf6    00000044     dpl_msp432p4xx.aem4f : HwiP_tirtos.oem4f (.text:HwiP_create)
                  00002d3a    00000002     --HOLE-- [fill = 0]
                  00002d3c    00000044     drivers_msp432p4xx.aem4f : PWM.oem4f (.text:PWM_init)
                  00002d80    00000044     sysbios.aem4f : BIOS.obj (.text:ti_sysbios_family_arm_m3_Hwi_getStackInfo__E)
                  00002dc4    00000004     --HOLE-- [fill = 0]
                  00002dc8    00000044                   : BIOS.obj (.text:ti_sysbios_family_arm_msp432_Seconds_Module_startup__E)
                  00002e0c    00000004     --HOLE-- [fill = 0]
                  00002e10    00000044                   : BIOS.obj (.text:ti_sysbios_knl_Swi_post__E)
                  00002e54    00000004     --HOLE-- [fill = 0]
                  00002e58    00000044                   : BIOS.obj (.text:xdc_runtime_System_atexit__E)
                  00002e9c    00000040     drivers_msp432p4xx.aem4f : PowerMSP432.oem4f (.text:notify)
                  00002edc    00000040                              : PowerMSP432.oem4f (.text:restartHFXT)
                  00002f1c    00000004     --HOLE-- [fill = 0]
                  00002f20    00000040     sysbios.aem4f : BIOS.obj (.text:ti_sysbios_family_arm_msp432_Timer_Module_startup__E)
                  00002f60    00000040                   : BIOS.obj (.text:ti_sysbios_family_arm_msp432_Timer_startup__E)
                  00002fa0    00000040                   : BIOS.obj (.text:ti_sysbios_heaps_HeapMem_Instance_init__E)
                  00002fe0    0000003c     drivers_msp432p4xx.aem4f : PWM.oem4f (.text:PWM_open)
                  0000301c    0000003c                              : PWMTimerMSP432.oem4f (.text:getPeriodCounts)
                  00003058    0000003c     sysbios.aem4f : BIOS.obj (.text:ti_sysbios_family_arm_m3_Hwi_Instance_finalize__E)
                  00003094    00000004     --HOLE-- [fill = 0]
                  00003098    0000003c                   : BIOS.obj (.text:ti_sysbios_knl_Swi_restore__E)
                  000030d4    00000038     drivers_msp432p4xx.aem4f : PowerMSP432.oem4f (.text:Power_setConstraint)
                  0000310c    00000038                              : TimerMSP432.oem4f (.text:TimerMSP432_allocateTimerResource)
                  00003144    00000038                              : PWMTimerMSP432.oem4f (.text:getDutyCounts)
                  0000317c    00000004     --HOLE-- [fill = 0]
                  00003180    00000032     sysbios.aem4f : BIOS.obj (.text:ti_sysbios_hal_Hwi_initStack)
                  000031b2    00000002     --HOLE-- [fill = 0]
                  000031b4    00000030     drivers_msp432p4xx.aem4f : GPIOMSP432.oem4f (.text:GPIO_enableInt)
                  000031e4    00000030                              : TimerMSP432.oem4f (.text:TimerMSP432_freeTimerResource)
                  00003214    00000030                              : PWMTimerMSP432.oem4f (.text:mapPin)
                  00003244    00000030     release_pem4f.oem4f (.text:ti_sysbios_BIOS_atExitFunc__I)
                  00003274    00000030     release_pem4f.oem4f (.text:ti_sysbios_BIOS_startFunc__I)
                  000032a4    00000004     --HOLE-- [fill = 0]
                  000032a8    00000030     sysbios.aem4f : BIOS.obj (.text:ti_sysbios_family_arm_m3_TaskSupport_start__E)
                  000032d8    00000030     release_pem4f.oem4f (.text:ti_sysbios_gates_GateHwi_Object__create__S)
                  00003308    00000030     release_pem4f.oem4f (.text:ti_sysbios_gates_GateMutex_Object__create__S)
                  00003338    00000030     sysbios.aem4f : BIOS.obj (.text:ti_sysbios_gates_GateMutex_enter__E)
                  00003368    00000030     release_pem4f.oem4f (.text:ti_sysbios_heaps_HeapMem_Object__create__S)
                  00003398    00000030     sysbios.aem4f : BIOS.obj (.text:ti_sysbios_knl_Mailbox_postInit__I)
                  000033c8    00000030     release_pem4f.oem4f (.text:ti_sysbios_knl_Semaphore_construct)
                  000033f8    00000030     sysbios.aem4f : BIOS.obj (.text:ti_sysbios_knl_Semaphore_pendTimeout__I)
                  00003428    00000030                   : BIOS.obj (.text:ti_sysbios_knl_Task_processVitalTaskFlag__I)
                  00003458    00000030                   : BIOS.obj (.text:ti_sysbios_knl_Task_unblockI__E)
                  00003488    00000030                   : BIOS.obj (.text:xdc_runtime_System_processAtExit__E)
                  000034b8    0000002c     dpl_msp432p4xx.aem4f : PowerMSP432_tirtos.oem4f (.text:PowerMSP432_updateFreqs)
                  000034e4    0000002c     release_pem4f.oem4f (.text:ti_sysbios_knl_Clock_doTick__I)
                  00003510    0000002c     release_pem4f.oem4f (.text:ti_sysbios_knl_Queue_construct)
                  0000353c    00000004     --HOLE-- [fill = 0]
                  00003540    0000002c     sysbios.aem4f : BIOS.obj (.text:ti_sysbios_knl_Task_restore__E)
                  0000356c    00000028     drivers_msp432p4xx.aem4f : PowerMSP432.oem4f (.text:disableHFXT)
                  00003594    00000004     --HOLE-- [fill = 0]
                  00003598    00000028     sysbios.aem4f : BIOS.obj (.text:ti_sysbios_knl_Clock_addI__E)
                  000035c0    00000028                   : BIOS.obj (.text:ti_sysbios_knl_Swi_Module_startup__E)
                  000035e8    00000026                   : m3_Hwi_asm.obj (.text:ti_sysbios_family_arm_m3_Hwi_pendSV__I)
                  0000360e    00000002     --HOLE-- [fill = 0]
                  00003610    00000024     msp432p4xx_driverlib.lib : cs.o (.text:CS_setDCOCenteredFrequency)
                  00003634    00000004     --HOLE-- [fill = 0]
                  00003638    00000024     sysbios.aem4f : BIOS.obj (.text:pthread_attr_init)
                  0000365c    00000024     release_pem4f.oem4f (.text:ti_sysbios_BIOS_registerRTSLock__I)
                  00003680    00000024     release_pem4f.oem4f (.text:ti_sysbios_BIOS_removeRTSLock__I)
                  000036a4    00000004     --HOLE-- [fill = 0]
                  000036a8    00000024     sysbios.aem4f : BIOS.obj (.text:ti_sysbios_family_arm_msp432_ClockFreqs_setFrequency__E)
                  000036cc    00000024     release_pem4f.oem4f (.text:ti_sysbios_gates_GateMutex_Object__delete__S)
                  000036f0    00000024     sysbios.aem4f : BIOS.obj (.text:ti_sysbios_knl_Clock_Module_startup__E)
                  00003714    00000004     --HOLE-- [fill = 0]
                  00003718    00000024                   : BIOS.obj (.text:ti_sysbios_knl_Semaphore_Instance_init__E)
                  0000373c    00000004     --HOLE-- [fill = 0]
                  00003740    00000024                   : BIOS.obj (.text:ti_sysbios_knl_Task_restoreHwi__E)
                  00003764    00000004     --HOLE-- [fill = 0]
                  00003768    00000024                   : BIOS.obj (.text:xdc_runtime_Error_policyMin__E)
                  0000378c    00000004     --HOLE-- [fill = 0]
                  00003790    00000024                   : BIOS.obj (.text:xdc_runtime_System_abort__E)
                  000037b4    00000020     release_pem4f.oem4f (.text:ti_sysbios_BIOS_rtsLock__I)
                  000037d4    00000020     sysbios.aem4f : m3_Hwi_asm.obj (.text:ti_sysbios_family_arm_m3_Hwi_excHandlerAsm__I)
                  000037f4    00000004     --HOLE-- [fill = 0]
                  000037f8    00000020                   : BIOS.obj (.text:ti_sysbios_family_arm_m3_Hwi_excHandler__I)
                  00003818    00000020     release_pem4f.oem4f (.text:ti_sysbios_gates_GateHwi_Object__delete__S)
                  00003838    00000020     release_pem4f.oem4f (.text:ti_sysbios_heaps_HeapMem_Object__delete__S)
                  00003858    00000020     sysbios.aem4f : BIOS.obj (.text:ti_sysbios_knl_Idle_run__E)
                  00003878    00000020     release_pem4f.oem4f (.text:ti_sysbios_knl_Semaphore_destruct)
                  00003898    0000001e     drivers_msp432p4xx.aem4f : PWMTimerMSP432.oem4f (.text:corroboratePeriod)
                  000038b6    0000001e     sysbios.aem4f : m3_Hwi_asm_switch.obj (.text:ti_sysbios_family_xxx_Hwi_switchAndRunFunc)
                  000038d4    00000004     --HOLE-- [fill = 0]
                  000038d8    0000001c                   : BIOS.obj (.text:_pthread_cleanup_pop)
                  000038f4    00000004     --HOLE-- [fill = 0]
                  000038f8    0000001c                   : BIOS.obj (.text:ti_sysbios_gates_GateMutex_Instance_init__E)
                  00003914    0000001c     release_pem4f.oem4f (.text:ti_sysbios_knl_Queue_destruct)
                  00003930    0000001c     sysbios.aem4f : BIOS.obj (.text:ti_sysbios_knl_Queue_put__E)
                  0000394c    00000004     --HOLE-- [fill = 0]
                  00003950    0000001c                   : BIOS.obj (.text:ti_sysbios_knl_Task_enter__I)
                  0000396c    00000004     --HOLE-- [fill = 0]
                  00003970    0000001c                   : BIOS.obj (.text:xdc_runtime_Memory_valloc__E)
                  0000398c    00000018     release_pem4f.oem4f (.text:.bootCodeSection:ti_sysbios_family_arm_msp432_init_Boot_init__I)
                  000039a4    00000018     drivers_msp432p4xx.aem4f : PowerMSP432.oem4f (.text:Power_idleFunc)
                  000039bc    00000018                              : PWMTimerMSP432.oem4f (.text:corroborateDuty)
                  000039d4    00000004     --HOLE-- [fill = 0]
                  000039d8    00000018     sysbios.aem4f : BIOS.obj (.text:pthread_attr_setschedparam)
                  000039f0    00000018     rtsv7M4_T_le_v4SPD16_eabi.lib : args_main.obj (.text)
                  00003a08    00000018     release_pem4f.oem4f (.text:ti_sysbios_BIOS_rtsUnlock__I)
                  00003a20    00000018     release_pem4f.oem4f (.text:ti_sysbios_family_arm_m3_Hwi_Module__startupDone__F)
                  00003a38    00000018     sysbios.aem4f : m3_TaskSupport_asm.obj (.text:ti_sysbios_family_arm_m3_TaskSupport_swap__E)
                  00003a50    00000018     release_pem4f.oem4f (.text:ti_sysbios_family_arm_msp432_Timer_Module__startupDone__F)
                  00003a68    00000018     release_pem4f.oem4f (.text:ti_sysbios_gates_GateHwi_Handle__label__S)
                  00003a80    00000018     release_pem4f.oem4f (.text:ti_sysbios_gates_GateMutex_Handle__label__S)
                  00003a98    00000018     sysbios.aem4f : BIOS.obj (.text:ti_sysbios_gates_GateMutex_leave__E)
                  00003ab0    00000018     release_pem4f.oem4f (.text:ti_sysbios_heaps_HeapMem_Handle__label__S)
                  00003ac8    00000018     sysbios.aem4f : BIOS.obj (.text:xdc_runtime_Error_init__E)
                  00003ae0    00000018                   : BIOS.obj (.text:xdc_runtime_System_exit__E)
                  00003af8    00000016     release_pem4f.oem4f (.text:ti_sysbios_BIOS_exitFunc__I)
                  00003b0e    00000002     --HOLE-- [fill = 0]
                  00003b10    00000016     sysbios.aem4f : BIOS.obj (.text:ti_sysbios_knl_Task_unblock__E)
                  00003b26    00000002     --HOLE-- [fill = 0]
                  00003b28    00000014     drivers_msp432p4xx.aem4f : PWM.oem4f (.text:PWM_Params_init)
                  00003b3c    00000014     rtsv7M4_T_le_v4SPD16_eabi.lib : _lock.obj (.text)
                  00003b50    00000014     release_pem4f.oem4f (.text:ti_sysbios_family_arm_m3_Hwi_Object__get__S)
                  00003b64    00000004     --HOLE-- [fill = 0]
                  00003b68    00000014     sysbios.aem4f : BIOS.obj (.text:ti_sysbios_family_arm_m3_Hwi_switchFromBootStack__E)
                  00003b7c    00000014     release_pem4f.oem4f (.text:ti_sysbios_heaps_HeapMem_Object__get__S)
                  00003b90    00000014     release_pem4f.oem4f (.text:ti_sysbios_knl_Swi_Object__get__S)
                  00003ba4    00000004     --HOLE-- [fill = 0]
                  00003ba8    00000012     sysbios.aem4f : BIOS.obj (.text:ti_sysbios_hal_Hwi_Module_startup__E)
                  00003bba    00000012     release_pem4f.oem4f (.text:xdc_runtime_Startup_exec__I)
                  00003bcc    00000010     msp432p4xx_driverlib.lib : sysctl.o (.text:SysCtl_disableNMISource)
                  00003bdc    00000010                              : sysctl.o (.text:SysCtl_enableNMISource)
                  00003bec    00000010                              : sysctl.o (.text:SysCtl_getNMISourceStatus)
                  00003bfc    00000004     --HOLE-- [fill = 0]
                  00003c00    00000010     sysbios.aem4f : BIOS.obj (.text:ti_sysbios_BIOS_exit__E)
                  00003c10    00000010                   : BIOS.obj (.text:ti_sysbios_BIOS_setCpuFreq__E)
                  00003c20    00000010                   : BIOS.obj (.text:ti_sysbios_BIOS_setThreadType__E)
                  00003c30    00000010                   : BIOS.obj (.text:ti_sysbios_BIOS_start__E)
                  00003c40    00000010                   : m3_TaskSupport_asm.obj (.text:ti_sysbios_family_arm_m3_TaskSupport_glue)
                  00003c50    00000010                   : BIOS.obj (.text:ti_sysbios_family_arm_msp432_init_Boot_disableWatchdog)
                  00003c60    00000010                   : BIOS.obj (.text:ti_sysbios_gates_GateMutex_Instance_finalize__E)
                  00003c70    00000010     release_pem4f.oem4f (.text:ti_sysbios_knl_Mailbox_Object__get__S)
                  00003c80    00000010     sysbios.aem4f : BIOS.obj (.text:ti_sysbios_knl_Semaphore_Instance_finalize__E)
                  00003c90    00000010                   : BIOS.obj (.text:ti_sysbios_knl_Swi_disable__E)
                  00003ca0    00000010     release_pem4f.oem4f (.text:ti_sysbios_knl_Task_Object__get__S)
                  00003cb0    00000010     sysbios.aem4f : BIOS.obj (.text:ti_sysbios_knl_Task_disable__E)
                  00003cc0    00000010                   : BIOS.obj (.text:xdc_runtime_Gate_leaveSystem__E)
                  00003cd0    00000010                   : BIOS.obj (.text:xdc_runtime_Memory_free__E)
                  00003ce0    00000010                   : BIOS.obj (.text:xdc_runtime_SysCallback_abort__E)
                  00003cf0    00000010                   : BIOS.obj (.text:xdc_runtime_SysCallback_exit__E)
                  00003d00    0000000e     dpl_msp432p4xx.aem4f : HwiP_tirtos.oem4f (.text:HwiP_Params_init)
                  00003d0e    0000000e     rtsv7M4_T_le_v4SPD16_eabi.lib : copy_decompress_none.obj (.text:decompress:none)
                  00003d1c    00000004     --HOLE-- [fill = 0]
                  00003d20    0000000e     sysbios.aem4f : BIOS.obj (.text:pthread_attr_setdetachstate)
                  00003d2e    00000002     --HOLE-- [fill = 0]
                  00003d30    0000000e                   : BIOS.obj (.text:ti_sysbios_knl_Idle_loop__E)
                  00003d3e    00000002     --HOLE-- [fill = 0]
                  00003d40    0000000e                   : BIOS.obj (.text:ti_sysbios_knl_Queue_empty__E)
                  00003d4e    0000000c     msp432p4xx_driverlib.lib : cpu.o (.text:CPU_cpsid)
                  00003d5a    0000000c                              : cpu.o (.text:CPU_cpsie)
                  00003d66    00000002     --HOLE-- [fill = 0]
                  00003d68    0000000c     drivers_msp432p4xx.aem4f : PowerMSP432.oem4f (.text:Power_getConstraintMask)
                  00003d74    0000000c                              : PowerMSP432.oem4f (.text:Power_getPerformanceLevel)
                  00003d80    0000000c     rtsv7M4_T_le_v4SPD16_eabi.lib : copy_zero_init.obj (.text:decompress:ZI)
                  00003d8c    00000004     --HOLE-- [fill = 0]
                  00003d90    0000000c     sysbios.aem4f : BIOS.obj (.text:pthread_self)
                  00003d9c    0000000c     release_pem4f.oem4f (.text:ti_sysbios_family_arm_m3_Hwi_Params__init__S)
                  00003da8    0000000c     sysbios.aem4f : BIOS.obj (.text:ti_sysbios_family_arm_m3_Hwi_disableFxn__E)
                  00003db4    00000004     --HOLE-- [fill = 0]
                  00003db8    0000000c                   : BIOS.obj (.text:ti_sysbios_family_arm_m3_TaskSupport_getStackAlignment__E)
                  00003dc4    00000004     --HOLE-- [fill = 0]
                  00003dc8    0000000c                   : BIOS.obj (.text:ti_sysbios_family_arm_msp432_Timer_getMaxTicks__E)
                  00003dd4    00000004     --HOLE-- [fill = 0]
                  00003dd8    0000000c                   : BIOS.obj (.text:ti_sysbios_gates_GateHwi_enter__E)
                  00003de4    0000000c     release_pem4f.oem4f (.text:ti_sysbios_knl_Queue_Object__get__S)
                  00003df0    0000000c     release_pem4f.oem4f (.text:ti_sysbios_knl_Semaphore_Params__init__S)
                  00003dfc    0000000c     release_pem4f.oem4f (.text:ti_sysbios_knl_Task_Params__init__S)
                  00003e08    0000000c     sysbios.aem4f : BIOS.obj (.text:xdc_runtime_Gate_enterSystem__E)
                  00003e14    00000004     --HOLE-- [fill = 0]
                  00003e18    0000000c                   : BIOS.obj (.text:xdc_runtime_Startup_rtsDone__E)
                  00003e24    0000000a     drivers_msp432p4xx.aem4f : PWM.oem4f (.text:PWM_setDuty)
                  00003e2e    0000000a                              : PWM.oem4f (.text:PWM_start)
                  00003e38    0000000a     release_pem4f.oem4f (.text:xdc_runtime_IHeap_alloc)
                  00003e42    0000000a     release_pem4f.oem4f (.text:xdc_runtime_IHeap_free)
                  00003e4c    00000008     MSP_EXP432P401R.obj (.text:MSP_EXP432P401R_initGeneral)
                  00003e54    00000004     --HOLE-- [fill = 0]
                  00003e58    00000008     sysbios.aem4f : BIOS.obj (.text:pthread_attr_setstacksize)
                  00003e60    00000008                   : BIOS.obj (.text:ti_sysbios_family_arm_m3_Hwi_doSwiRestore__I)
                  00003e68    00000008                   : BIOS.obj (.text:ti_sysbios_family_arm_m3_Hwi_startup__E)
                  00003e70    00000006     drivers_msp432p4xx.aem4f : PWMTimerMSP432.oem4f (.text:PWMTimerMSP432_control)
                  00003e76    00000002     --HOLE-- [fill = 0]
                  00003e78    00000006     sysbios.aem4f : BIOS.obj (.text:ti_sysbios_family_arm_m3_Hwi_doTaskRestore__I)
                  00003e7e    00000002     --HOLE-- [fill = 0]
                  00003e80    00000006                   : BIOS.obj (.text:ti_sysbios_family_arm_m3_Hwi_restoreFxn__E)
                  00003e86    00000002     --HOLE-- [fill = 0]
                  00003e88    00000006                   : BIOS.obj (.text:ti_sysbios_gates_GateHwi_leave__E)
                  00003e8e    00000002     --HOLE-- [fill = 0]
                  00003e90    00000006                   : BIOS.obj (.text:ti_sysbios_heaps_HeapMem_isBlocking__E)
                  00003e96    00000002     --HOLE-- [fill = 0]
                  00003e98    00000006                   : BIOS.obj (.text:ti_sysbios_knl_Queue_Instance_init__E)
                  00003e9e    00000002     --HOLE-- [fill = 0]
                  00003ea0    00000006                   : BIOS.obj (.text:ti_sysbios_knl_Swi_startup__E)
                  00003ea6    00000002     --HOLE-- [fill = 0]
                  00003ea8    00000006                   : BIOS.obj (.text:xdc_runtime_System_Module_startup__E)
                  00003eae    00000002     --HOLE-- [fill = 0]
                  00003eb0    00000004                   : BIOS.obj (.text:ti_sysbios_gates_GateHwi_query__E)
                  00003eb4    00000004     --HOLE-- [fill = 0]
                  00003eb8    00000004                   : BIOS.obj (.text:ti_sysbios_gates_GateMutex_query__E)
                  00003ebc    00000004     --HOLE-- [fill = 0]
                  00003ec0    00000004                   : BIOS.obj (.text:ti_sysbios_knl_Task_startup__E)
                  00003ec4    00000004     --HOLE-- [fill = 0]
                  00003ec8    00000002                   : BIOS.obj (.text:ti_sysbios_BIOS_linkedWithIncorrectBootLibrary__E)
                  00003eca    00000006     --HOLE-- [fill = 0]
                  00003ed0    00000002                   : BIOS.obj (.text:ti_sysbios_gates_GateHwi_Instance_init__E)
                  00003ed2    00000006     --HOLE-- [fill = 0]
                  00003ed8    00000002                   : BIOS.obj (.text:ti_sysbios_knl_Clock_logTick__E)
                  00003eda    00000006     --HOLE-- [fill = 0]
                  00003ee0    00000002                   : BIOS.obj (.text:xdc_runtime_SysCallback_defaultAbort)
                  00003ee2    00000006     --HOLE-- [fill = 0]
                  00003ee8    00000002                   : BIOS.obj (.text:xdc_runtime_SysCallback_defaultExit)
                  00003eea    00000006     --HOLE-- [fill = 0]
                  00003ef0    00000002                   : BIOS.obj (.text:xdc_runtime_System_abortSpin__E)
                  00003ef2    00000006     --HOLE-- [fill = 0]
                  00003ef8    00000002                   : BIOS.obj (.text:xdc_runtime_System_exitSpin__E)

.resetVecs 
*          0    00000000    0000003c     
                  00000000    0000003c     release_pem4f.oem4f (.resetVecs)

.binit     0    00000000    00000000     

.const     0    00003efc    0000049e     
                  00003efc    00000048     release_pem4f.oem4f (.const:.string)
                  00003f44    0000003c     release_pem4f.oem4f (.const:ti_sysbios_knl_Task_Object__PARAMS__C)
                  00003f80    00000030     release_pem4f.oem4f (.const:ti_sysbios_family_arm_m3_Hwi_Object__PARAMS__C)
                  00003fb0    00000028     release_pem4f.oem4f (.const:ti_sysbios_heaps_HeapMem_Module__FXNS__C)
                  00003fd8    00000024     MSP_EXP432P401R.obj (.const:PWM_config)
                  00003ffc    00000024     release_pem4f.oem4f (.const:ti_sysbios_gates_GateHwi_Module__FXNS__C)
                  00004020    00000024     release_pem4f.oem4f (.const:ti_sysbios_gates_GateMutex_Module__FXNS__C)
                  00004044    00000024     release_pem4f.oem4f (.const:ti_sysbios_heaps_HeapMem_Object__PARAMS__C)
                  00004068    00000024     release_pem4f.oem4f (.const:ti_sysbios_knl_Semaphore_Object__PARAMS__C)
                  0000408c    00000024     release_pem4f.oem4f (.const:xdc_runtime_Startup_sfxnTab__A)
                  000040b0    00000020     drivers_msp432p4xx.aem4f : PWMTimerMSP432.oem4f (.const:PWMTimerMSP432_fxnTable)
                  000040d0    00000020     release_pem4f.oem4f (.const:ti_sysbios_family_arm_m3_Hwi_Object__DESC__C)
                  000040f0    00000020     release_pem4f.oem4f (.const:ti_sysbios_gates_GateHwi_Object__DESC__C)
                  00004110    00000020     release_pem4f.oem4f (.const:ti_sysbios_gates_GateMutex_Object__DESC__C)
                  00004130    00000020     release_pem4f.oem4f (.const:ti_sysbios_heaps_HeapMem_Object__DESC__C)
                  00004150    00000020     release_pem4f.oem4f (.const:ti_sysbios_knl_Queue_Object__DESC__C)
                  00004170    00000020     release_pem4f.oem4f (.const:ti_sysbios_knl_Semaphore_Object__DESC__C)
                  00004190    00000020     release_pem4f.oem4f (.const:ti_sysbios_knl_Task_Object__DESC__C)
                  000041b0    00000018     drivers_msp432p4xx.aem4f : PWM.oem4f (.const:PWM_defaultParams)
                  000041c8    00000018     MSP_EXP432P401R.obj (.const:PowerMSP432_config)
                  000041e0    00000018     MSP_EXP432P401R.obj (.const:pwmTimerMSP432HWAttrs)
                  000041f8    00000018     release_pem4f.oem4f (.const:ti_sysbios_gates_GateHwi_Object__PARAMS__C)
                  00004210    00000018     release_pem4f.oem4f (.const:ti_sysbios_gates_GateMutex_Object__PARAMS__C)
                  00004228    00000018     release_pem4f.oem4f (.const:ti_sysbios_knl_Queue_Object__PARAMS__C)
                  00004240    00000014     MSP_EXP432P401R.obj (.const:GPIOMSP432_config)
                  00004254    00000012     release_pem4f.oem4f (.const:xdc_runtime_Startup_sfxnRts__A)
                  00004266    00000002     release_pem4f.oem4f (.const:ti_sysbios_family_arm_m3_Hwi_Module__id__C)
                  00004268    00000010     drivers_msp432p4xx.aem4f : PWMTimerMSP432.oem4f (.const:pwmTimerBaseAddr)
                  00004278    0000000c     MSP_EXP432P401R.obj (.const)
                  00004284    0000000c     release_pem4f.oem4f (.const:xdc_runtime_Startup_firstFxns__A)
                  00004290    00000008     release_pem4f.oem4f (.const:ti_sysbios_knl_Idle_funcList__C)
                  00004298    00000008     release_pem4f.oem4f (.const:xdc_runtime_Startup_firstFxns__C)
                  000042a0    00000008     release_pem4f.oem4f (.const:xdc_runtime_Startup_lastFxns__C)
                  000042a8    00000006     drivers_msp432p4xx.aem4f : GPIOMSP432.oem4f (.const:.string:interruptType)
                  000042ae    00000006                              : GPIOMSP432.oem4f (.const:.string:portInterruptIds)
                  000042b4    00000004     release_pem4f.oem4f (.const:ti_sysbios_family_arm_m3_Hwi_E_alreadyDefined__C)
                  000042b8    00000004     release_pem4f.oem4f (.const:ti_sysbios_family_arm_m3_Hwi_NUM_INTERRUPTS__C)
                  000042bc    00000004     release_pem4f.oem4f (.const:ti_sysbios_family_arm_m3_Hwi_Object__count__C)
                  000042c0    00000004     release_pem4f.oem4f (.const:ti_sysbios_family_arm_m3_Hwi_ccr__C)
                  000042c4    00000004     release_pem4f.oem4f (.const:ti_sysbios_family_arm_m3_Hwi_excHandlerFunc__C)
                  000042c8    00000004     release_pem4f.oem4f (.const:ti_sysbios_family_arm_m3_Hwi_nullIsrFunc__C)
                  000042cc    00000004     release_pem4f.oem4f (.const:ti_sysbios_family_arm_m3_Hwi_priGroup__C)
                  000042d0    00000004     release_pem4f.oem4f (.const:ti_sysbios_family_arm_m3_Hwi_swiDisable__C)
                  000042d4    00000004     release_pem4f.oem4f (.const:ti_sysbios_family_arm_m3_Hwi_swiRestoreHwi__C)
                  000042d8    00000004     release_pem4f.oem4f (.const:ti_sysbios_family_arm_m3_TaskSupport_stackAlignment__C)
                  000042dc    00000004     release_pem4f.oem4f (.const:ti_sysbios_family_arm_msp432_Timer_numTimerDevices__C)
                  000042e0    00000004     release_pem4f.oem4f (.const:ti_sysbios_family_arm_msp432_Timer_startupNeeded__C)
                  000042e4    00000004     release_pem4f.oem4f (.const:ti_sysbios_gates_GateMutex_Instance_State_sem__O)
                  000042e8    00000004     release_pem4f.oem4f (.const:ti_sysbios_heaps_HeapMem_E_memory__C)
                  000042ec    00000004     release_pem4f.oem4f (.const:ti_sysbios_heaps_HeapMem_Module__gateObj__C)
                  000042f0    00000004     release_pem4f.oem4f (.const:ti_sysbios_heaps_HeapMem_Object__count__C)
                  000042f4    00000004     release_pem4f.oem4f (.const:ti_sysbios_heaps_HeapMem_primaryHeapBaseAddr__C)
                  000042f8    00000004     release_pem4f.oem4f (.const:ti_sysbios_heaps_HeapMem_primaryHeapEndAddr__C)
                  000042fc    00000004     release_pem4f.oem4f (.const:ti_sysbios_heaps_HeapMem_reqAlign__C)
                  00004300    00000004     release_pem4f.oem4f (.const:ti_sysbios_knl_Clock_Module_State_clockQ__O)
                  00004304    00000004     release_pem4f.oem4f (.const:ti_sysbios_knl_Idle_funcList__A)
                  00004308    00000004     release_pem4f.oem4f (.const:ti_sysbios_knl_Mailbox_Instance_State_freeQue__O)
                  0000430c    00000004     release_pem4f.oem4f (.const:ti_sysbios_knl_Mailbox_Object__count__C)
                  00004310    00000004     release_pem4f.oem4f (.const:ti_sysbios_knl_Mailbox_maxTypeAlign__C)
                  00004314    00000004     release_pem4f.oem4f (.const:ti_sysbios_knl_Semaphore_Instance_State_pendQ__O)
                  00004318    00000004     release_pem4f.oem4f (.const:ti_sysbios_knl_Swi_Object__count__C)
                  0000431c    00000004     release_pem4f.oem4f (.const:ti_sysbios_knl_Task_Module_State_inactiveQ__O)
                  00004320    00000004     release_pem4f.oem4f (.const:ti_sysbios_knl_Task_Object__count__C)
                  00004324    00000004     release_pem4f.oem4f (.const:ti_sysbios_knl_Task_Object__heap__C)
                  00004328    00000004     release_pem4f.oem4f (.const:ti_sysbios_knl_Task_allBlockedFunc__C)
                  0000432c    00000004     release_pem4f.oem4f (.const:ti_sysbios_knl_Task_defaultStackHeap__C)
                  00004330    00000004     release_pem4f.oem4f (.const:ti_sysbios_knl_Task_defaultStackSize__C)
                  00004334    00000004     release_pem4f.oem4f (.const:ti_sysbios_knl_Task_numConstructedTasks__C)
                  00004338    00000004     release_pem4f.oem4f (.const:xdc_runtime_Error_E_memory__C)
                  0000433c    00000004     release_pem4f.oem4f (.const:xdc_runtime_Error_policyFxn__C)
                  00004340    00000004     release_pem4f.oem4f (.const:xdc_runtime_IGateProvider_Interface__BASE__C)
                  00004344    00000004     release_pem4f.oem4f (.const:xdc_runtime_IHeap_Interface__BASE__C)
                  00004348    00000004     release_pem4f.oem4f (.const:xdc_runtime_IModule_Interface__BASE__C)
                  0000434c    00000004     release_pem4f.oem4f (.const:xdc_runtime_Memory_defaultHeapInstance__C)
                  00004350    00000004     release_pem4f.oem4f (.const:xdc_runtime_Startup_execImpl__C)
                  00004354    00000004     release_pem4f.oem4f (.const:xdc_runtime_Startup_maxPasses__C)
                  00004358    00000004     release_pem4f.oem4f (.const:xdc_runtime_Startup_sfxnRts__C)
                  0000435c    00000004     release_pem4f.oem4f (.const:xdc_runtime_Startup_sfxnTab__C)
                  00004360    00000004     release_pem4f.oem4f (.const:xdc_runtime_SysCallback_abortFxn__C)
                  00004364    00000004     release_pem4f.oem4f (.const:xdc_runtime_SysCallback_exitFxn__C)
                  00004368    00000004     release_pem4f.oem4f (.const:xdc_runtime_System_Module__gateObj__C)
                  0000436c    00000004     release_pem4f.oem4f (.const:xdc_runtime_System_abortFxn__C)
                  00004370    00000004     release_pem4f.oem4f (.const:xdc_runtime_System_exitFxn__C)
                  00004374    00000004     release_pem4f.oem4f (.const:xdc_runtime_System_maxAtexitHandlers__C)
                  00004378    00000004     release_pem4f.oem4f (.const:xdc_runtime_Text_charTab__C)
                  0000437c    00000004     release_pem4f.oem4f (.const:xdc_runtime_Text_nameEmpty__C)
                  00004380    00000004     release_pem4f.oem4f (.const:xdc_runtime_Text_nameStatic__C)
                  00004384    00000004     release_pem4f.oem4f (.const:xdc_runtime_Text_nameUnknown__C)
                  00004388    00000002     release_pem4f.oem4f (.const:ti_sysbios_family_arm_msp432_init_Boot_bypassHFXT__C)
                  0000438a    00000002     release_pem4f.oem4f (.const:ti_sysbios_family_arm_msp432_init_Boot_bypassLFXT__C)
                  0000438c    00000002     release_pem4f.oem4f (.const:ti_sysbios_family_arm_msp432_init_Boot_enableHFXT__C)
                  0000438e    00000002     release_pem4f.oem4f (.const:ti_sysbios_family_arm_msp432_init_Boot_enableLFXT__C)
                  00004390    00000002     release_pem4f.oem4f (.const:ti_sysbios_heaps_HeapMem_Module__id__C)
                  00004392    00000002     release_pem4f.oem4f (.const:xdc_runtime_Memory_Module__id__C)
                  00004394    00000002     release_pem4f.oem4f (.const:xdc_runtime_Text_charCnt__C)
                  00004396    00000002     release_pem4f.oem4f (.const:xdc_runtime_Text_isLoaded__C)
                  00004398    00000001     release_pem4f.oem4f (.const:xdc_runtime_Error_policy__C)
                  00004399    00000001     release_pem4f.oem4f (.const:xdc_runtime_Text_charTab__A)

.cinit     0    000043a0    00000220     
                  000043a0    000001fa     (.cinit..data.load) [load image, compression = lzss]
                  0000459a    00000002     --HOLE-- [fill = 0]
                  0000459c    0000000c     (__TI_handler_table)
                  000045a8    00000008     (.cinit..bss.load) [load image, compression = zero_init]
                  000045b0    00000010     (__TI_cinit_table)

.init_array 
*          0    00000000    00000000     UNINITIALIZED

.vecs      0    20000000    00000140     NOLOAD SECTION
                  20000000    00000140     release_pem4f.oem4f (.vecs)

.priheap   0    20000140    00008000     UNINITIALIZED
                  20000140    00008000     --HOLE--

.data      0    20008140    000005c5     UNINITIALIZED
                  20008140    000000d0     drivers_msp432p4xx.aem4f : PowerMSP432.oem4f (.data:PowerMSP432_perfLevels)
                  20008210    00000080                              : PWMTimerMSP432.oem4f (.data:pwmTimerStatus)
                  20008290    00000080     release_pem4f.oem4f (.data:ti_sysbios_knl_Swi_Module_State_0_readyQ__A)
                  20008310    00000080     release_pem4f.oem4f (.data:ti_sysbios_knl_Task_Module_State_0_readyQ__A)
                  20008390    0000004c     release_pem4f.oem4f (.data:ti_sysbios_family_arm_msp432_Timer_Object__table__V)
                  200083dc    0000004c     release_pem4f.oem4f (.data:ti_sysbios_knl_Task_Object__table__V)
                  20008428    00000044     sysbios.aem4f : BIOS.obj (.data:$O1$$)
                  2000846c    00000044     release_pem4f.oem4f (.data:ti_sysbios_knl_Task_Module__state__V)
                  200084b0    00000038     release_pem4f.oem4f (.data:ti_sysbios_gates_GateMutex_Object__table__V)
                  200084e8    00000034     release_pem4f.oem4f (.data:ti_sysbios_family_arm_m3_Hwi_Module__state__V)
                  2000851c    00000030     release_pem4f.oem4f (.data:ti_sysbios_knl_Swi_Object__table__V)
                  2000854c    0000002c     drivers_msp432p4xx.aem4f : PowerMSP432.oem4f (.data:PowerMSP432_module)
                  20008578    0000002c     release_pem4f.oem4f (.data:ti_sysbios_knl_Clock_Module__state__V)
                  200085a4    00000024     release_pem4f.oem4f (.data:ti_sysbios_BIOS_Module__state__V)
                  200085c8    00000020     release_pem4f.oem4f (.data:ti_sysbios_family_arm_msp432_Timer_Module_State_0_device__A)
                  200085e8    00000020     release_pem4f.oem4f (.data:xdc_runtime_Error_IgnoreBlock)
                  20008608    0000001c     release_pem4f.oem4f (.data:ti_sysbios_knl_Swi_Module__state__V)
                  20008624    00000018     release_pem4f.oem4f (.data:ti_sysbios_family_arm_m3_Hwi_Object__table__V)
                  2000863c    00000018     release_pem4f.oem4f (.data:ti_sysbios_heaps_HeapMem_Object__table__V)
                  20008654    00000010     release_pem4f.oem4f (.data:ti_sysbios_family_arm_msp432_Timer_Module_State_0_handles__A)
                  20008664    0000000c     MSP_EXP432P401R.obj (.data:gpioPinConfigs)
                  20008670    0000000c     release_pem4f.oem4f (.data:ti_sysbios_family_arm_msp432_ClockFreqs_Module__state__V)
                  2000867c    0000000c     release_pem4f.oem4f (.data:ti_sysbios_family_arm_msp432_Timer_Module__state__V)
                  20008688    00000008     rtsv7M4_T_le_v4SPD16_eabi.lib : _lock.obj (.data:$O1$$)
                  20008690    00000008     MSP_EXP432P401R.obj (.data:gpioCallbackFunctions)
                  20008698    00000008     release_pem4f.oem4f (.data:ti_sysbios_family_arm_m3_Hwi_Module__root__V)
                  200086a0    00000008     release_pem4f.oem4f (.data:ti_sysbios_gates_GateHwi_Module__root__V)
                  200086a8    00000008     release_pem4f.oem4f (.data:ti_sysbios_gates_GateMutex_Module__root__V)
                  200086b0    00000008     release_pem4f.oem4f (.data:ti_sysbios_heaps_HeapMem_Module__root__V)
                  200086b8    00000008     release_pem4f.oem4f (.data:ti_sysbios_knl_Queue_Module__root__V)
                  200086c0    00000008     release_pem4f.oem4f (.data:ti_sysbios_knl_Semaphore_Module__root__V)
                  200086c8    00000008     release_pem4f.oem4f (.data:ti_sysbios_knl_Task_Module__root__V)
                  200086d0    00000008     release_pem4f.oem4f (.data:xdc_runtime_Startup_Module__state__V)
                  200086d8    00000008     release_pem4f.oem4f (.data:xdc_runtime_System_Module_State_0_atexitHandlers__A)
                  200086e0    00000008     release_pem4f.oem4f (.data:xdc_runtime_System_Module__state__V)
                  200086e8    00000004     rtsv7M4_T_le_v4SPD16_eabi.lib : stkdepth_vars.obj (.data)
                  200086ec    00000004     release_pem4f.oem4f (.data:ti_sysbios_family_arm_m3_Hwi_Module_State_0_excContext__A)
                  200086f0    00000004     release_pem4f.oem4f (.data:ti_sysbios_family_arm_m3_Hwi_Module_State_0_excStack__A)
                  200086f4    00000004     release_pem4f.oem4f (.data:ti_sysbios_gates_GateHwi_Object__table__V)
                  200086f8    00000004     release_pem4f.oem4f (.data:ti_sysbios_knl_Task_Module_State_0_idleTask__A)
                  200086fc    00000004     release_pem4f.oem4f (.data:xdc_runtime_Memory_Module__state__V)
                  20008700    00000002     release_pem4f.oem4f (.data:ti_sysbios_family_arm_m3_Hwi_Module_State_0_excActive__A)
                  20008702    00000001     drivers_msp432p4xx.aem4f : GPIOMSP432.oem4f (.data)
                  20008703    00000001                              : PWM.oem4f (.data)
                  20008704    00000001     prjct_pwm_rtos.obj (.data)

.bss       0    20008708    00000463     UNINITIALIZED
                  20008708    00000200     release_pem4f.oem4f (.bss:taskStackSection)
                  20008908    00000140     (.common:ti_sysbios_family_arm_m3_Hwi_dispatchTable)
                  20008a48    000000b4     (.common:timerMSP432Objects)
                  20008afc    00000030     drivers_msp432p4xx.aem4f : GPIOMSP432.oem4f (.bss:gpioCallbackInfo)
                  20008b2c    00000030     (.common:pwmTimerMSP432Objects)
                  20008b5c    00000004     (.common:bluePWM)
                  20008b60    00000004     (.common:greenPWM)
                  20008b64    00000004     (.common:redPWM)
                  20008b68    00000003     prjct_pwm_rtos.obj (.bss)

.stack     0    2000fc00    00000400     UNINITIALIZED
                  2000fc00    00000400     --HOLE--

.bootVecs 
*          0    00000000    00000008     DSECT
                  00000000    00000008     boot.aem4f : boot.oem4f (.bootVecs)

xdc.meta   0    00000000    0000010e     COPY SECTION
                  00000000    0000010e     release_pem4f.oem4f (xdc.meta)

xdc.noload 
*          0    00000000    00000000     COPY SECTION

MODULE SUMMARY

       Module                     code    ro data   rw data
       ------                     ----    -------   -------
    .\
       prjct_pwm_rtos.obj         464     0         16     
       MSP_EXP432P401R.obj        8       116       248    
       main_tirtos.obj            104     0         0      
    +--+--------------------------+-------+---------+---------+
       Total:                     576     116       264    
                                                           
    C:\Users\James\Documents\RTOS_Workspace\tirtos_builds_MSP_EXP432P401R_release_ccs\Debug\configPkg\package\cfg\
       release_pem4f.oem4f        1206    1042      2146   
    +--+--------------------------+-------+---------+---------+
       Total:                     1206    1042      2146   
                                                           
    C:/ti/simplelink_msp432_sdk_1_30_00_40/kernel/tirtos/packages/ti/dpl/lib/dpl_msp432p4xx.aem4f
       PowerMSP432_tirtos.oem4f   126     0         0      
       HwiP_tirtos.oem4f          86      0         0      
    +--+--------------------------+-------+---------+---------+
       Total:                     212     0         0      
                                                           
    C:/ti/simplelink_msp432_sdk_1_30_00_40/source/ti/devices/msp432p4xx/driverlib/ccs/msp432p4xx_driverlib.lib
       cs.o                       260     0         0      
       sysctl.o                   48      0         0      
       cpu.o                      24      0         0      
    +--+--------------------------+-------+---------+---------+
       Total:                     332     0         0      
                                                           
    C:/ti/simplelink_msp432_sdk_1_30_00_40/source/ti/drivers/lib/drivers_msp432p4xx.aem4f
       PowerMSP432.oem4f          1572    0         252    
       PWMTimerMSP432.oem4f       1340    48        128    
       GPIOMSP432.oem4f           672     12        49     
       PWM.oem4f                  168     24        1      
       TimerMSP432.oem4f          104     0         0      
       List.oem4f                 8       0         0      
    +--+--------------------------+-------+---------+---------+
       Total:                     3864    84        430    
                                                           
    C:\Users\James\Documents\RTOS_Workspace\tirtos_builds_MSP_EXP432P401R_release_ccs\src\sysbios\sysbios.aem4f
       BIOS.obj                   7724    0         68     
       m3_Hwi_asm.obj             306     0         0      
       m3_TaskSupport_asm.obj     180     0         0      
       m3_Hwi_asm_switch.obj      118     0         0      
    +--+--------------------------+-------+---------+---------+
       Total:                     8328    0         68     
                                                           
    C:\ti\ccsv7\tools\compiler\ti-cgt-arm_16.9.1.LTS\lib\rtsv7M4_T_le_v4SPD16_eabi.lib
       ull_div_t2.obj             500     0         0      
       memcpy_t2.obj              156     0         0      
       memset_t2.obj              122     0         0      
       copy_decompress_lzss.obj   104     0         0      
       cpy_tbl.obj                76      0         0      
       _lock.obj                  20      0         8      
       args_main.obj              24      0         0      
       copy_decompress_none.obj   14      0         0      
       copy_zero_init.obj         12      0         0      
       stkdepth_vars.obj          0       0         4      
    +--+--------------------------+-------+---------+---------+
       Total:                     1028    0         12     
                                                           
    C:\ti\simplelink_msp432_sdk_1_30_00_40\kernel\tirtos\packages\ti\targets\arm\rtsarm\lib\auto_init.aem4f
       auto_init.oem4f            160     0         0      
    +--+--------------------------+-------+---------+---------+
       Total:                     160     0         0      
                                                           
    C:\ti\simplelink_msp432_sdk_1_30_00_40\kernel\tirtos\packages\ti\targets\arm\rtsarm\lib\boot.aem4f
       boot.oem4f                 88      0         0      
    +--+--------------------------+-------+---------+---------+
       Total:                     88      0         0      
                                                           
       Stack:                     0       0         1024   
       Linker Generated:          0       542       0      
    +--+--------------------------+-------+---------+---------+
       Grand Total:               15794   1784      3944   


LINKER GENERATED COPY TABLES

__TI_cinit_table @ 000045b0 records: 2, size/record: 8, table size: 16
	.data: load addr=000043a0, load size=000001fa bytes, run addr=20008140, run size=000005c5 bytes, compression=lzss
	.bss: load addr=000045a8, load size=00000008 bytes, run addr=20008708, run size=00000463 bytes, compression=zero_init


LINKER GENERATED HANDLER TABLE

__TI_handler_table @ 0000459c records: 3, size/record: 4, table size: 12
	index: 0, handler: __TI_decompress_lzss
	index: 1, handler: __TI_decompress_none
	index: 2, handler: __TI_zero_init


GLOBAL SYMBOLS: SORTED ALPHABETICALLY BY Name 

address   name                                                        
-------   ----                                                        
00004279  ADCBuf_count                                                
00004278  ADC_count                                                   
00003d4f  CPU_cpsid                                                   
00003d5b  CPU_cpsie                                                   
00000ec1  CS_initClockSignal                                          
00003611  CS_setDCOCenteredFrequency                                  
0000427a  Capture_count                                               
0000427b  Display_count                                               
00004240  GPIOMSP432_config                                           
000031b5  GPIO_enableInt                                              
000022b1  GPIO_hwiIntFxn                                              
0000237d  GPIO_init                                                   
000026c5  GPIO_setCallback                                            
00000505  GPIO_setConfig                                              
00008000  HEAPSIZE                                                    
00003d01  HwiP_Params_init                                            
00002cf7  HwiP_create                                                 
000007ad  HwiP_disable                                                
00003e81  HwiP_restore                                                
0000427d  I2CSlave_count                                              
0000427c  I2C_count                                                   
00000ce5  List_head                                                   
00001395  List_next                                                   
00003e4d  MSP_EXP432P401R_initGeneral                                 
00001df1  PWMTimerMSP432_close                                        
00003e71  PWMTimerMSP432_control                                      
000040b0  PWMTimerMSP432_fxnTable                                     
00001def  PWMTimerMSP432_init                                         
00000fa1  PWMTimerMSP432_open                                         
0000192d  PWMTimerMSP432_setDuty                                      
0000162d  PWMTimerMSP432_setPeriod                                    
0000210d  PWMTimerMSP432_start                                        
00001e69  PWMTimerMSP432_stop                                         
00003b29  PWM_Params_init                                             
00003fd8  PWM_config                                                  
0000427e  PWM_count                                                   
000041b0  PWM_defaultParams                                           
00002d3d  PWM_init                                                    
00002fe1  PWM_open                                                    
00003e25  PWM_setDuty                                                 
00003e2f  PWM_start                                                   
000041c8  PowerMSP432_config                                          
000023d9  PowerMSP432_getFreqs                                        
00001edf  PowerMSP432_initPolicy                                      
2000854c  PowerMSP432_module                                          
20008140  PowerMSP432_perfLevels                                      
0000286d  PowerMSP432_sleepPolicy                                     
000034b9  PowerMSP432_updateFreqs                                     
00003d69  Power_getConstraintMask                                     
00003d75  Power_getPerformanceLevel                                   
000039a5  Power_idleFunc                                              
00002719  Power_init                                                  
00002b8d  Power_releaseConstraint                                     
000030d5  Power_setConstraint                                         
00000041  Power_sleep                                                 
0000427f  SDSPI_count                                                 
UNDEFED   SHT$$INIT_ARRAY$$Base                                       
UNDEFED   SHT$$INIT_ARRAY$$Limit                                      
00004280  SPI_count                                                   
00003bcd  SysCtl_disableNMISource                                     
00003bdd  SysCtl_enableNMISource                                      
00003bed  SysCtl_getNMISourceStatus                                   
0000310d  TimerMSP432_allocateTimerResource                           
000031e5  TimerMSP432_freeTimerResource                               
00004281  Timer_count                                                 
00004282  UART_count                                                  
4000480c  WDTCTL_SYM                                                  
00004283  Watchdog_count                                              
00000000  __ASM__                                                     
0000008a  __ISA__                                                     
0000009d  __PLAT__                                                    
20010000  __STACK_END                                                 
00000400  __STACK_SIZE                                                
000000c0  __TARG__                                                    
000045b0  __TI_CINIT_Base                                             
000045c0  __TI_CINIT_Limit                                            
0000459c  __TI_Handler_Table_Base                                     
000045a8  __TI_Handler_Table_Limit                                    
0000158d  __TI_auto_init                                              
00002175  __TI_decompress_lzss                                        
00003d0f  __TI_decompress_none                                        
ffffffff  __TI_pprof_out_hndl                                         
ffffffff  __TI_prof_data_size                                         
ffffffff  __TI_prof_data_start                                        
000043a0  __TI_static_base__                                          
00003d81  __TI_zero_init                                              
000000e6  __TRDR__                                                    
00001d75  __aeabi_memclr                                              
00001d75  __aeabi_memclr4                                             
00001d75  __aeabi_memclr8                                             
000016c9  __aeabi_memcpy                                              
000016c9  __aeabi_memcpy4                                             
000016c9  __aeabi_memcpy8                                             
00001d77  __aeabi_memset                                              
00001d77  __aeabi_memset4                                             
00001d77  __aeabi_memset8                                             
00000311  __aeabi_uldivmod                                            
ffffffff  __binit__                                                   
ffffffff  __c_args__                                                  
20008140  __primary_heap_end__                                        
20000140  __primary_heap_start__                                      
2000fc00  __stack                                                     
000039f1  _args_main                                                  
00002615  _c_int00                                                    
20008688  _lock                                                       
00003b4b  _nop                                                        
000038d9  _pthread_cleanup_pop                                        
00001801  _pthread_removeThreadKeys                                   
00001cf9  _pthread_runStub                                            
00003b43  _register_lock                                              
00003b3d  _register_unlock                                            
2000868c  _unlock                                                     
ffffffff  binit                                                       
20008b5c  bluePWM                                                     
00001079  buttonInt                                                   
00002961  copy_in                                                     
20008690  gpioCallbackFunctions                                       
20008664  gpioPinConfigs                                              
20008b60  greenPWM                                                    
000021dd  main                                                        
00000ae9  mainThread                                                  
200086e8  main_func_sp                                                
000016c9  memcpy                                                      
00001d7d  memset                                                      
00003639  pthread_attr_init                                           
00003d21  pthread_attr_setdetachstate                                 
000039d9  pthread_attr_setschedparam                                  
00003e59  pthread_attr_setstacksize                                   
00000ce9  pthread_create                                              
00003d91  pthread_self                                                
000041e0  pwmTimerMSP432HWAttrs                                       
20008b2c  pwmTimerMSP432Objects                                       
20008b64  redPWM                                                      
200085a4  ti_sysbios_BIOS_Module__state__V                            
00003a81  ti_sysbios_BIOS_RtsGateProxy_Handle__label__S               
00001765  ti_sysbios_BIOS_RtsGateProxy_enter__E                       
00001895  ti_sysbios_BIOS_RtsGateProxy_leave__E                       
00003eb9  ti_sysbios_BIOS_RtsGateProxy_query__E                       
00003245  ti_sysbios_BIOS_atExitFunc__I                               
00003af9  ti_sysbios_BIOS_exitFunc__I                                 
00003c01  ti_sysbios_BIOS_exit__E                                     
00003ec9  ti_sysbios_BIOS_linkedWithIncorrectBootLibrary__E           
000022af  ti_sysbios_BIOS_nullFunc__I                                 
0000365d  ti_sysbios_BIOS_registerRTSLock__I                          
00003681  ti_sysbios_BIOS_removeRTSLock__I                            
000037b5  ti_sysbios_BIOS_rtsLock__I                                  
00003a09  ti_sysbios_BIOS_rtsUnlock__I                                
00003c11  ti_sysbios_BIOS_setCpuFreq__E                               
00003c21  ti_sysbios_BIOS_setThreadType__E                            
00003275  ti_sysbios_BIOS_startFunc__I                                
00003c31  ti_sysbios_BIOS_start__E                                    
000042b4  ti_sysbios_family_arm_m3_Hwi_E_alreadyDefined__C            
00003059  ti_sysbios_family_arm_m3_Hwi_Instance_finalize__E           
00001769  ti_sysbios_family_arm_m3_Hwi_Instance_init__E               
20008700  ti_sysbios_family_arm_m3_Hwi_Module_State_0_excActive__A    
200086ec  ti_sysbios_family_arm_m3_Hwi_Module_State_0_excContext__A   
200086f0  ti_sysbios_family_arm_m3_Hwi_Module_State_0_excStack__A     
00004266  ti_sysbios_family_arm_m3_Hwi_Module__id__C                  
20008698  ti_sysbios_family_arm_m3_Hwi_Module__root__V                
00003a21  ti_sysbios_family_arm_m3_Hwi_Module__startupDone__F         
00003a21  ti_sysbios_family_arm_m3_Hwi_Module__startupDone__S         
200084e8  ti_sysbios_family_arm_m3_Hwi_Module__state__V               
000028c1  ti_sysbios_family_arm_m3_Hwi_Module_startup__E              
000042b8  ti_sysbios_family_arm_m3_Hwi_NUM_INTERRUPTS__C              
000040d0  ti_sysbios_family_arm_m3_Hwi_Object__DESC__C                
00003f80  ti_sysbios_family_arm_m3_Hwi_Object__PARAMS__C              
000042bc  ti_sysbios_family_arm_m3_Hwi_Object__count__C               
00003b51  ti_sysbios_family_arm_m3_Hwi_Object__get__S                 
20008624  ti_sysbios_family_arm_m3_Hwi_Object__table__V               
00003d9d  ti_sysbios_family_arm_m3_Hwi_Params__init__S                
000042c0  ti_sysbios_family_arm_m3_Hwi_ccr__C                         
0000276d  ti_sysbios_family_arm_m3_Hwi_create                         
00003da9  ti_sysbios_family_arm_m3_Hwi_disableFxn__E                  
00002bd9  ti_sysbios_family_arm_m3_Hwi_disableInterrupt__E            
00002319  ti_sysbios_family_arm_m3_Hwi_dispatchC__I                   
20008908  ti_sysbios_family_arm_m3_Hwi_dispatchTable                  
00000dd5  ti_sysbios_family_arm_m3_Hwi_dispatch__I                    
00003e61  ti_sysbios_family_arm_m3_Hwi_doSwiRestore__I                
00003e79  ti_sysbios_family_arm_m3_Hwi_doTaskRestore__I               
00002c21  ti_sysbios_family_arm_m3_Hwi_enableInterrupt__E             
000037d5  ti_sysbios_family_arm_m3_Hwi_excHandlerAsm__I               
000042c4  ti_sysbios_family_arm_m3_Hwi_excHandlerFunc__C              
000037f9  ti_sysbios_family_arm_m3_Hwi_excHandler__I                  
00002d81  ti_sysbios_family_arm_m3_Hwi_getStackInfo__E                
00001899  ti_sysbios_family_arm_m3_Hwi_initNVIC__E                    
0000266d  ti_sysbios_family_arm_m3_Hwi_initStacks__E                  
000042c8  ti_sysbios_family_arm_m3_Hwi_nullIsrFunc__C                 
e000e000  ti_sysbios_family_arm_m3_Hwi_nvic                           
000035e9  ti_sysbios_family_arm_m3_Hwi_pendSV__I                      
00001b61  ti_sysbios_family_arm_m3_Hwi_postInit__I                    
000042cc  ti_sysbios_family_arm_m3_Hwi_priGroup__C                    
20000000  ti_sysbios_family_arm_m3_Hwi_ramVectors                     
00000000  ti_sysbios_family_arm_m3_Hwi_resetVectors                   
00003e81  ti_sysbios_family_arm_m3_Hwi_restoreFxn__E                  
0000360d  ti_sysbios_family_arm_m3_Hwi_return                         
00003e69  ti_sysbios_family_arm_m3_Hwi_startup__E                     
000042d0  ti_sysbios_family_arm_m3_Hwi_swiDisable__C                  
000042d4  ti_sysbios_family_arm_m3_Hwi_swiRestoreHwi__C               
00003b69  ti_sysbios_family_arm_m3_Hwi_switchFromBootStack__E         
00001ad5  ti_sysbios_family_arm_m3_TaskSupport_Module__startupDone__S 
000019bd  ti_sysbios_family_arm_m3_TaskSupport_buildTaskStack         
00003db9  ti_sysbios_family_arm_m3_TaskSupport_getStackAlignment__E   
00003c41  ti_sysbios_family_arm_m3_TaskSupport_glue                   
000042d8  ti_sysbios_family_arm_m3_TaskSupport_stackAlignment__C      
000032a9  ti_sysbios_family_arm_m3_TaskSupport_start__E               
00003a39  ti_sysbios_family_arm_m3_TaskSupport_swap__E                
20008670  ti_sysbios_family_arm_msp432_ClockFreqs_Module__state__V    
000036a9  ti_sysbios_family_arm_msp432_ClockFreqs_setFrequency__E     
00002dc9  ti_sysbios_family_arm_msp432_Seconds_Module_startup__E      
200085c8  ti_sysbios_family_arm_msp432_Timer_Module_State_0_device__A 
20008654  ti_sysbios_family_arm_msp432_Timer_Module_State_0_handles__A
00003a51  ti_sysbios_family_arm_msp432_Timer_Module__startupDone__F   
00003a51  ti_sysbios_family_arm_msp432_Timer_Module__startupDone__S   
2000867c  ti_sysbios_family_arm_msp432_Timer_Module__state__V         
00002f21  ti_sysbios_family_arm_msp432_Timer_Module_startup__E        
20008390  ti_sysbios_family_arm_msp432_Timer_Object__table__V         
00003dc9  ti_sysbios_family_arm_msp432_Timer_getMaxTicks__E           
000027c1  ti_sysbios_family_arm_msp432_Timer_initDevice__I            
000042dc  ti_sysbios_family_arm_msp432_Timer_numTimerDevices__C       
00001399  ti_sysbios_family_arm_msp432_Timer_periodicStub__E          
000029b1  ti_sysbios_family_arm_msp432_Timer_postInit__I              
00002a01  ti_sysbios_family_arm_msp432_Timer_start__E                 
000042e0  ti_sysbios_family_arm_msp432_Timer_startupNeeded__C         
00002f61  ti_sysbios_family_arm_msp432_Timer_startup__E               
00004388  ti_sysbios_family_arm_msp432_init_Boot_bypassHFXT__C        
0000438a  ti_sysbios_family_arm_msp432_init_Boot_bypassLFXT__C        
00000be9  ti_sysbios_family_arm_msp432_init_Boot_configureClocksHigh  
00003c51  ti_sysbios_family_arm_msp432_init_Boot_disableWatchdog      
0000438c  ti_sysbios_family_arm_msp432_init_Boot_enableHFXT__C        
0000438e  ti_sysbios_family_arm_msp432_init_Boot_enableLFXT__C        
0000398d  ti_sysbios_family_arm_msp432_init_Boot_init__I              
000038b7  ti_sysbios_family_xxx_Hwi_switchAndRunFunc                  
00003a69  ti_sysbios_gates_GateHwi_Handle__label__S                   
00003ed1  ti_sysbios_gates_GateHwi_Instance_init__E                   
00003ffc  ti_sysbios_gates_GateHwi_Module__FXNS__C                    
200086a0  ti_sysbios_gates_GateHwi_Module__root__V                    
000040f0  ti_sysbios_gates_GateHwi_Object__DESC__C                    
000041f8  ti_sysbios_gates_GateHwi_Object__PARAMS__C                  
000032d9  ti_sysbios_gates_GateHwi_Object__create__S                  
00003819  ti_sysbios_gates_GateHwi_Object__delete__S                  
200086f4  ti_sysbios_gates_GateHwi_Object__table__V                   
00003dd9  ti_sysbios_gates_GateHwi_enter__E                           
00003e89  ti_sysbios_gates_GateHwi_leave__E                           
00003eb1  ti_sysbios_gates_GateHwi_query__E                           
00003a81  ti_sysbios_gates_GateMutex_Handle__label__S                 
000042e4  ti_sysbios_gates_GateMutex_Instance_State_sem__O            
00003c61  ti_sysbios_gates_GateMutex_Instance_finalize__E             
000038f9  ti_sysbios_gates_GateMutex_Instance_init__E                 
00004020  ti_sysbios_gates_GateMutex_Module__FXNS__C                  
200086a8  ti_sysbios_gates_GateMutex_Module__root__V                  
00004110  ti_sysbios_gates_GateMutex_Object__DESC__C                  
00004210  ti_sysbios_gates_GateMutex_Object__PARAMS__C                
00003309  ti_sysbios_gates_GateMutex_Object__create__S                
000036cd  ti_sysbios_gates_GateMutex_Object__delete__S                
200084b0  ti_sysbios_gates_GateMutex_Object__table__V                 
00003339  ti_sysbios_gates_GateMutex_enter__E                         
00003a99  ti_sysbios_gates_GateMutex_leave__E                         
00003eb9  ti_sysbios_gates_GateMutex_query__E                         
00003a21  ti_sysbios_hal_Hwi_HwiProxy_Module__startupDone__S          
00003d9d  ti_sysbios_hal_Hwi_HwiProxy_Params__init__S                 
00002bd9  ti_sysbios_hal_Hwi_HwiProxy_disableInterrupt__E             
00003da9  ti_sysbios_hal_Hwi_HwiProxy_disable__E                      
00002c21  ti_sysbios_hal_Hwi_HwiProxy_enableInterrupt__E              
00002d81  ti_sysbios_hal_Hwi_HwiProxy_getStackInfo__E                 
00003e81  ti_sysbios_hal_Hwi_HwiProxy_restore__E                      
00003e69  ti_sysbios_hal_Hwi_HwiProxy_startup__E                      
00003b69  ti_sysbios_hal_Hwi_HwiProxy_switchFromBootStack__E          
00003ba9  ti_sysbios_hal_Hwi_Module_startup__E                        
00003181  ti_sysbios_hal_Hwi_initStack                                
000042e8  ti_sysbios_heaps_HeapMem_E_memory__C                        
00003ab1  ti_sysbios_heaps_HeapMem_Handle__label__S                   
00002fa1  ti_sysbios_heaps_HeapMem_Instance_init__E                   
00003a81  ti_sysbios_heaps_HeapMem_Module_GateProxy_Handle__label__S  
00001be5  ti_sysbios_heaps_HeapMem_Module_GateProxy_enter__E          
00001c6d  ti_sysbios_heaps_HeapMem_Module_GateProxy_leave__E          
00003eb9  ti_sysbios_heaps_HeapMem_Module_GateProxy_query__E          
00003fb0  ti_sysbios_heaps_HeapMem_Module__FXNS__C                    
000042ec  ti_sysbios_heaps_HeapMem_Module__gateObj__C                 
00004390  ti_sysbios_heaps_HeapMem_Module__id__C                      
200086b0  ti_sysbios_heaps_HeapMem_Module__root__V                    
00004130  ti_sysbios_heaps_HeapMem_Object__DESC__C                    
00004044  ti_sysbios_heaps_HeapMem_Object__PARAMS__C                  
000042f0  ti_sysbios_heaps_HeapMem_Object__count__C                   
00003369  ti_sysbios_heaps_HeapMem_Object__create__S                  
00003839  ti_sysbios_heaps_HeapMem_Object__delete__S                  
00003b7d  ti_sysbios_heaps_HeapMem_Object__get__S                     
2000863c  ti_sysbios_heaps_HeapMem_Object__table__V                   
00001149  ti_sysbios_heaps_HeapMem_alloc__E                           
00001be9  ti_sysbios_heaps_HeapMem_free__E                            
00002a51  ti_sysbios_heaps_HeapMem_getStats__E                        
00001ee1  ti_sysbios_heaps_HeapMem_initPrimary__I                     
00003e91  ti_sysbios_heaps_HeapMem_isBlocking__E                      
000042f4  ti_sysbios_heaps_HeapMem_primaryHeapBaseAddr__C             
000042f8  ti_sysbios_heaps_HeapMem_primaryHeapEndAddr__C              
000042fc  ti_sysbios_heaps_HeapMem_reqAlign__C                        
00004300  ti_sysbios_knl_Clock_Module_State_clockQ__O                 
20008578  ti_sysbios_knl_Clock_Module__state__V                       
000036f1  ti_sysbios_knl_Clock_Module_startup__E                      
00003a51  ti_sysbios_knl_Clock_TimerProxy_Module__startupDone__S      
00001cf5  ti_sysbios_knl_Clock_TimerProxy_getMaxTicks__E              
[...]
00003a51  ti_sysbios_knl_Clock_TimerProxy_Module__startupDone__S      
00003a69  ti_sysbios_gates_GateHwi_Handle__label__S                   
00003a69  xdc_runtime_Main_Module_GateProxy_Handle__label__S          
00003a69  xdc_runtime_System_Module_GateProxy_Handle__label__S        
00003a81  ti_sysbios_BIOS_RtsGateProxy_Handle__label__S               
00003a81  ti_sysbios_gates_GateMutex_Handle__label__S                 
00003a81  ti_sysbios_heaps_HeapMem_Module_GateProxy_Handle__label__S  
00003a99  ti_sysbios_gates_GateMutex_leave__E                         
00003ab1  ti_sysbios_heaps_HeapMem_Handle__label__S                   
00003ab1  xdc_runtime_Memory_HeapProxy_Handle__label__S               
00003ac9  xdc_runtime_Error_init__E                                   
00003ae1  xdc_runtime_System_exit__E                                  
00003af9  ti_sysbios_BIOS_exitFunc__I                                 
00003b11  ti_sysbios_knl_Task_unblock__E                              
00003b29  PWM_Params_init                                             
00003b3d  _register_unlock                                            
00003b43  _register_lock                                              
00003b4b  _nop                                                        
00003b51  ti_sysbios_family_arm_m3_Hwi_Object__get__S                 
00003b69  ti_sysbios_family_arm_m3_Hwi_switchFromBootStack__E         
00003b69  ti_sysbios_hal_Hwi_HwiProxy_switchFromBootStack__E          
00003b7d  ti_sysbios_heaps_HeapMem_Object__get__S                     
00003b91  ti_sysbios_knl_Swi_Object__get__S                           
00003ba9  ti_sysbios_hal_Hwi_Module_startup__E                        
00003bbb  xdc_runtime_Startup_exec__I                                 
00003bcd  SysCtl_disableNMISource                                     
00003bdd  SysCtl_enableNMISource                                      
00003bed  SysCtl_getNMISourceStatus                                   
00003c01  ti_sysbios_BIOS_exit__E                                     
00003c11  ti_sysbios_BIOS_setCpuFreq__E                               
00003c21  ti_sysbios_BIOS_setThreadType__E                            
00003c31  ti_sysbios_BIOS_start__E                                    
00003c41  ti_sysbios_family_arm_m3_TaskSupport_glue                   
00003c51  ti_sysbios_family_arm_msp432_init_Boot_disableWatchdog      
00003c61  ti_sysbios_gates_GateMutex_Instance_finalize__E             
00003c71  ti_sysbios_knl_Mailbox_Object__get__S                       
00003c81  ti_sysbios_knl_Semaphore_Instance_finalize__E               
00003c91  ti_sysbios_knl_Swi_disable__E                               
00003ca1  ti_sysbios_knl_Task_Object__get__S                          
00003cb1  ti_sysbios_knl_Task_disable__E                              
00003cc1  xdc_runtime_Gate_leaveSystem__E                             
00003cd1  xdc_runtime_Memory_free__E                                  
00003ce1  xdc_runtime_SysCallback_abort__E                            
00003ce1  xdc_runtime_System_SupportProxy_abort__E                    
00003cf1  xdc_runtime_SysCallback_exit__E                             
00003cf1  xdc_runtime_System_SupportProxy_exit__E                     
00003d01  HwiP_Params_init                                            
00003d0f  __TI_decompress_none                                        
00003d21  pthread_attr_setdetachstate                                 
00003d31  ti_sysbios_knl_Idle_loop__E                                 
00003d41  ti_sysbios_knl_Queue_empty__E                               
00003d4f  CPU_cpsid                                                   
00003d5b  CPU_cpsie                                                   
00003d69  Power_getConstraintMask                                     
00003d75  Power_getPerformanceLevel                                   
00003d81  __TI_zero_init                                              
00003d91  pthread_self                                                
00003d9d  ti_sysbios_family_arm_m3_Hwi_Params__init__S                
00003d9d  ti_sysbios_hal_Hwi_HwiProxy_Params__init__S                 
00003da9  ti_sysbios_family_arm_m3_Hwi_disableFxn__E                  
00003da9  ti_sysbios_hal_Hwi_HwiProxy_disable__E                      
00003db9  ti_sysbios_family_arm_m3_TaskSupport_getStackAlignment__E   
00003db9  ti_sysbios_knl_Task_SupportProxy_getStackAlignment__E       
00003dc9  ti_sysbios_family_arm_msp432_Timer_getMaxTicks__E           
00003dd9  ti_sysbios_gates_GateHwi_enter__E                           
00003de5  ti_sysbios_knl_Queue_Object__get__S                         
00003df1  ti_sysbios_knl_Semaphore_Params__init__S                    
00003dfd  ti_sysbios_knl_Task_Params__init__S                         
00003e09  xdc_runtime_Gate_enterSystem__E                             
00003e19  xdc_runtime_Startup_rtsDone__E                              
00003e25  PWM_setDuty                                                 
00003e2f  PWM_start                                                   
00003e39  xdc_runtime_Memory_HeapProxy_alloc__E                       
00003e43  xdc_runtime_Memory_HeapProxy_free__E                        
00003e4d  MSP_EXP432P401R_initGeneral                                 
00003e59  pthread_attr_setstacksize                                   
00003e61  ti_sysbios_family_arm_m3_Hwi_doSwiRestore__I                
00003e69  ti_sysbios_family_arm_m3_Hwi_startup__E                     
00003e69  ti_sysbios_hal_Hwi_HwiProxy_startup__E                      
00003e71  PWMTimerMSP432_control                                      
00003e79  ti_sysbios_family_arm_m3_Hwi_doTaskRestore__I               
00003e81  HwiP_restore                                                
00003e81  ti_sysbios_family_arm_m3_Hwi_restoreFxn__E                  
00003e81  ti_sysbios_hal_Hwi_HwiProxy_restore__E                      
00003e89  ti_sysbios_gates_GateHwi_leave__E                           
00003e91  ti_sysbios_heaps_HeapMem_isBlocking__E                      
00003e99  ti_sysbios_knl_Queue_Instance_init__E                       
00003ea1  ti_sysbios_knl_Swi_startup__E                               
00003ea9  xdc_runtime_System_Module_startup__E                        
00003eb1  ti_sysbios_gates_GateHwi_query__E                           
00003eb1  xdc_runtime_Main_Module_GateProxy_query__E                  
00003eb1  xdc_runtime_System_Module_GateProxy_query__E                
00003eb9  ti_sysbios_BIOS_RtsGateProxy_query__E                       
00003eb9  ti_sysbios_gates_GateMutex_query__E                         
00003eb9  ti_sysbios_heaps_HeapMem_Module_GateProxy_query__E          
00003ec1  ti_sysbios_knl_Task_startup__E                              
00003ec9  ti_sysbios_BIOS_linkedWithIncorrectBootLibrary__E           
00003ed1  ti_sysbios_gates_GateHwi_Instance_init__E                   
00003ed9  ti_sysbios_knl_Clock_logTick__E                             
00003ee1  xdc_runtime_SysCallback_defaultAbort                        
00003ee9  xdc_runtime_SysCallback_defaultExit                         
00003ef1  xdc_runtime_System_abortSpin__E                             
00003ef9  xdc_runtime_System_exitSpin__E                              
00003f44  ti_sysbios_knl_Task_Object__PARAMS__C                       
00003f80  ti_sysbios_family_arm_m3_Hwi_Object__PARAMS__C              
00003fb0  ti_sysbios_heaps_HeapMem_Module__FXNS__C                    
00003fd8  PWM_config                                                  
00003ffc  ti_sysbios_gates_GateHwi_Module__FXNS__C                    
00004020  ti_sysbios_gates_GateMutex_Module__FXNS__C                  
00004044  ti_sysbios_heaps_HeapMem_Object__PARAMS__C                  
00004068  ti_sysbios_knl_Semaphore_Object__PARAMS__C                  
0000408c  xdc_runtime_Startup_sfxnTab__A                              
000040b0  PWMTimerMSP432_fxnTable                                     
000040d0  ti_sysbios_family_arm_m3_Hwi_Object__DESC__C                
000040f0  ti_sysbios_gates_GateHwi_Object__DESC__C                    
00004110  ti_sysbios_gates_GateMutex_Object__DESC__C                  
00004130  ti_sysbios_heaps_HeapMem_Object__DESC__C                    
00004150  ti_sysbios_knl_Queue_Object__DESC__C                        
00004170  ti_sysbios_knl_Semaphore_Object__DESC__C                    
00004190  ti_sysbios_knl_Task_Object__DESC__C                         
000041b0  PWM_defaultParams                                           
000041c8  PowerMSP432_config                                          
000041e0  pwmTimerMSP432HWAttrs                                       
000041f8  ti_sysbios_gates_GateHwi_Object__PARAMS__C                  
00004210  ti_sysbios_gates_GateMutex_Object__PARAMS__C                
00004228  ti_sysbios_knl_Queue_Object__PARAMS__C                      
00004240  GPIOMSP432_config                                           
00004254  xdc_runtime_Startup_sfxnRts__A                              
00004266  ti_sysbios_family_arm_m3_Hwi_Module__id__C                  
00004278  ADC_count                                                   
00004279  ADCBuf_count                                                
0000427a  Capture_count                                               
0000427b  Display_count                                               
0000427c  I2C_count                                                   
0000427d  I2CSlave_count                                              
0000427e  PWM_count                                                   
0000427f  SDSPI_count                                                 
00004280  SPI_count                                                   
00004281  Timer_count                                                 
00004282  UART_count                                                  
00004283  Watchdog_count                                              
00004284  xdc_runtime_Startup_firstFxns__A                            
00004290  ti_sysbios_knl_Idle_funcList__C                             
00004298  xdc_runtime_Startup_firstFxns__C                            
000042a0  xdc_runtime_Startup_lastFxns__C                             
000042b4  ti_sysbios_family_arm_m3_Hwi_E_alreadyDefined__C            
000042b8  ti_sysbios_family_arm_m3_Hwi_NUM_INTERRUPTS__C              
000042bc  ti_sysbios_family_arm_m3_Hwi_Object__count__C               
000042c0  ti_sysbios_family_arm_m3_Hwi_ccr__C                         
000042c4  ti_sysbios_family_arm_m3_Hwi_excHandlerFunc__C              
000042c8  ti_sysbios_family_arm_m3_Hwi_nullIsrFunc__C                 
000042cc  ti_sysbios_family_arm_m3_Hwi_priGroup__C                    
000042d0  ti_sysbios_family_arm_m3_Hwi_swiDisable__C                  
000042d4  ti_sysbios_family_arm_m3_Hwi_swiRestoreHwi__C               
000042d8  ti_sysbios_family_arm_m3_TaskSupport_stackAlignment__C      
000042dc  ti_sysbios_family_arm_msp432_Timer_numTimerDevices__C       
000042e0  ti_sysbios_family_arm_msp432_Timer_startupNeeded__C         
000042e4  ti_sysbios_gates_GateMutex_Instance_State_sem__O            
000042e8  ti_sysbios_heaps_HeapMem_E_memory__C                        
000042ec  ti_sysbios_heaps_HeapMem_Module__gateObj__C                 
000042f0  ti_sysbios_heaps_HeapMem_Object__count__C                   
000042f4  ti_sysbios_heaps_HeapMem_primaryHeapBaseAddr__C             
000042f8  ti_sysbios_heaps_HeapMem_primaryHeapEndAddr__C              
000042fc  ti_sysbios_heaps_HeapMem_reqAlign__C                        
00004300  ti_sysbios_knl_Clock_Module_State_clockQ__O                 
00004304  ti_sysbios_knl_Idle_funcList__A                             
00004308  ti_sysbios_knl_Mailbox_Instance_State_freeQue__O            
0000430c  ti_sysbios_knl_Mailbox_Object__count__C                     
00004310  ti_sysbios_knl_Mailbox_maxTypeAlign__C                      
00004314  ti_sysbios_knl_Semaphore_Instance_State_pendQ__O            
00004318  ti_sysbios_knl_Swi_Object__count__C                         
0000431c  ti_sysbios_knl_Task_Module_State_inactiveQ__O               
00004320  ti_sysbios_knl_Task_Object__count__C                        
00004324  ti_sysbios_knl_Task_Object__heap__C                         
00004328  ti_sysbios_knl_Task_allBlockedFunc__C                       
0000432c  ti_sysbios_knl_Task_defaultStackHeap__C                     
00004330  ti_sysbios_knl_Task_defaultStackSize__C                     
00004334  ti_sysbios_knl_Task_numConstructedTasks__C                  
00004338  xdc_runtime_Error_E_memory__C                               
0000433c  xdc_runtime_Error_policyFxn__C                              
00004340  xdc_runtime_IGateProvider_Interface__BASE__C                
00004344  xdc_runtime_IHeap_Interface__BASE__C                        
00004348  xdc_runtime_IModule_Interface__BASE__C                      
0000434c  xdc_runtime_Memory_defaultHeapInstance__C                   
00004350  xdc_runtime_Startup_execImpl__C                             
00004354  xdc_runtime_Startup_maxPasses__C                            
00004358  xdc_runtime_Startup_sfxnRts__C                              
0000435c  xdc_runtime_Startup_sfxnTab__C                              
00004360  xdc_runtime_SysCallback_abortFxn__C                         
00004364  xdc_runtime_SysCallback_exitFxn__C                          
00004368  xdc_runtime_System_Module__gateObj__C                       
0000436c  xdc_runtime_System_abortFxn__C                              
00004370  xdc_runtime_System_exitFxn__C                               
00004374  xdc_runtime_System_maxAtexitHandlers__C                     
00004378  xdc_runtime_Text_charTab__C                                 
0000437c  xdc_runtime_Text_nameEmpty__C                               
00004380  xdc_runtime_Text_nameStatic__C                              
00004384  xdc_runtime_Text_nameUnknown__C                             
00004388  ti_sysbios_family_arm_msp432_init_Boot_bypassHFXT__C        
0000438a  ti_sysbios_family_arm_msp432_init_Boot_bypassLFXT__C        
0000438c  ti_sysbios_family_arm_msp432_init_Boot_enableHFXT__C        
0000438e  ti_sysbios_family_arm_msp432_init_Boot_enableLFXT__C        
00004390  ti_sysbios_heaps_HeapMem_Module__id__C                      
00004392  xdc_runtime_Memory_Module__id__C                            
00004394  xdc_runtime_Text_charCnt__C                                 
00004396  xdc_runtime_Text_isLoaded__C                                
00004398  xdc_runtime_Error_policy__C                                 
00004399  xdc_runtime_Text_charTab__A                                 
000043a0  __TI_static_base__                                          
0000459c  __TI_Handler_Table_Base                                     
000045a8  __TI_Handler_Table_Limit                                    
000045b0  __TI_CINIT_Base                                             
000045c0  __TI_CINIT_Limit                                            
00008000  HEAPSIZE                                                    
20000000  ti_sysbios_family_arm_m3_Hwi_ramVectors                     
20000140  __primary_heap_start__                                      
20008140  PowerMSP432_perfLevels                                      
20008140  __primary_heap_end__                                        
20008290  ti_sysbios_knl_Swi_Module_State_0_readyQ__A                 
20008310  ti_sysbios_knl_Task_Module_State_0_readyQ__A                
20008390  ti_sysbios_family_arm_msp432_Timer_Object__table__V         
200083dc  ti_sysbios_knl_Task_Object__table__V                        
2000846c  ti_sysbios_knl_Task_Module__state__V                        
200084b0  ti_sysbios_gates_GateMutex_Object__table__V                 
200084e8  ti_sysbios_family_arm_m3_Hwi_Module__state__V               
2000851c  ti_sysbios_knl_Swi_Object__table__V                         
2000854c  PowerMSP432_module                                          
20008578  ti_sysbios_knl_Clock_Module__state__V                       
200085a4  ti_sysbios_BIOS_Module__state__V                            
200085c8  ti_sysbios_family_arm_msp432_Timer_Module_State_0_device__A 
200085e8  xdc_runtime_Error_IgnoreBlock                               
20008608  ti_sysbios_knl_Swi_Module__state__V                         
20008624  ti_sysbios_family_arm_m3_Hwi_Object__table__V               
2000863c  ti_sysbios_heaps_HeapMem_Object__table__V                   
20008654  ti_sysbios_family_arm_msp432_Timer_Module_State_0_handles__A
20008664  gpioPinConfigs                                              
20008670  ti_sysbios_family_arm_msp432_ClockFreqs_Module__state__V    
2000867c  ti_sysbios_family_arm_msp432_Timer_Module__state__V         
20008688  _lock                                                       
2000868c  _unlock                                                     
20008690  gpioCallbackFunctions                                       
20008698  ti_sysbios_family_arm_m3_Hwi_Module__root__V                
200086a0  ti_sysbios_gates_GateHwi_Module__root__V                    
200086a8  ti_sysbios_gates_GateMutex_Module__root__V                  
200086b0  ti_sysbios_heaps_HeapMem_Module__root__V                    
200086b8  ti_sysbios_knl_Queue_Module__root__V                        
200086c0  ti_sysbios_knl_Semaphore_Module__root__V                    
200086c8  ti_sysbios_knl_Task_Module__root__V                         
200086d0  xdc_runtime_Startup_Module__state__V                        
200086d8  xdc_runtime_System_Module_State_0_atexitHandlers__A         
200086e0  xdc_runtime_System_Module__state__V                         
200086e8  main_func_sp                                                
200086ec  ti_sysbios_family_arm_m3_Hwi_Module_State_0_excContext__A   
200086f0  ti_sysbios_family_arm_m3_Hwi_Module_State_0_excStack__A     
200086f4  ti_sysbios_gates_GateHwi_Object__table__V                   
200086f8  ti_sysbios_knl_Task_Module_State_0_idleTask__A              
200086fc  xdc_runtime_Memory_Module__state__V                         
20008700  ti_sysbios_family_arm_m3_Hwi_Module_State_0_excActive__A    
20008708  ti_sysbios_knl_Task_Instance_State_0_stack__A               
20008908  ti_sysbios_family_arm_m3_Hwi_dispatchTable                  
20008a48  timerMSP432Objects                                          
20008b2c  pwmTimerMSP432Objects                                       
20008b5c  bluePWM                                                     
20008b60  greenPWM                                                    
20008b64  redPWM                                                      
2000fc00  __stack                                                     
20010000  __STACK_END                                                 
4000480c  WDTCTL_SYM                                                  
e000e000  ti_sysbios_family_arm_m3_Hwi_nvic                           
ffffffff  __TI_pprof_out_hndl                                         
ffffffff  __TI_prof_data_size                                         
ffffffff  __TI_prof_data_start                                        
ffffffff  __binit__                                                   
ffffffff  __c_args__                                                  
ffffffff  binit                                                       
UNDEFED   SHT$$INIT_ARRAY$$Base                                       
UNDEFED   SHT$$INIT_ARRAY$$Limit                                      

[467 symbols]
