******************************************************************************
                  TI ARM Linker PC v16.9.1                     
******************************************************************************
>> Linked Thu Mar 16 15:34:21 2017

OUTPUT FILE NAME:   <Prjct_PWM_RTOS.out>
ENTRY POINT SYMBOL: "_c_int00"  address: 0000276d


MEMORY CONFIGURATION

         name            origin    length      used     unused   attr    fill
----------------------  --------  ---------  --------  --------  ----  --------
  MAIN                  00000000   00040000  00004798  0003b868  R  X
  INFO                  00200000   00004000  00000000  00004000  R  X
  SRAM_CODE             01000000   00010000  00000000  00010000  RW X
  SRAM_DATA             20000000   00010000  00008ed8  00007128  RW  


SEGMENT ALLOCATION MAP

run origin  load origin   length   init length attrs members
----------  ----------- ---------- ----------- ----- -------
00000000    00000000    000047a0   000047a0    r-x
  00000000    00000000    0000003c   0000003c    r-- .resetVecs
  00000040    00000040    00004092   00004092    r-x .text
  000040d4    000040d4    000004a2   000004a2    r-- .const
  00004578    00004578    00000228   00000228    r-- .cinit
20000140    20000140    00008000   00000000    r--
  20000140    20000140    00008000   00000000    r-- .priheap
20008140    20008140    0000099b   00000000    rw-
  20008140    20008140    000005c5   00000000    rw- .data
  20008708    20008708    000003d3   00000000    rw- .bss
2000fc00    2000fc00    00000400   00000000    rw-
  2000fc00    2000fc00    00000400   00000000    rw- .stack


SECTION ALLOCATION MAP

 output                                  attributes/
section   page    origin      length       input sections
--------  ----  ----------  ----------   ----------------
.text      0    00000040    00004092     
                  00000040    000002d0     drivers_msp432p4xx.aem4f : PowerMSP432.oem4f (.text:Power_sleep)
                  00000310    000001f4     rtsv7M4_T_le_v4SPD16_eabi.lib : ull_div_t2.obj (.text)
                  00000504    0000015c     drivers_msp432p4xx.aem4f : GPIOMSP432.oem4f (.text:GPIO_setConfig)
                  00000660    0000014c                              : PowerMSP432.oem4f (.text:initPerfControl)
                  000007ac    0000013c     prjct_pwm_rtos.obj (.text:mainThread)
                  000008e8    00000130     sysbios.aem4f : BIOS.obj (.text:ti_sysbios_knl_Semaphore_pend__E)
                  00000a18    00000108                   : BIOS.obj (.text:xdc_runtime_Startup_startMods__I)
                  00000b20    00000100     drivers_msp432p4xx.aem4f : PWMTimerMSP432.oem4f (.text:initHw)
                  00000c20    000000fc     sysbios.aem4f : BIOS.obj (.text:ti_sysbios_family_arm_msp432_init_Boot_configureClocksHigh)
                  00000d1c    00000004     dpl_msp432p4xx.aem4f : HwiP_tirtos.oem4f (.text:HwiP_disable)
                  00000d20    000000ec     sysbios.aem4f : BIOS.obj (.text:pthread_create)
                  00000e0c    000000ec                   : m3_Hwi_asm.obj (.text:ti_sysbios_family_arm_m3_Hwi_dispatch__I)
                  00000ef8    000000e0     msp432p4xx_driverlib.lib : cs.o (.text:CS_initClockSignal)
                  00000fd8    000000d8     drivers_msp432p4xx.aem4f : PWMTimerMSP432.oem4f (.text:PWMTimerMSP432_open)
                  000010b0    000000d0     prjct_pwm_rtos.obj (.text:buttonInt)
                  00001180    000000d0     sysbios.aem4f : BIOS.obj (.text:ti_sysbios_heaps_HeapMem_alloc__E)
                  00001250    000000c4                   : BIOS.obj (.text:ti_sysbios_knl_Task_sleep__E)
                  00001314    00000004     drivers_msp432p4xx.aem4f : List.oem4f (.text:List_head)
                  00001318    000000c0     sysbios.aem4f : BIOS.obj (.text:ti_sysbios_knl_Task_Instance_init__E)
                  000013d8    000000bc                   : BIOS.obj (.text:ti_sysbios_knl_Task_Instance_finalize__E)
                  00001494    00000004     drivers_msp432p4xx.aem4f : List.oem4f (.text:List_next)
                  00001498    000000a8     sysbios.aem4f : BIOS.obj (.text:ti_sysbios_family_arm_msp432_Timer_periodicStub__E)
                  00001540    000000a8                   : BIOS.obj (.text:xdc_runtime_Core_createObject__I)
                  000015e8    000000a4                   : BIOS.obj (.text:ti_sysbios_knl_Task_setPri__E)
                  0000168c    000000a0     auto_init.aem4f : auto_init.oem4f (.text)
                  0000172c    0000009c     drivers_msp432p4xx.aem4f : PWMTimerMSP432.oem4f (.text:PWMTimerMSP432_setPeriod)
                  000017c8    0000009c     rtsv7M4_T_le_v4SPD16_eabi.lib : memcpy_t2.obj (.text)
                  00001864    00000004     release_pem4f.oem4f (.text:ti_sysbios_BIOS_RtsGateProxy_enter__E)
                  00001868    00000098     sysbios.aem4f : BIOS.obj (.text:ti_sysbios_family_arm_m3_Hwi_Instance_init__E)
                  00001900    00000094                   : BIOS.obj (.text:_pthread_removeThreadKeys)
                  00001994    00000004     release_pem4f.oem4f (.text:ti_sysbios_BIOS_RtsGateProxy_leave__E)
                  00001998    00000094     sysbios.aem4f : BIOS.obj (.text:ti_sysbios_family_arm_m3_Hwi_initNVIC__E)
                  00001a2c    00000090     drivers_msp432p4xx.aem4f : PWMTimerMSP432.oem4f (.text:PWMTimerMSP432_setDuty)
                  00001abc    0000008c     sysbios.aem4f : m3_TaskSupport_asm.obj (.text:ti_sysbios_family_arm_m3_TaskSupport_buildTaskStack)
                  00001b48    0000008c                   : BIOS.obj (.text:ti_sysbios_knl_Task_postInit__I)
                  00001bd4    00000004     release_pem4f.oem4f (.text:ti_sysbios_family_arm_m3_TaskSupport_Module__startupDone__S)
                  00001bd8    00000088     sysbios.aem4f : BIOS.obj (.text:xdc_runtime_Memory_alloc__E)
                  00001c60    00000084                   : BIOS.obj (.text:ti_sysbios_family_arm_m3_Hwi_postInit__I)
                  00001ce4    00000004     release_pem4f.oem4f (.text:ti_sysbios_heaps_HeapMem_Module_GateProxy_enter__E)
                  00001ce8    00000084     sysbios.aem4f : BIOS.obj (.text:ti_sysbios_heaps_HeapMem_free__E)
                  00001d6c    00000004     release_pem4f.oem4f (.text:ti_sysbios_heaps_HeapMem_Module_GateProxy_leave__E)
                  00001d70    00000084     sysbios.aem4f : BIOS.obj (.text:xdc_runtime_Core_constructObject__I)
                  00001df4    00000004     release_pem4f.oem4f (.text:ti_sysbios_knl_Clock_TimerProxy_getMaxTicks__E)
                  00001df8    0000007c     sysbios.aem4f : BIOS.obj (.text:_pthread_runStub)
                  00001e74    0000007a     rtsv7M4_T_le_v4SPD16_eabi.lib : memset_t2.obj (.text)
                  00001eee    00000002     drivers_msp432p4xx.aem4f : PWMTimerMSP432.oem4f (.text:PWMTimerMSP432_init)
                  00001ef0    00000078                              : PWMTimerMSP432.oem4f (.text:PWMTimerMSP432_close)
                  00001f68    00000076                              : PWMTimerMSP432.oem4f (.text:PWMTimerMSP432_stop)
                  00001fde    00000002     dpl_msp432p4xx.aem4f : PowerMSP432_tirtos.oem4f (.text:PowerMSP432_initPolicy)
                  00001fe0    00000070     sysbios.aem4f : BIOS.obj (.text:ti_sysbios_heaps_HeapMem_initPrimary__I)
                  00002050    00000070                   : BIOS.obj (.text:ti_sysbios_knl_Semaphore_post__E)
                  000020c0    00000070                   : BIOS.obj (.text:ti_sysbios_knl_Task_exit__E)
                  00002130    0000006c                   : BIOS.obj (.text:ti_sysbios_knl_Clock_workFunc__E)
                  0000219c    00000004     release_pem4f.oem4f (.text:xdc_runtime_System_Module_GateProxy_enter__E)
                  000021a0    0000006c     sysbios.aem4f : BIOS.obj (.text:ti_sysbios_knl_Swi_restoreHwi__E)
                  0000220c    00000068     drivers_msp432p4xx.aem4f : PWMTimerMSP432.oem4f (.text:PWMTimerMSP432_start)
                  00002274    00000068     rtsv7M4_T_le_v4SPD16_eabi.lib : copy_decompress_lzss.obj (.text:decompress:lzss)
                  000022dc    00000068     main_tirtos.obj (.text:main)
                  00002344    00000004     release_pem4f.oem4f (.text:xdc_runtime_System_Module_GateProxy_leave__E)
                  00002348    00000066     sysbios.aem4f : BIOS.obj (.text:xdc_runtime_Core_deleteObject__I)
                  000023ae    00000002     release_pem4f.oem4f (.text:ti_sysbios_BIOS_nullFunc__I)
                  000023b0    00000064     drivers_msp432p4xx.aem4f : GPIOMSP432.oem4f (.text:GPIO_hwiIntFxn)
                  00002414    00000004     --HOLE-- [fill = 0]
                  00002418    00000064     sysbios.aem4f : BIOS.obj (.text:ti_sysbios_family_arm_m3_Hwi_dispatchC__I)
                  0000247c    0000005c     drivers_msp432p4xx.aem4f : GPIOMSP432.oem4f (.text:GPIO_init)
                  000024d8    0000005c                              : GPIOMSP432.oem4f (.text:GPIO_write)
                  00002534    0000005c                              : PowerMSP432.oem4f (.text:PowerMSP432_getFreqs)
                  00002590    0000005c     sysbios.aem4f : BIOS.obj (.text:ti_sysbios_knl_Swi_run__I)
                  000025ec    00000004     --HOLE-- [fill = 0]
                  000025f0    0000005c                   : BIOS.obj (.text:ti_sysbios_knl_Swi_schedule__I)
                  0000264c    00000004     --HOLE-- [fill = 0]
                  00002650    0000005c                   : BIOS.obj (.text:ti_sysbios_knl_Task_Module_startup__E)
                  000026ac    00000004     --HOLE-- [fill = 0]
                  000026b0    0000005c                   : BIOS.obj (.text:ti_sysbios_knl_Task_startCore__E)
                  0000270c    00000004     --HOLE-- [fill = 0]
                  00002710    0000005c                   : BIOS.obj (.text:xdc_runtime_Startup_exec__E)
                  0000276c    00000058     boot.aem4f : boot.oem4f (.text)
                  000027c4    00000058     sysbios.aem4f : m3_Hwi_asm_switch.obj (.text:ti_sysbios_family_arm_m3_Hwi_initStacks__E)
                  0000281c    00000054     drivers_msp432p4xx.aem4f : GPIOMSP432.oem4f (.text:GPIO_setCallback)
                  00002870    00000054                              : PowerMSP432.oem4f (.text:Power_init)
                  000028c4    00000054     release_pem4f.oem4f (.text:ti_sysbios_family_arm_m3_Hwi_create)
                  00002918    00000054     sysbios.aem4f : BIOS.obj (.text:ti_sysbios_family_arm_msp432_Timer_initDevice__I)
                  0000296c    00000004     --HOLE-- [fill = 0]
                  00002970    00000054                   : BIOS.obj (.text:xdc_runtime_Core_assignLabel__I)
                  000029c4    00000050     dpl_msp432p4xx.aem4f : PowerMSP432_tirtos.oem4f (.text:PowerMSP432_sleepPolicy)
                  00002a14    00000004     --HOLE-- [fill = 0]
                  00002a18    00000050     sysbios.aem4f : BIOS.obj (.text:ti_sysbios_family_arm_m3_Hwi_Module_startup__E)
                  00002a68    00000050     release_pem4f.oem4f (.text:ti_sysbios_knl_Task_create)
                  00002ab8    0000004c     rtsv7M4_T_le_v4SPD16_eabi.lib : cpy_tbl.obj (.text)
                  00002b04    00000004     --HOLE-- [fill = 0]
                  00002b08    0000004c     sysbios.aem4f : BIOS.obj (.text:ti_sysbios_family_arm_msp432_Timer_postInit__I)
                  00002b54    00000004     --HOLE-- [fill = 0]
                  00002b58    0000004c                   : BIOS.obj (.text:ti_sysbios_family_arm_msp432_Timer_start__E)
                  00002ba4    00000004     --HOLE-- [fill = 0]
                  00002ba8    0000004c                   : BIOS.obj (.text:ti_sysbios_heaps_HeapMem_getStats__E)
                  00002bf4    00000004     --HOLE-- [fill = 0]
                  00002bf8    0000004c                   : BIOS.obj (.text:ti_sysbios_knl_Swi_runLoop__I)
                  00002c44    00000004     --HOLE-- [fill = 0]
                  00002c48    0000004c                   : BIOS.obj (.text:ti_sysbios_knl_Task_allBlockedFunction__I)
                  00002c94    00000004     --HOLE-- [fill = 0]
                  00002c98    0000004c                   : BIOS.obj (.text:ti_sysbios_knl_Task_schedule__I)
                  00002ce4    00000048     drivers_msp432p4xx.aem4f : PowerMSP432.oem4f (.text:Power_releaseConstraint)
                  00002d2c    00000004     --HOLE-- [fill = 0]
                  00002d30    00000048     sysbios.aem4f : BIOS.obj (.text:ti_sysbios_family_arm_m3_Hwi_disableInterrupt__E)
                  00002d78    00000048                   : BIOS.obj (.text:ti_sysbios_family_arm_m3_Hwi_enableInterrupt__E)
                  00002dc0    00000048                   : BIOS.obj (.text:ti_sysbios_knl_Mailbox_Module_startup__E)
                  00002e08    00000046                   : BIOS.obj (.text:xdc_runtime_Core_assignParams__I)
                  00002e4e    00000044     dpl_msp432p4xx.aem4f : HwiP_tirtos.oem4f (.text:HwiP_create)
                  00002e92    00000002     --HOLE-- [fill = 0]
                  00002e94    00000044     drivers_msp432p4xx.aem4f : PWM.oem4f (.text:PWM_init)
                  00002ed8    00000044     sysbios.aem4f : BIOS.obj (.text:ti_sysbios_family_arm_m3_Hwi_getStackInfo__E)
                  00002f1c    00000004     --HOLE-- [fill = 0]
                  00002f20    00000044                   : BIOS.obj (.text:ti_sysbios_family_arm_msp432_Seconds_Module_startup__E)
                  00002f64    00000004     --HOLE-- [fill = 0]
                  00002f68    00000044                   : BIOS.obj (.text:ti_sysbios_knl_Swi_post__E)
                  00002fac    00000004     --HOLE-- [fill = 0]
                  00002fb0    00000044                   : BIOS.obj (.text:xdc_runtime_System_atexit__E)
                  00002ff4    00000040     drivers_msp432p4xx.aem4f : PowerMSP432.oem4f (.text:notify)
                  00003034    00000040                              : PowerMSP432.oem4f (.text:restartHFXT)
                  00003074    00000004     --HOLE-- [fill = 0]
                  00003078    00000040     sysbios.aem4f : BIOS.obj (.text:ti_sysbios_family_arm_msp432_Timer_Module_startup__E)
                  000030b8    00000040                   : BIOS.obj (.text:ti_sysbios_family_arm_msp432_Timer_startup__E)
                  000030f8    00000040                   : BIOS.obj (.text:ti_sysbios_heaps_HeapMem_Instance_init__E)
                  00003138    0000003c     drivers_msp432p4xx.aem4f : PWM.oem4f (.text:PWM_open)
                  00003174    0000003c                              : PWMTimerMSP432.oem4f (.text:getPeriodCounts)
                  000031b0    0000003c     sysbios.aem4f : BIOS.obj (.text:ti_sysbios_family_arm_m3_Hwi_Instance_finalize__E)
                  000031ec    00000004     --HOLE-- [fill = 0]
                  000031f0    0000003c                   : BIOS.obj (.text:ti_sysbios_knl_Swi_restore__E)
                  0000322c    00000038     drivers_msp432p4xx.aem4f : GPIOMSP432.oem4f (.text:GPIO_toggle)
                  00003264    00000038                              : PowerMSP432.oem4f (.text:Power_setConstraint)
                  0000329c    00000038                              : TimerMSP432.oem4f (.text:TimerMSP432_allocateTimerResource)
                  000032d4    00000038                              : PWMTimerMSP432.oem4f (.text:getDutyCounts)
                  0000330c    00000004     --HOLE-- [fill = 0]
                  00003310    00000032     sysbios.aem4f : BIOS.obj (.text:ti_sysbios_hal_Hwi_initStack)
                  00003342    00000002     --HOLE-- [fill = 0]
                  00003344    00000030     drivers_msp432p4xx.aem4f : GPIOMSP432.oem4f (.text:GPIO_enableInt)
                  00003374    00000030                              : TimerMSP432.oem4f (.text:TimerMSP432_freeTimerResource)
                  000033a4    00000030                              : PWMTimerMSP432.oem4f (.text:mapPin)
                  000033d4    00000030     release_pem4f.oem4f (.text:ti_sysbios_BIOS_atExitFunc__I)
                  00003404    00000030     release_pem4f.oem4f (.text:ti_sysbios_BIOS_startFunc__I)
                  00003434    00000004     --HOLE-- [fill = 0]
                  00003438    00000030     sysbios.aem4f : BIOS.obj (.text:ti_sysbios_family_arm_m3_TaskSupport_start__E)
                  00003468    00000030     release_pem4f.oem4f (.text:ti_sysbios_gates_GateHwi_Object__create__S)
                  00003498    00000030     release_pem4f.oem4f (.text:ti_sysbios_gates_GateMutex_Object__create__S)
                  000034c8    00000030     sysbios.aem4f : BIOS.obj (.text:ti_sysbios_gates_GateMutex_enter__E)
                  000034f8    00000030     release_pem4f.oem4f (.text:ti_sysbios_heaps_HeapMem_Object__create__S)
                  00003528    00000030     sysbios.aem4f : BIOS.obj (.text:ti_sysbios_knl_Mailbox_postInit__I)
                  00003558    00000030     release_pem4f.oem4f (.text:ti_sysbios_knl_Semaphore_construct)
                  00003588    00000030     sysbios.aem4f : BIOS.obj (.text:ti_sysbios_knl_Semaphore_pendTimeout__I)
                  000035b8    00000030                   : BIOS.obj (.text:ti_sysbios_knl_Task_processVitalTaskFlag__I)
                  000035e8    00000030                   : BIOS.obj (.text:ti_sysbios_knl_Task_unblockI__E)
                  00003618    00000030                   : BIOS.obj (.text:xdc_runtime_System_processAtExit__E)
                  00003648    0000002c     dpl_msp432p4xx.aem4f : PowerMSP432_tirtos.oem4f (.text:PowerMSP432_updateFreqs)
                  00003674    0000002c     release_pem4f.oem4f (.text:ti_sysbios_knl_Clock_doTick__I)
                  000036a0    0000002c     release_pem4f.oem4f (.text:ti_sysbios_knl_Queue_construct)
                  000036cc    00000004     --HOLE-- [fill = 0]
                  000036d0    0000002c     sysbios.aem4f : BIOS.obj (.text:ti_sysbios_knl_Task_restore__E)
                  000036fc    00000028     drivers_msp432p4xx.aem4f : PowerMSP432.oem4f (.text:disableHFXT)
                  00003724    00000004     --HOLE-- [fill = 0]
                  00003728    00000028     sysbios.aem4f : BIOS.obj (.text:ti_sysbios_knl_Clock_addI__E)
                  00003750    00000028                   : BIOS.obj (.text:ti_sysbios_knl_Swi_Module_startup__E)
                  00003778    00000026                   : m3_Hwi_asm.obj (.text:ti_sysbios_family_arm_m3_Hwi_pendSV__I)
                  0000379e    00000002     --HOLE-- [fill = 0]
                  000037a0    00000024     msp432p4xx_driverlib.lib : cs.o (.text:CS_setDCOCenteredFrequency)
                  000037c4    00000004     --HOLE-- [fill = 0]
                  000037c8    00000024     sysbios.aem4f : BIOS.obj (.text:pthread_attr_init)
                  000037ec    00000024     release_pem4f.oem4f (.text:ti_sysbios_BIOS_registerRTSLock__I)
                  00003810    00000024     release_pem4f.oem4f (.text:ti_sysbios_BIOS_removeRTSLock__I)
                  00003834    00000004     --HOLE-- [fill = 0]
                  00003838    00000024     sysbios.aem4f : BIOS.obj (.text:ti_sysbios_family_arm_msp432_ClockFreqs_setFrequency__E)
                  0000385c    00000024     release_pem4f.oem4f (.text:ti_sysbios_gates_GateMutex_Object__delete__S)
                  00003880    00000024     sysbios.aem4f : BIOS.obj (.text:ti_sysbios_knl_Clock_Module_startup__E)
                  000038a4    00000004     --HOLE-- [fill = 0]
                  000038a8    00000024                   : BIOS.obj (.text:ti_sysbios_knl_Semaphore_Instance_init__E)
                  000038cc    00000004     --HOLE-- [fill = 0]
                  000038d0    00000024                   : BIOS.obj (.text:ti_sysbios_knl_Task_restoreHwi__E)
                  000038f4    00000004     --HOLE-- [fill = 0]
                  000038f8    00000024                   : BIOS.obj (.text:xdc_runtime_Error_policyMin__E)
                  0000391c    00000004     --HOLE-- [fill = 0]
                  00003920    00000024                   : BIOS.obj (.text:xdc_runtime_System_abort__E)
                  00003944    00000004     --HOLE-- [fill = 0]
                  00003948    00000020                   : BIOS.obj (.text:sleep)
                  00003968    00000020     release_pem4f.oem4f (.text:ti_sysbios_BIOS_rtsLock__I)
                  00003988    00000020     sysbios.aem4f : m3_Hwi_asm.obj (.text:ti_sysbios_family_arm_m3_Hwi_excHandlerAsm__I)
                  000039a8    00000020                   : BIOS.obj (.text:ti_sysbios_family_arm_m3_Hwi_excHandler__I)
                  000039c8    00000020     release_pem4f.oem4f (.text:ti_sysbios_gates_GateHwi_Object__delete__S)
                  000039e8    00000020     release_pem4f.oem4f (.text:ti_sysbios_heaps_HeapMem_Object__delete__S)
                  00003a08    00000020     sysbios.aem4f : BIOS.obj (.text:ti_sysbios_knl_Idle_run__E)
                  00003a28    00000020     release_pem4f.oem4f (.text:ti_sysbios_knl_Semaphore_destruct)
                  00003a48    0000001e     drivers_msp432p4xx.aem4f : PWMTimerMSP432.oem4f (.text:corroboratePeriod)
                  00003a66    0000001e     sysbios.aem4f : m3_Hwi_asm_switch.obj (.text:ti_sysbios_family_xxx_Hwi_switchAndRunFunc)
                  00003a84    00000004     --HOLE-- [fill = 0]
                  00003a88    0000001c                   : BIOS.obj (.text:_pthread_cleanup_pop)
                  00003aa4    00000004     --HOLE-- [fill = 0]
                  00003aa8    0000001c                   : BIOS.obj (.text:ti_sysbios_gates_GateMutex_Instance_init__E)
                  00003ac4    0000001c     release_pem4f.oem4f (.text:ti_sysbios_knl_Queue_destruct)
                  00003ae0    0000001c     sysbios.aem4f : BIOS.obj (.text:ti_sysbios_knl_Queue_put__E)
                  00003afc    00000004     --HOLE-- [fill = 0]
                  00003b00    0000001c                   : BIOS.obj (.text:ti_sysbios_knl_Task_enter__I)
                  00003b1c    00000004     --HOLE-- [fill = 0]
                  00003b20    0000001c                   : BIOS.obj (.text:xdc_runtime_Memory_valloc__E)
                  00003b3c    00000018     release_pem4f.oem4f (.text:.bootCodeSection:ti_sysbios_family_arm_msp432_init_Boot_init__I)
                  00003b54    00000018     drivers_msp432p4xx.aem4f : PowerMSP432.oem4f (.text:Power_idleFunc)
                  00003b6c    00000018                              : PWMTimerMSP432.oem4f (.text:corroborateDuty)
                  00003b84    00000004     --HOLE-- [fill = 0]
                  00003b88    00000018     sysbios.aem4f : BIOS.obj (.text:pthread_attr_setschedparam)
                  00003ba0    00000018     rtsv7M4_T_le_v4SPD16_eabi.lib : args_main.obj (.text)
                  00003bb8    00000018     release_pem4f.oem4f (.text:ti_sysbios_BIOS_rtsUnlock__I)
                  00003bd0    00000018     release_pem4f.oem4f (.text:ti_sysbios_family_arm_m3_Hwi_Module__startupDone__F)
                  00003be8    00000018     sysbios.aem4f : m3_TaskSupport_asm.obj (.text:ti_sysbios_family_arm_m3_TaskSupport_swap__E)
                  00003c00    00000018     release_pem4f.oem4f (.text:ti_sysbios_family_arm_msp432_Timer_Module__startupDone__F)
                  00003c18    00000018     release_pem4f.oem4f (.text:ti_sysbios_gates_GateHwi_Handle__label__S)
                  00003c30    00000018     release_pem4f.oem4f (.text:ti_sysbios_gates_GateMutex_Handle__label__S)
                  00003c48    00000018     sysbios.aem4f : BIOS.obj (.text:ti_sysbios_gates_GateMutex_leave__E)
                  00003c60    00000018     release_pem4f.oem4f (.text:ti_sysbios_heaps_HeapMem_Handle__label__S)
                  00003c78    00000018     sysbios.aem4f : BIOS.obj (.text:ti_sysbios_knl_Task_sleepTimeout__I)
                  00003c90    00000018                   : BIOS.obj (.text:xdc_runtime_Error_init__E)
                  00003ca8    00000018                   : BIOS.obj (.text:xdc_runtime_System_exit__E)
                  00003cc0    00000016     release_pem4f.oem4f (.text:ti_sysbios_BIOS_exitFunc__I)
                  00003cd6    00000002     --HOLE-- [fill = 0]
                  00003cd8    00000016     sysbios.aem4f : BIOS.obj (.text:ti_sysbios_knl_Task_unblock__E)
                  00003cee    00000002     --HOLE-- [fill = 0]
                  00003cf0    00000014     drivers_msp432p4xx.aem4f : PWM.oem4f (.text:PWM_Params_init)
                  00003d04    00000014     rtsv7M4_T_le_v4SPD16_eabi.lib : _lock.obj (.text)
                  00003d18    00000014     release_pem4f.oem4f (.text:ti_sysbios_family_arm_m3_Hwi_Object__get__S)
                  00003d2c    00000004     --HOLE-- [fill = 0]
                  00003d30    00000014     sysbios.aem4f : BIOS.obj (.text:ti_sysbios_family_arm_m3_Hwi_switchFromBootStack__E)
                  00003d44    00000014     release_pem4f.oem4f (.text:ti_sysbios_heaps_HeapMem_Object__get__S)
                  00003d58    00000014     release_pem4f.oem4f (.text:ti_sysbios_knl_Swi_Object__get__S)
                  00003d6c    00000004     --HOLE-- [fill = 0]
                  00003d70    00000012     sysbios.aem4f : BIOS.obj (.text:ti_sysbios_hal_Hwi_Module_startup__E)
                  00003d82    00000012     prjct_pwm_rtos.obj (.text:timerCallback)
                  00003d94    00000012     release_pem4f.oem4f (.text:xdc_runtime_Startup_exec__I)
                  00003da6    00000002     --HOLE-- [fill = 0]
                  00003da8    00000010     msp432p4xx_driverlib.lib : sysctl.o (.text:SysCtl_disableNMISource)
                  00003db8    00000010                              : sysctl.o (.text:SysCtl_enableNMISource)
                  00003dc8    00000010                              : sysctl.o (.text:SysCtl_getNMISourceStatus)
                  00003dd8    00000010     sysbios.aem4f : BIOS.obj (.text:ti_sysbios_BIOS_exit__E)
                  00003de8    00000010                   : BIOS.obj (.text:ti_sysbios_BIOS_setCpuFreq__E)
                  00003df8    00000010                   : BIOS.obj (.text:ti_sysbios_BIOS_setThreadType__E)
                  00003e08    00000010                   : BIOS.obj (.text:ti_sysbios_BIOS_start__E)
                  00003e18    00000010                   : m3_TaskSupport_asm.obj (.text:ti_sysbios_family_arm_m3_TaskSupport_glue)
                  00003e28    00000010                   : BIOS.obj (.text:ti_sysbios_family_arm_msp432_init_Boot_disableWatchdog)
                  00003e38    00000010                   : BIOS.obj (.text:ti_sysbios_gates_GateMutex_Instance_finalize__E)
                  00003e48    00000010     release_pem4f.oem4f (.text:ti_sysbios_knl_Mailbox_Object__get__S)
                  00003e58    00000010     sysbios.aem4f : BIOS.obj (.text:ti_sysbios_knl_Semaphore_Instance_finalize__E)
                  00003e68    00000010                   : BIOS.obj (.text:ti_sysbios_knl_Swi_disable__E)
                  00003e78    00000010     release_pem4f.oem4f (.text:ti_sysbios_knl_Task_Object__get__S)
                  00003e88    00000010     sysbios.aem4f : BIOS.obj (.text:ti_sysbios_knl_Task_disable__E)
                  00003e98    00000010                   : BIOS.obj (.text:xdc_runtime_Gate_leaveSystem__E)
                  00003ea8    00000010                   : BIOS.obj (.text:xdc_runtime_Memory_free__E)
                  00003eb8    00000010                   : BIOS.obj (.text:xdc_runtime_SysCallback_abort__E)
                  00003ec8    00000010                   : BIOS.obj (.text:xdc_runtime_SysCallback_exit__E)
                  00003ed8    0000000e     dpl_msp432p4xx.aem4f : HwiP_tirtos.oem4f (.text:HwiP_Params_init)
                  00003ee6    0000000e     rtsv7M4_T_le_v4SPD16_eabi.lib : copy_decompress_none.obj (.text:decompress:none)
                  00003ef4    00000004     --HOLE-- [fill = 0]
                  00003ef8    0000000e     sysbios.aem4f : BIOS.obj (.text:pthread_attr_setdetachstate)
                  00003f06    00000002     --HOLE-- [fill = 0]
                  00003f08    0000000e                   : BIOS.obj (.text:ti_sysbios_knl_Idle_loop__E)
                  00003f16    00000002     --HOLE-- [fill = 0]
                  00003f18    0000000e                   : BIOS.obj (.text:ti_sysbios_knl_Queue_empty__E)
                  00003f26    0000000c     msp432p4xx_driverlib.lib : cpu.o (.text:CPU_cpsid)
                  00003f32    0000000c                              : cpu.o (.text:CPU_cpsie)
                  00003f3e    00000002     --HOLE-- [fill = 0]
                  00003f40    0000000c     drivers_msp432p4xx.aem4f : PowerMSP432.oem4f (.text:Power_getConstraintMask)
                  00003f4c    0000000c                              : PowerMSP432.oem4f (.text:Power_getPerformanceLevel)
                  00003f58    0000000c     rtsv7M4_T_le_v4SPD16_eabi.lib : copy_zero_init.obj (.text:decompress:ZI)
                  00003f64    00000004     --HOLE-- [fill = 0]
                  00003f68    0000000c     sysbios.aem4f : BIOS.obj (.text:pthread_self)
                  00003f74    0000000c     release_pem4f.oem4f (.text:ti_sysbios_family_arm_m3_Hwi_Params__init__S)
                  00003f80    0000000c     sysbios.aem4f : BIOS.obj (.text:ti_sysbios_family_arm_m3_Hwi_disableFxn__E)
                  00003f8c    00000004     --HOLE-- [fill = 0]
                  00003f90    0000000c                   : BIOS.obj (.text:ti_sysbios_family_arm_m3_TaskSupport_getStackAlignment__E)
                  00003f9c    00000004     --HOLE-- [fill = 0]
                  00003fa0    0000000c                   : BIOS.obj (.text:ti_sysbios_family_arm_msp432_Timer_getMaxTicks__E)
                  00003fac    00000004     --HOLE-- [fill = 0]
                  00003fb0    0000000c                   : BIOS.obj (.text:ti_sysbios_gates_GateHwi_enter__E)
                  00003fbc    0000000c     release_pem4f.oem4f (.text:ti_sysbios_knl_Queue_Object__get__S)
                  00003fc8    0000000c     release_pem4f.oem4f (.text:ti_sysbios_knl_Semaphore_Params__init__S)
                  00003fd4    0000000c     release_pem4f.oem4f (.text:ti_sysbios_knl_Task_Params__init__S)
                  00003fe0    0000000c     sysbios.aem4f : BIOS.obj (.text:xdc_runtime_Gate_enterSystem__E)
                  00003fec    00000004     --HOLE-- [fill = 0]
                  00003ff0    0000000c                   : BIOS.obj (.text:xdc_runtime_Startup_rtsDone__E)
                  00003ffc    0000000a     drivers_msp432p4xx.aem4f : PWM.oem4f (.text:PWM_setDuty)
                  00004006    0000000a                              : PWM.oem4f (.text:PWM_start)
                  00004010    0000000a     release_pem4f.oem4f (.text:xdc_runtime_IHeap_alloc)
                  0000401a    0000000a     release_pem4f.oem4f (.text:xdc_runtime_IHeap_free)
                  00004024    00000008     MSP_EXP432P401R.obj (.text:MSP_EXP432P401R_initGeneral)
                  0000402c    00000004     --HOLE-- [fill = 0]
                  00004030    00000008     sysbios.aem4f : BIOS.obj (.text:pthread_attr_setstacksize)
                  00004038    00000008                   : BIOS.obj (.text:ti_sysbios_family_arm_m3_Hwi_doSwiRestore__I)
                  00004040    00000008                   : BIOS.obj (.text:ti_sysbios_family_arm_m3_Hwi_startup__E)
                  00004048    00000006     drivers_msp432p4xx.aem4f : PWMTimerMSP432.oem4f (.text:PWMTimerMSP432_control)
                  0000404e    00000002     --HOLE-- [fill = 0]
                  00004050    00000006     sysbios.aem4f : BIOS.obj (.text:ti_sysbios_family_arm_m3_Hwi_doTaskRestore__I)
                  00004056    00000002     --HOLE-- [fill = 0]
                  00004058    00000006                   : BIOS.obj (.text:ti_sysbios_family_arm_m3_Hwi_restoreFxn__E)
                  0000405e    00000002     --HOLE-- [fill = 0]
                  00004060    00000006                   : BIOS.obj (.text:ti_sysbios_gates_GateHwi_leave__E)
                  00004066    00000002     --HOLE-- [fill = 0]
                  00004068    00000006                   : BIOS.obj (.text:ti_sysbios_heaps_HeapMem_isBlocking__E)
                  0000406e    00000002     --HOLE-- [fill = 0]
                  00004070    00000006                   : BIOS.obj (.text:ti_sysbios_knl_Queue_Instance_init__E)
                  00004076    00000002     --HOLE-- [fill = 0]
                  00004078    00000006                   : BIOS.obj (.text:ti_sysbios_knl_Swi_startup__E)
                  0000407e    00000002     --HOLE-- [fill = 0]
                  00004080    00000006                   : BIOS.obj (.text:xdc_runtime_System_Module_startup__E)
                  00004086    00000002     --HOLE-- [fill = 0]
                  00004088    00000004                   : BIOS.obj (.text:ti_sysbios_gates_GateHwi_query__E)
                  0000408c    00000004     --HOLE-- [fill = 0]
                  00004090    00000004                   : BIOS.obj (.text:ti_sysbios_gates_GateMutex_query__E)
                  00004094    00000004     --HOLE-- [fill = 0]
                  00004098    00000004                   : BIOS.obj (.text:ti_sysbios_knl_Task_startup__E)
                  0000409c    00000004     --HOLE-- [fill = 0]
                  000040a0    00000002                   : BIOS.obj (.text:ti_sysbios_BIOS_linkedWithIncorrectBootLibrary__E)
                  000040a2    00000006     --HOLE-- [fill = 0]
                  000040a8    00000002                   : BIOS.obj (.text:ti_sysbios_gates_GateHwi_Instance_init__E)
                  000040aa    00000006     --HOLE-- [fill = 0]
                  000040b0    00000002                   : BIOS.obj (.text:ti_sysbios_knl_Clock_logTick__E)
                  000040b2    00000006     --HOLE-- [fill = 0]
                  000040b8    00000002                   : BIOS.obj (.text:xdc_runtime_SysCallback_defaultAbort)
                  000040ba    00000006     --HOLE-- [fill = 0]
                  000040c0    00000002                   : BIOS.obj (.text:xdc_runtime_SysCallback_defaultExit)
                  000040c2    00000006     --HOLE-- [fill = 0]
                  000040c8    00000002                   : BIOS.obj (.text:xdc_runtime_System_abortSpin__E)
                  000040ca    00000006     --HOLE-- [fill = 0]
                  000040d0    00000002                   : BIOS.obj (.text:xdc_runtime_System_exitSpin__E)

.resetVecs 
*          0    00000000    0000003c     
                  00000000    0000003c     release_pem4f.oem4f (.resetVecs)

.binit     0    00000000    00000000     

.const     0    000040d4    000004a2     
                  000040d4    00000048     release_pem4f.oem4f (.const:.string)
                  0000411c    0000003c     release_pem4f.oem4f (.const:ti_sysbios_knl_Task_Object__PARAMS__C)
                  00004158    00000030     release_pem4f.oem4f (.const:ti_sysbios_family_arm_m3_Hwi_Object__PARAMS__C)
                  00004188    00000028     release_pem4f.oem4f (.const:ti_sysbios_heaps_HeapMem_Module__FXNS__C)
                  000041b0    00000024     MSP_EXP432P401R.obj (.const:PWM_config)
                  000041d4    00000024     release_pem4f.oem4f (.const:ti_sysbios_gates_GateHwi_Module__FXNS__C)
                  000041f8    00000024     release_pem4f.oem4f (.const:ti_sysbios_gates_GateMutex_Module__FXNS__C)
                  0000421c    00000024     release_pem4f.oem4f (.const:ti_sysbios_heaps_HeapMem_Object__PARAMS__C)
                  00004240    00000024     release_pem4f.oem4f (.const:ti_sysbios_knl_Semaphore_Object__PARAMS__C)
                  00004264    00000024     release_pem4f.oem4f (.const:xdc_runtime_Startup_sfxnTab__A)
                  00004288    00000020     drivers_msp432p4xx.aem4f : PWMTimerMSP432.oem4f (.const:PWMTimerMSP432_fxnTable)
                  000042a8    00000020     release_pem4f.oem4f (.const:ti_sysbios_family_arm_m3_Hwi_Object__DESC__C)
                  000042c8    00000020     release_pem4f.oem4f (.const:ti_sysbios_gates_GateHwi_Object__DESC__C)
                  000042e8    00000020     release_pem4f.oem4f (.const:ti_sysbios_gates_GateMutex_Object__DESC__C)
                  00004308    00000020     release_pem4f.oem4f (.const:ti_sysbios_heaps_HeapMem_Object__DESC__C)
                  00004328    00000020     release_pem4f.oem4f (.const:ti_sysbios_knl_Queue_Object__DESC__C)
                  00004348    00000020     release_pem4f.oem4f (.const:ti_sysbios_knl_Semaphore_Object__DESC__C)
                  00004368    00000020     release_pem4f.oem4f (.const:ti_sysbios_knl_Task_Object__DESC__C)
                  00004388    00000018     drivers_msp432p4xx.aem4f : PWM.oem4f (.const:PWM_defaultParams)
                  000043a0    00000018     MSP_EXP432P401R.obj (.const:PowerMSP432_config)
                  000043b8    00000018     MSP_EXP432P401R.obj (.const:pwmTimerMSP432HWAttrs)
                  000043d0    00000018     release_pem4f.oem4f (.const:ti_sysbios_gates_GateHwi_Object__PARAMS__C)
                  000043e8    00000018     release_pem4f.oem4f (.const:ti_sysbios_gates_GateMutex_Object__PARAMS__C)
                  00004400    00000018     release_pem4f.oem4f (.const:ti_sysbios_knl_Queue_Object__PARAMS__C)
                  00004418    00000014     MSP_EXP432P401R.obj (.const:GPIOMSP432_config)
                  0000442c    00000012     release_pem4f.oem4f (.const:xdc_runtime_Startup_sfxnRts__A)
                  0000443e    00000002     release_pem4f.oem4f (.const:ti_sysbios_family_arm_m3_Hwi_Module__id__C)
                  00004440    00000010     drivers_msp432p4xx.aem4f : PWMTimerMSP432.oem4f (.const:pwmTimerBaseAddr)
                  00004450    0000000c     MSP_EXP432P401R.obj (.const)
                  0000445c    0000000c     release_pem4f.oem4f (.const:xdc_runtime_Startup_firstFxns__A)
                  00004468    00000008     release_pem4f.oem4f (.const:ti_sysbios_knl_Idle_funcList__C)
                  00004470    00000008     release_pem4f.oem4f (.const:xdc_runtime_Startup_firstFxns__C)
                  00004478    00000008     release_pem4f.oem4f (.const:xdc_runtime_Startup_lastFxns__C)
                  00004480    00000006     drivers_msp432p4xx.aem4f : GPIOMSP432.oem4f (.const:.string:interruptType)
                  00004486    00000006                              : GPIOMSP432.oem4f (.const:.string:portInterruptIds)
                  0000448c    00000004     release_pem4f.oem4f (.const:ti_sysbios_family_arm_m3_Hwi_E_alreadyDefined__C)
                  00004490    00000004     release_pem4f.oem4f (.const:ti_sysbios_family_arm_m3_Hwi_NUM_INTERRUPTS__C)
                  00004494    00000004     release_pem4f.oem4f (.const:ti_sysbios_family_arm_m3_Hwi_Object__count__C)
                  00004498    00000004     release_pem4f.oem4f (.const:ti_sysbios_family_arm_m3_Hwi_ccr__C)
                  0000449c    00000004     release_pem4f.oem4f (.const:ti_sysbios_family_arm_m3_Hwi_excHandlerFunc__C)
                  000044a0    00000004     release_pem4f.oem4f (.const:ti_sysbios_family_arm_m3_Hwi_nullIsrFunc__C)
                  000044a4    00000004     release_pem4f.oem4f (.const:ti_sysbios_family_arm_m3_Hwi_priGroup__C)
                  000044a8    00000004     release_pem4f.oem4f (.const:ti_sysbios_family_arm_m3_Hwi_swiDisable__C)
                  000044ac    00000004     release_pem4f.oem4f (.const:ti_sysbios_family_arm_m3_Hwi_swiRestoreHwi__C)
                  000044b0    00000004     release_pem4f.oem4f (.const:ti_sysbios_family_arm_m3_TaskSupport_stackAlignment__C)
                  000044b4    00000004     release_pem4f.oem4f (.const:ti_sysbios_family_arm_msp432_Timer_numTimerDevices__C)
                  000044b8    00000004     release_pem4f.oem4f (.const:ti_sysbios_family_arm_msp432_Timer_startupNeeded__C)
                  000044bc    00000004     release_pem4f.oem4f (.const:ti_sysbios_gates_GateMutex_Instance_State_sem__O)
                  000044c0    00000004     release_pem4f.oem4f (.const:ti_sysbios_heaps_HeapMem_E_memory__C)
                  000044c4    00000004     release_pem4f.oem4f (.const:ti_sysbios_heaps_HeapMem_Module__gateObj__C)
                  000044c8    00000004     release_pem4f.oem4f (.const:ti_sysbios_heaps_HeapMem_Object__count__C)
                  000044cc    00000004     release_pem4f.oem4f (.const:ti_sysbios_heaps_HeapMem_primaryHeapBaseAddr__C)
                  000044d0    00000004     release_pem4f.oem4f (.const:ti_sysbios_heaps_HeapMem_primaryHeapEndAddr__C)
                  000044d4    00000004     release_pem4f.oem4f (.const:ti_sysbios_heaps_HeapMem_reqAlign__C)
                  000044d8    00000004     release_pem4f.oem4f (.const:ti_sysbios_knl_Clock_Module_State_clockQ__O)
                  000044dc    00000004     release_pem4f.oem4f (.const:ti_sysbios_knl_Clock_tickPeriod__C)
                  000044e0    00000004     release_pem4f.oem4f (.const:ti_sysbios_knl_Idle_funcList__A)
                  000044e4    00000004     release_pem4f.oem4f (.const:ti_sysbios_knl_Mailbox_Instance_State_freeQue__O)
                  000044e8    00000004     release_pem4f.oem4f (.const:ti_sysbios_knl_Mailbox_Object__count__C)
                  000044ec    00000004     release_pem4f.oem4f (.const:ti_sysbios_knl_Mailbox_maxTypeAlign__C)
                  000044f0    00000004     release_pem4f.oem4f (.const:ti_sysbios_knl_Semaphore_Instance_State_pendQ__O)
                  000044f4    00000004     release_pem4f.oem4f (.const:ti_sysbios_knl_Swi_Object__count__C)
                  000044f8    00000004     release_pem4f.oem4f (.const:ti_sysbios_knl_Task_Module_State_inactiveQ__O)
                  000044fc    00000004     release_pem4f.oem4f (.const:ti_sysbios_knl_Task_Object__count__C)
                  00004500    00000004     release_pem4f.oem4f (.const:ti_sysbios_knl_Task_Object__heap__C)
                  00004504    00000004     release_pem4f.oem4f (.const:ti_sysbios_knl_Task_allBlockedFunc__C)
                  00004508    00000004     release_pem4f.oem4f (.const:ti_sysbios_knl_Task_defaultStackHeap__C)
                  0000450c    00000004     release_pem4f.oem4f (.const:ti_sysbios_knl_Task_defaultStackSize__C)
                  00004510    00000004     release_pem4f.oem4f (.const:ti_sysbios_knl_Task_numConstructedTasks__C)
                  00004514    00000004     release_pem4f.oem4f (.const:xdc_runtime_Error_E_memory__C)
                  00004518    00000004     release_pem4f.oem4f (.const:xdc_runtime_Error_policyFxn__C)
                  0000451c    00000004     release_pem4f.oem4f (.const:xdc_runtime_IGateProvider_Interface__BASE__C)
                  00004520    00000004     release_pem4f.oem4f (.const:xdc_runtime_IHeap_Interface__BASE__C)
                  00004524    00000004     release_pem4f.oem4f (.const:xdc_runtime_IModule_Interface__BASE__C)
                  00004528    00000004     release_pem4f.oem4f (.const:xdc_runtime_Memory_defaultHeapInstance__C)
                  0000452c    00000004     release_pem4f.oem4f (.const:xdc_runtime_Startup_execImpl__C)
                  00004530    00000004     release_pem4f.oem4f (.const:xdc_runtime_Startup_maxPasses__C)
                  00004534    00000004     release_pem4f.oem4f (.const:xdc_runtime_Startup_sfxnRts__C)
                  00004538    00000004     release_pem4f.oem4f (.const:xdc_runtime_Startup_sfxnTab__C)
                  0000453c    00000004     release_pem4f.oem4f (.const:xdc_runtime_SysCallback_abortFxn__C)
                  00004540    00000004     release_pem4f.oem4f (.const:xdc_runtime_SysCallback_exitFxn__C)
                  00004544    00000004     release_pem4f.oem4f (.const:xdc_runtime_System_Module__gateObj__C)
                  00004548    00000004     release_pem4f.oem4f (.const:xdc_runtime_System_abortFxn__C)
                  0000454c    00000004     release_pem4f.oem4f (.const:xdc_runtime_System_exitFxn__C)
                  00004550    00000004     release_pem4f.oem4f (.const:xdc_runtime_System_maxAtexitHandlers__C)
                  00004554    00000004     release_pem4f.oem4f (.const:xdc_runtime_Text_charTab__C)
                  00004558    00000004     release_pem4f.oem4f (.const:xdc_runtime_Text_nameEmpty__C)
                  0000455c    00000004     release_pem4f.oem4f (.const:xdc_runtime_Text_nameStatic__C)
                  00004560    00000004     release_pem4f.oem4f (.const:xdc_runtime_Text_nameUnknown__C)
                  00004564    00000002     release_pem4f.oem4f (.const:ti_sysbios_family_arm_msp432_init_Boot_bypassHFXT__C)
                  00004566    00000002     release_pem4f.oem4f (.const:ti_sysbios_family_arm_msp432_init_Boot_bypassLFXT__C)
                  00004568    00000002     release_pem4f.oem4f (.const:ti_sysbios_family_arm_msp432_init_Boot_enableHFXT__C)
                  0000456a    00000002     release_pem4f.oem4f (.const:ti_sysbios_family_arm_msp432_init_Boot_enableLFXT__C)
                  0000456c    00000002     release_pem4f.oem4f (.const:ti_sysbios_heaps_HeapMem_Module__id__C)
                  0000456e    00000002     release_pem4f.oem4f (.const:xdc_runtime_Memory_Module__id__C)
                  00004570    00000002     release_pem4f.oem4f (.const:xdc_runtime_Text_charCnt__C)
                  00004572    00000002     release_pem4f.oem4f (.const:xdc_runtime_Text_isLoaded__C)
                  00004574    00000001     release_pem4f.oem4f (.const:xdc_runtime_Error_policy__C)
                  00004575    00000001     release_pem4f.oem4f (.const:xdc_runtime_Text_charTab__A)

.cinit     0    00004578    00000228     
                  00004578    000001fe     (.cinit..data.load) [load image, compression = lzss]
                  00004776    00000002     --HOLE-- [fill = 0]
                  00004778    0000000c     (__TI_handler_table)
                  00004784    00000004     --HOLE-- [fill = 0]
                  00004788    00000008     (.cinit..bss.load) [load image, compression = zero_init]
                  00004790    00000010     (__TI_cinit_table)

.init_array 
*          0    00000000    00000000     UNINITIALIZED

.vecs      0    20000000    00000140     NOLOAD SECTION
                  20000000    00000140     release_pem4f.oem4f (.vecs)

.priheap   0    20000140    00008000     UNINITIALIZED
                  20000140    00008000     --HOLE--

.data      0    20008140    000005c5     UNINITIALIZED
                  20008140    000000d0     drivers_msp432p4xx.aem4f : PowerMSP432.oem4f (.data:PowerMSP432_perfLevels)
                  20008210    00000080                              : PWMTimerMSP432.oem4f (.data:pwmTimerStatus)
                  20008290    00000080     release_pem4f.oem4f (.data:ti_sysbios_knl_Swi_Module_State_0_readyQ__A)
                  20008310    00000080     release_pem4f.oem4f (.data:ti_sysbios_knl_Task_Module_State_0_readyQ__A)
                  20008390    0000004c     release_pem4f.oem4f (.data:ti_sysbios_family_arm_msp432_Timer_Object__table__V)
                  200083dc    0000004c     release_pem4f.oem4f (.data:ti_sysbios_knl_Task_Object__table__V)
                  20008428    00000044     sysbios.aem4f : BIOS.obj (.data:$O1$$)
                  2000846c    00000044     release_pem4f.oem4f (.data:ti_sysbios_knl_Task_Module__state__V)
                  200084b0    00000038     release_pem4f.oem4f (.data:ti_sysbios_gates_GateMutex_Object__table__V)
                  200084e8    00000034     release_pem4f.oem4f (.data:ti_sysbios_family_arm_m3_Hwi_Module__state__V)
                  2000851c    00000030     release_pem4f.oem4f (.data:ti_sysbios_knl_Swi_Object__table__V)
                  2000854c    0000002c     drivers_msp432p4xx.aem4f : PowerMSP432.oem4f (.data:PowerMSP432_module)
                  20008578    0000002c     release_pem4f.oem4f (.data:ti_sysbios_knl_Clock_Module__state__V)
                  200085a4    00000024     release_pem4f.oem4f (.data:ti_sysbios_BIOS_Module__state__V)
                  200085c8    00000020     release_pem4f.oem4f (.data:ti_sysbios_family_arm_msp432_Timer_Module_State_0_device__A)
                  200085e8    00000020     release_pem4f.oem4f (.data:xdc_runtime_Error_IgnoreBlock)
                  20008608    0000001c     release_pem4f.oem4f (.data:ti_sysbios_knl_Swi_Module__state__V)
                  20008624    00000018     release_pem4f.oem4f (.data:ti_sysbios_family_arm_m3_Hwi_Object__table__V)
                  2000863c    00000018     release_pem4f.oem4f (.data:ti_sysbios_heaps_HeapMem_Object__table__V)
                  20008654    00000010     release_pem4f.oem4f (.data:ti_sysbios_family_arm_msp432_Timer_Module_State_0_handles__A)
                  20008664    0000000c     MSP_EXP432P401R.obj (.data:gpioPinConfigs)
                  20008670    0000000c     release_pem4f.oem4f (.data:ti_sysbios_family_arm_msp432_ClockFreqs_Module__state__V)
                  2000867c    0000000c     release_pem4f.oem4f (.data:ti_sysbios_family_arm_msp432_Timer_Module__state__V)
                  20008688    00000008     rtsv7M4_T_le_v4SPD16_eabi.lib : _lock.obj (.data:$O1$$)
                  20008690    00000008     MSP_EXP432P401R.obj (.data:gpioCallbackFunctions)
                  20008698    00000008     release_pem4f.oem4f (.data:ti_sysbios_family_arm_m3_Hwi_Module__root__V)
                  200086a0    00000008     release_pem4f.oem4f (.data:ti_sysbios_gates_GateHwi_Module__root__V)
                  200086a8    00000008     release_pem4f.oem4f (.data:ti_sysbios_gates_GateMutex_Module__root__V)
                  200086b0    00000008     release_pem4f.oem4f (.data:ti_sysbios_heaps_HeapMem_Module__root__V)
                  200086b8    00000008     release_pem4f.oem4f (.data:ti_sysbios_knl_Queue_Module__root__V)
                  200086c0    00000008     release_pem4f.oem4f (.data:ti_sysbios_knl_Semaphore_Module__root__V)
                  200086c8    00000008     release_pem4f.oem4f (.data:ti_sysbios_knl_Task_Module__root__V)
                  200086d0    00000008     release_pem4f.oem4f (.data:xdc_runtime_Startup_Module__state__V)
                  200086d8    00000008     release_pem4f.oem4f (.data:xdc_runtime_System_Module_State_0_atexitHandlers__A)
                  200086e0    00000008     release_pem4f.oem4f (.data:xdc_runtime_System_Module__state__V)
                  200086e8    00000004     rtsv7M4_T_le_v4SPD16_eabi.lib : stkdepth_vars.obj (.data)
                  200086ec    00000004     release_pem4f.oem4f (.data:ti_sysbios_family_arm_m3_Hwi_Module_State_0_excContext__A)
                  200086f0    00000004     release_pem4f.oem4f (.data:ti_sysbios_family_arm_m3_Hwi_Module_State_0_excStack__A)
                  200086f4    00000004     release_pem4f.oem4f (.data:ti_sysbios_gates_GateHwi_Object__table__V)
                  200086f8    00000004     release_pem4f.oem4f (.data:ti_sysbios_knl_Task_Module_State_0_idleTask__A)
                  200086fc    00000004     release_pem4f.oem4f (.data:xdc_runtime_Memory_Module__state__V)
                  20008700    00000002     release_pem4f.oem4f (.data:ti_sysbios_family_arm_m3_Hwi_Module_State_0_excActive__A)
                  20008702    00000001     drivers_msp432p4xx.aem4f : GPIOMSP432.oem4f (.data)
                  20008703    00000001                              : PWM.oem4f (.data)
                  20008704    00000001     prjct_pwm_rtos.obj (.data)

.bss       0    20008708    000003d3     UNINITIALIZED
                  20008708    00000200     release_pem4f.oem4f (.bss:taskStackSection)
                  20008908    00000140     (.common:ti_sysbios_family_arm_m3_Hwi_dispatchTable)
                  20008a48    00000030     drivers_msp432p4xx.aem4f : GPIOMSP432.oem4f (.bss:gpioCallbackInfo)
                  20008a78    00000030     (.common:pwmTimerMSP432Objects)
                  20008aa8    00000024     (.common:timerMSP432Objects)
                  20008acc    00000004     (.common:bluePWM)
                  20008ad0    00000004     (.common:greenPWM)
                  20008ad4    00000004     (.common:redPWM)
                  20008ad8    00000003     prjct_pwm_rtos.obj (.bss)

.stack     0    2000fc00    00000400     UNINITIALIZED
                  2000fc00    00000400     --HOLE--

.bootVecs 
*          0    00000000    00000008     DSECT
                  00000000    00000008     boot.aem4f : boot.oem4f (.bootVecs)

xdc.meta   0    00000000    0000010e     COPY SECTION
                  00000000    0000010e     release_pem4f.oem4f (xdc.meta)

xdc.noload 
*          0    00000000    00000000     COPY SECTION

MODULE SUMMARY

       Module                     code    ro data   rw data
       ------                     ----    -------   -------
    .\
       prjct_pwm_rtos.obj         542     0         16     
       MSP_EXP432P401R.obj        8       116       104    
       main_tirtos.obj            104     0         0      
    +--+--------------------------+-------+---------+---------+
       Total:                     654     116       120    
                                                           
    C:\Users\James\Documents\RTOS_Workspace\tirtos_builds_MSP_EXP432P401R_release_ccs\Debug\configPkg\package\cfg\
       release_pem4f.oem4f        1206    1046      2146   
    +--+--------------------------+-------+---------+---------+
       Total:                     1206    1046      2146   
                                                           
    C:/ti/simplelink_msp432_sdk_1_30_00_40/kernel/tirtos/packages/ti/dpl/lib/dpl_msp432p4xx.aem4f
       PowerMSP432_tirtos.oem4f   126     0         0      
       HwiP_tirtos.oem4f          86      0         0      
    +--+--------------------------+-------+---------+---------+
       Total:                     212     0         0      
                                                           
    C:/ti/simplelink_msp432_sdk_1_30_00_40/source/ti/devices/msp432p4xx/driverlib/ccs/msp432p4xx_driverlib.lib
       cs.o                       260     0         0      
       sysctl.o                   48      0         0      
       cpu.o                      24      0         0      
    +--+--------------------------+-------+---------+---------+
       Total:                     332     0         0      
                                                           
    C:/ti/simplelink_msp432_sdk_1_30_00_40/source/ti/drivers/lib/drivers_msp432p4xx.aem4f
       PowerMSP432.oem4f          1572    0         252    
       PWMTimerMSP432.oem4f       1340    48        128    
       GPIOMSP432.oem4f           820     12        49     
       PWM.oem4f                  168     24        1      
       TimerMSP432.oem4f          104     0         0      
       List.oem4f                 8       0         0      
    +--+--------------------------+-------+---------+---------+
       Total:                     4012    84        430    
                                                           
    C:\Users\James\Documents\RTOS_Workspace\tirtos_builds_MSP_EXP432P401R_release_ccs\src\sysbios\sysbios.aem4f
       BIOS.obj                   7976    0         68     
       m3_Hwi_asm.obj             306     0         0      
       m3_TaskSupport_asm.obj     180     0         0      
       m3_Hwi_asm_switch.obj      118     0         0      
    +--+--------------------------+-------+---------+---------+
       Total:                     8580    0         68     
                                                           
    C:\ti\ccsv7\tools\compiler\ti-cgt-arm_16.9.1.LTS\lib\rtsv7M4_T_le_v4SPD16_eabi.lib
       ull_div_t2.obj             500     0         0      
       memcpy_t2.obj              156     0         0      
       memset_t2.obj              122     0         0      
       copy_decompress_lzss.obj   104     0         0      
       cpy_tbl.obj                76      0         0      
       _lock.obj                  20      0         8      
       args_main.obj              24      0         0      
       copy_decompress_none.obj   14      0         0      
       copy_zero_init.obj         12      0         0      
       stkdepth_vars.obj          0       0         4      
    +--+--------------------------+-------+---------+---------+
       Total:                     1028    0         12     
                                                           
    C:\ti\simplelink_msp432_sdk_1_30_00_40\kernel\tirtos\packages\ti\targets\arm\rtsarm\lib\auto_init.aem4f
       auto_init.oem4f            160     0         0      
    +--+--------------------------+-------+---------+---------+
       Total:                     160     0         0      
                                                           
    C:\ti\simplelink_msp432_sdk_1_30_00_40\kernel\tirtos\packages\ti\targets\arm\rtsarm\lib\boot.aem4f
       boot.oem4f                 88      0         0      
    +--+--------------------------+-------+---------+---------+
       Total:                     88      0         0      
                                                           
       Stack:                     0       0         1024   
       Linker Generated:          0       546       0      
    +--+--------------------------+-------+---------+---------+
       Grand Total:               16272   1792      3800   


LINKER GENERATED COPY TABLES

__TI_cinit_table @ 00004790 records: 2, size/record: 8, table size: 16
	.data: load addr=00004578, load size=000001fe bytes, run addr=20008140, run size=000005c5 bytes, compression=lzss
	.bss: load addr=00004788, load size=00000008 bytes, run addr=20008708, run size=000003d3 bytes, compression=zero_init


LINKER GENERATED HANDLER TABLE

__TI_handler_table @ 00004778 records: 3, size/record: 4, table size: 12
	index: 0, handler: __TI_decompress_lzss
	index: 1, handler: __TI_decompress_none
	index: 2, handler: __TI_zero_init


GLOBAL SYMBOLS: SORTED ALPHABETICALLY BY Name 

address   name                                                        
-------   ----                                                        
00004451  ADCBuf_count                                                
00004450  ADC_count                                                   
00003f27  CPU_cpsid                                                   
00003f33  CPU_cpsie                                                   
00000ef9  CS_initClockSignal                                          
000037a1  CS_setDCOCenteredFrequency                                  
00004452  Capture_count                                               
00004453  Display_count                                               
00004418  GPIOMSP432_config                                           
00003345  GPIO_enableInt                                              
000023b1  GPIO_hwiIntFxn                                              
0000247d  GPIO_init                                                   
0000281d  GPIO_setCallback                                            
00000505  GPIO_setConfig                                              
0000322d  GPIO_toggle                                                 
000024d9  GPIO_write                                                  
00008000  HEAPSIZE                                                    
00003ed9  HwiP_Params_init                                            
00002e4f  HwiP_create                                                 
00000d1d  HwiP_disable                                                
00004059  HwiP_restore                                                
00004455  I2CSlave_count                                              
00004454  I2C_count                                                   
00001315  List_head                                                   
00001495  List_next                                                   
00004025  MSP_EXP432P401R_initGeneral                                 
00001ef1  PWMTimerMSP432_close                                        
00004049  PWMTimerMSP432_control                                      
00004288  PWMTimerMSP432_fxnTable                                     
00001eef  PWMTimerMSP432_init                                         
00000fd9  PWMTimerMSP432_open                                         
00001a2d  PWMTimerMSP432_setDuty                                      
0000172d  PWMTimerMSP432_setPeriod                                    
0000220d  PWMTimerMSP432_start                                        
00001f69  PWMTimerMSP432_stop                                         
00003cf1  PWM_Params_init                                             
000041b0  PWM_config                                                  
00004456  PWM_count                                                   
00004388  PWM_defaultParams                                           
00002e95  PWM_init                                                    
00003139  PWM_open                                                    
00003ffd  PWM_setDuty                                                 
00004007  PWM_start                                                   
000043a0  PowerMSP432_config                                          
00002535  PowerMSP432_getFreqs                                        
00001fdf  PowerMSP432_initPolicy                                      
2000854c  PowerMSP432_module                                          
20008140  PowerMSP432_perfLevels                                      
000029c5  PowerMSP432_sleepPolicy                                     
00003649  PowerMSP432_updateFreqs                                     
00003f41  Power_getConstraintMask                                     
00003f4d  Power_getPerformanceLevel                                   
00003b55  Power_idleFunc                                              
00002871  Power_init                                                  
00002ce5  Power_releaseConstraint                                     
00003265  Power_setConstraint                                         
00000041  Power_sleep                                                 
00004457  SDSPI_count                                                 
UNDEFED   SHT$$INIT_ARRAY$$Base                                       
UNDEFED   SHT$$INIT_ARRAY$$Limit                                      
00004458  SPI_count                                                   
00003da9  SysCtl_disableNMISource                                     
00003db9  SysCtl_enableNMISource                                      
00003dc9  SysCtl_getNMISourceStatus                                   
0000329d  TimerMSP432_allocateTimerResource                           
00003375  TimerMSP432_freeTimerResource                               
00004459  Timer_count                                                 
0000445a  UART_count                                                  
4000480c  WDTCTL_SYM                                                  
0000445b  Watchdog_count                                              
00000000  __ASM__                                                     
0000008a  __ISA__                                                     
0000009d  __PLAT__                                                    
20010000  __STACK_END                                                 
00000400  __STACK_SIZE                                                
000000c0  __TARG__                                                    
00004790  __TI_CINIT_Base                                             
000047a0  __TI_CINIT_Limit                                            
00004778  __TI_Handler_Table_Base                                     
00004784  __TI_Handler_Table_Limit                                    
0000168d  __TI_auto_init                                              
00002275  __TI_decompress_lzss                                        
00003ee7  __TI_decompress_none                                        
ffffffff  __TI_pprof_out_hndl                                         
ffffffff  __TI_prof_data_size                                         
ffffffff  __TI_prof_data_start                                        
00004578  __TI_static_base__                                          
00003f59  __TI_zero_init                                              
000000e6  __TRDR__                                                    
00001e75  __aeabi_memclr                                              
00001e75  __aeabi_memclr4                                             
00001e75  __aeabi_memclr8                                             
000017c9  __aeabi_memcpy                                              
000017c9  __aeabi_memcpy4                                             
000017c9  __aeabi_memcpy8                                             
00001e77  __aeabi_memset                                              
00001e77  __aeabi_memset4                                             
00001e77  __aeabi_memset8                                             
00000311  __aeabi_uldivmod                                            
ffffffff  __binit__                                                   
ffffffff  __c_args__                                                  
20008140  __primary_heap_end__                                        
20000140  __primary_heap_start__                                      
2000fc00  __stack                                                     
00003ba1  _args_main                                                  
0000276d  _c_int00                                                    
20008688  _lock                                                       
00003d13  _nop                                                        
00003a89  _pthread_cleanup_pop                                        
00001901  _pthread_removeThreadKeys                                   
00001df9  _pthread_runStub                                            
00003d0b  _register_lock                                              
00003d05  _register_unlock                                            
2000868c  _unlock                                                     
ffffffff  binit                                                       
20008acc  bluePWM                                                     
000010b1  buttonInt                                                   
00002ab9  copy_in                                                     
20008690  gpioCallbackFunctions                                       
20008664  gpioPinConfigs                                              
20008ad0  greenPWM                                                    
000022dd  main                                                        
000007ad  mainThread                                                  
200086e8  main_func_sp                                                
000017c9  memcpy                                                      
00001e7d  memset                                                      
000037c9  pthread_attr_init                                           
00003ef9  pthread_attr_setdetachstate                                 
00003b89  pthread_attr_setschedparam                                  
00004031  pthread_attr_setstacksize                                   
00000d21  pthread_create                                              
00003f69  pthread_self                                                
000043b8  pwmTimerMSP432HWAttrs                                       
20008a78  pwmTimerMSP432Objects                                       
20008ad4  redPWM                                                      
00003949  sleep                                                       
200085a4  ti_sysbios_BIOS_Module__state__V                            
00003c31  ti_sysbios_BIOS_RtsGateProxy_Handle__label__S               
00001865  ti_sysbios_BIOS_RtsGateProxy_enter__E                       
00001995  ti_sysbios_BIOS_RtsGateProxy_leave__E                       
00004091  ti_sysbios_BIOS_RtsGateProxy_query__E                       
000033d5  ti_sysbios_BIOS_atExitFunc__I                               
00003cc1  ti_sysbios_BIOS_exitFunc__I                                 
00003dd9  ti_sysbios_BIOS_exit__E                                     
000040a1  ti_sysbios_BIOS_linkedWithIncorrectBootLibrary__E           
000023af  ti_sysbios_BIOS_nullFunc__I                                 
000037ed  ti_sysbios_BIOS_registerRTSLock__I                          
00003811  ti_sysbios_BIOS_removeRTSLock__I                            
00003969  ti_sysbios_BIOS_rtsLock__I                                  
00003bb9  ti_sysbios_BIOS_rtsUnlock__I                                
00003de9  ti_sysbios_BIOS_setCpuFreq__E                               
00003df9  ti_sysbios_BIOS_setThreadType__E                            
00003405  ti_sysbios_BIOS_startFunc__I                                
00003e09  ti_sysbios_BIOS_start__E                                    
0000448c  ti_sysbios_family_arm_m3_Hwi_E_alreadyDefined__C            
000031b1  ti_sysbios_family_arm_m3_Hwi_Instance_finalize__E           
00001869  ti_sysbios_family_arm_m3_Hwi_Instance_init__E               
20008700  ti_sysbios_family_arm_m3_Hwi_Module_State_0_excActive__A    
200086ec  ti_sysbios_family_arm_m3_Hwi_Module_State_0_excContext__A   
200086f0  ti_sysbios_family_arm_m3_Hwi_Module_State_0_excStack__A     
0000443e  ti_sysbios_family_arm_m3_Hwi_Module__id__C                  
20008698  ti_sysbios_family_arm_m3_Hwi_Module__root__V                
00003bd1  ti_sysbios_family_arm_m3_Hwi_Module__startupDone__F         
00003bd1  ti_sysbios_family_arm_m3_Hwi_Module__startupDone__S         
200084e8  ti_sysbios_family_arm_m3_Hwi_Module__state__V               
00002a19  ti_sysbios_family_arm_m3_Hwi_Module_startup__E              
00004490  ti_sysbios_family_arm_m3_Hwi_NUM_INTERRUPTS__C              
000042a8  ti_sysbios_family_arm_m3_Hwi_Object__DESC__C                
00004158  ti_sysbios_family_arm_m3_Hwi_Object__PARAMS__C              
00004494  ti_sysbios_family_arm_m3_Hwi_Object__count__C               
00003d19  ti_sysbios_family_arm_m3_Hwi_Object__get__S                 
20008624  ti_sysbios_family_arm_m3_Hwi_Object__table__V               
00003f75  ti_sysbios_family_arm_m3_Hwi_Params__init__S                
00004498  ti_sysbios_family_arm_m3_Hwi_ccr__C                         
000028c5  ti_sysbios_family_arm_m3_Hwi_create                         
00003f81  ti_sysbios_family_arm_m3_Hwi_disableFxn__E                  
00002d31  ti_sysbios_family_arm_m3_Hwi_disableInterrupt__E            
00002419  ti_sysbios_family_arm_m3_Hwi_dispatchC__I                   
20008908  ti_sysbios_family_arm_m3_Hwi_dispatchTable                  
00000e0d  ti_sysbios_family_arm_m3_Hwi_dispatch__I                    
00004039  ti_sysbios_family_arm_m3_Hwi_doSwiRestore__I                
00004051  ti_sysbios_family_arm_m3_Hwi_doTaskRestore__I               
00002d79  ti_sysbios_family_arm_m3_Hwi_enableInterrupt__E             
00003989  ti_sysbios_family_arm_m3_Hwi_excHandlerAsm__I               
0000449c  ti_sysbios_family_arm_m3_Hwi_excHandlerFunc__C              
000039a9  ti_sysbios_family_arm_m3_Hwi_excHandler__I                  
00002ed9  ti_sysbios_family_arm_m3_Hwi_getStackInfo__E                
00001999  ti_sysbios_family_arm_m3_Hwi_initNVIC__E                    
000027c5  ti_sysbios_family_arm_m3_Hwi_initStacks__E                  
000044a0  ti_sysbios_family_arm_m3_Hwi_nullIsrFunc__C                 
e000e000  ti_sysbios_family_arm_m3_Hwi_nvic                           
00003779  ti_sysbios_family_arm_m3_Hwi_pendSV__I                      
00001c61  ti_sysbios_family_arm_m3_Hwi_postInit__I                    
000044a4  ti_sysbios_family_arm_m3_Hwi_priGroup__C                    
20000000  ti_sysbios_family_arm_m3_Hwi_ramVectors                     
00000000  ti_sysbios_family_arm_m3_Hwi_resetVectors                   
00004059  ti_sysbios_family_arm_m3_Hwi_restoreFxn__E                  
0000379d  ti_sysbios_family_arm_m3_Hwi_return                         
00004041  ti_sysbios_family_arm_m3_Hwi_startup__E                     
000044a8  ti_sysbios_family_arm_m3_Hwi_swiDisable__C                  
000044ac  ti_sysbios_family_arm_m3_Hwi_swiRestoreHwi__C               
00003d31  ti_sysbios_family_arm_m3_Hwi_switchFromBootStack__E         
00001bd5  ti_sysbios_family_arm_m3_TaskSupport_Module__startupDone__S 
00001abd  ti_sysbios_family_arm_m3_TaskSupport_buildTaskStack         
00003f91  ti_sysbios_family_arm_m3_TaskSupport_getStackAlignment__E   
00003e19  ti_sysbios_family_arm_m3_TaskSupport_glue                   
000044b0  ti_sysbios_family_arm_m3_TaskSupport_stackAlignment__C      
00003439  ti_sysbios_family_arm_m3_TaskSupport_start__E               
00003be9  ti_sysbios_family_arm_m3_TaskSupport_swap__E                
20008670  ti_sysbios_family_arm_msp432_ClockFreqs_Module__state__V    
00003839  ti_sysbios_family_arm_msp432_ClockFreqs_setFrequency__E     
00002f21  ti_sysbios_family_arm_msp432_Seconds_Module_startup__E      
200085c8  ti_sysbios_family_arm_msp432_Timer_Module_State_0_device__A 
20008654  ti_sysbios_family_arm_msp432_Timer_Module_State_0_handles__A
00003c01  ti_sysbios_family_arm_msp432_Timer_Module__startupDone__F   
00003c01  ti_sysbios_family_arm_msp432_Timer_Module__startupDone__S   
2000867c  ti_sysbios_family_arm_msp432_Timer_Module__state__V         
00003079  ti_sysbios_family_arm_msp432_Timer_Module_startup__E        
20008390  ti_sysbios_family_arm_msp432_Timer_Object__table__V         
00003fa1  ti_sysbios_family_arm_msp432_Timer_getMaxTicks__E           
00002919  ti_sysbios_family_arm_msp432_Timer_initDevice__I            
000044b4  ti_sysbios_family_arm_msp432_Timer_numTimerDevices__C       
00001499  ti_sysbios_family_arm_msp432_Timer_periodicStub__E          
00002b09  ti_sysbios_family_arm_msp432_Timer_postInit__I              
00002b59  ti_sysbios_family_arm_msp432_Timer_start__E                 
000044b8  ti_sysbios_family_arm_msp432_Timer_startupNeeded__C         
000030b9  ti_sysbios_family_arm_msp432_Timer_startup__E               
00004564  ti_sysbios_family_arm_msp432_init_Boot_bypassHFXT__C        
00004566  ti_sysbios_family_arm_msp432_init_Boot_bypassLFXT__C        
00000c21  ti_sysbios_family_arm_msp432_init_Boot_configureClocksHigh  
00003e29  ti_sysbios_family_arm_msp432_init_Boot_disableWatchdog      
00004568  ti_sysbios_family_arm_msp432_init_Boot_enableHFXT__C        
0000456a  ti_sysbios_family_arm_msp432_init_Boot_enableLFXT__C        
00003b3d  ti_sysbios_family_arm_msp432_init_Boot_init__I              
00003a67  ti_sysbios_family_xxx_Hwi_switchAndRunFunc                  
00003c19  ti_sysbios_gates_GateHwi_Handle__label__S                   
000040a9  ti_sysbios_gates_GateHwi_Instance_init__E                   
000041d4  ti_sysbios_gates_GateHwi_Module__FXNS__C                    
200086a0  ti_sysbios_gates_GateHwi_Module__root__V                    
000042c8  ti_sysbios_gates_GateHwi_Object__DESC__C                    
000043d0  ti_sysbios_gates_GateHwi_Object__PARAMS__C                  
00003469  ti_sysbios_gates_GateHwi_Object__create__S                  
000039c9  ti_sysbios_gates_GateHwi_Object__delete__S                  
200086f4  ti_sysbios_gates_GateHwi_Object__table__V                   
00003fb1  ti_sysbios_gates_GateHwi_enter__E                           
00004061  ti_sysbios_gates_GateHwi_leave__E                           
00004089  ti_sysbios_gates_GateHwi_query__E                           
00003c31  ti_sysbios_gates_GateMutex_Handle__label__S                 
000044bc  ti_sysbios_gates_GateMutex_Instance_State_sem__O            
00003e39  ti_sysbios_gates_GateMutex_Instance_finalize__E             
00003aa9  ti_sysbios_gates_GateMutex_Instance_init__E                 
000041f8  ti_sysbios_gates_GateMutex_Module__FXNS__C                  
200086a8  ti_sysbios_gates_GateMutex_Module__root__V                  
000042e8  ti_sysbios_gates_GateMutex_Object__DESC__C                  
000043e8  ti_sysbios_gates_GateMutex_Object__PARAMS__C                
00003499  ti_sysbios_gates_GateMutex_Object__create__S                
0000385d  ti_sysbios_gates_GateMutex_Object__delete__S                
200084b0  ti_sysbios_gates_GateMutex_Object__table__V                 
000034c9  ti_sysbios_gates_GateMutex_enter__E                         
00003c49  ti_sysbios_gates_GateMutex_leave__E                         
00004091  ti_sysbios_gates_GateMutex_query__E                         
00003bd1  ti_sysbios_hal_Hwi_HwiProxy_Module__startupDone__S          
00003f75  ti_sysbios_hal_Hwi_HwiProxy_Params__init__S                 
00002d31  ti_sysbios_hal_Hwi_HwiProxy_disableInterrupt__E             
00003f81  ti_sysbios_hal_Hwi_HwiProxy_disable__E                      
00002d79  ti_sysbios_hal_Hwi_HwiProxy_enableInterrupt__E              
00002ed9  ti_sysbios_hal_Hwi_HwiProxy_getStackInfo__E                 
00004059  ti_sysbios_hal_Hwi_HwiProxy_restore__E                      
00004041  ti_sysbios_hal_Hwi_HwiProxy_startup__E                      
00003d31  ti_sysbios_hal_Hwi_HwiProxy_switchFromBootStack__E          
00003d71  ti_sysbios_hal_Hwi_Module_startup__E                        
00003311  ti_sysbios_hal_Hwi_initStack                                
000044c0  ti_sysbios_heaps_HeapMem_E_memory__C                        
00003c61  ti_sysbios_heaps_HeapMem_Handle__label__S                   
000030f9  ti_sysbios_heaps_HeapMem_Instance_init__E                   
00003c31  ti_sysbios_heaps_HeapMem_Module_GateProxy_Handle__label__S  
00001ce5  ti_sysbios_heaps_HeapMem_Module_GateProxy_enter__E          
00001d6d  ti_sysbios_heaps_HeapMem_Module_GateProxy_leave__E          
00004091  ti_sysbios_heaps_HeapMem_Module_GateProxy_query__E          
00004188  ti_sysbios_heaps_HeapMem_Module__FXNS__C                    
000044c4  ti_sysbios_heaps_HeapMem_Module__gateObj__C                 
0000456c  ti_sysbios_heaps_HeapMem_Module__id__C                      
200086b0  ti_sysbios_heaps_HeapMem_Module__root__V                    
00004308  ti_sysbios_heaps_HeapMem_Object__DESC__C                    
0000421c  ti_sysbios_heaps_HeapMem_Object__PARAMS__C                  
000044c8  ti_sysbios_heaps_HeapMem_Object__count__C                   
000034f9  ti_sysbios_heaps_HeapMem_Object__create__S                  
000039e9  ti_sysbios_heaps_HeapMem_Object__delete__S                  
00003d45  ti_sysbios_heaps_HeapMem_Object__get__S                     
2000863c  ti_sysbios_heaps_HeapMem_Object__table__V                   
[...]
00003c19  xdc_runtime_System_Module_GateProxy_Handle__label__S        
00003c31  ti_sysbios_BIOS_RtsGateProxy_Handle__label__S               
00003c31  ti_sysbios_gates_GateMutex_Handle__label__S                 
00003c31  ti_sysbios_heaps_HeapMem_Module_GateProxy_Handle__label__S  
00003c49  ti_sysbios_gates_GateMutex_leave__E                         
00003c61  ti_sysbios_heaps_HeapMem_Handle__label__S                   
00003c61  xdc_runtime_Memory_HeapProxy_Handle__label__S               
00003c79  ti_sysbios_knl_Task_sleepTimeout__I                         
00003c91  xdc_runtime_Error_init__E                                   
00003ca9  xdc_runtime_System_exit__E                                  
00003cc1  ti_sysbios_BIOS_exitFunc__I                                 
00003cd9  ti_sysbios_knl_Task_unblock__E                              
00003cf1  PWM_Params_init                                             
00003d05  _register_unlock                                            
00003d0b  _register_lock                                              
00003d13  _nop                                                        
00003d19  ti_sysbios_family_arm_m3_Hwi_Object__get__S                 
00003d31  ti_sysbios_family_arm_m3_Hwi_switchFromBootStack__E         
00003d31  ti_sysbios_hal_Hwi_HwiProxy_switchFromBootStack__E          
00003d45  ti_sysbios_heaps_HeapMem_Object__get__S                     
00003d59  ti_sysbios_knl_Swi_Object__get__S                           
00003d71  ti_sysbios_hal_Hwi_Module_startup__E                        
00003d83  timerCallback                                               
00003d95  xdc_runtime_Startup_exec__I                                 
00003da9  SysCtl_disableNMISource                                     
00003db9  SysCtl_enableNMISource                                      
00003dc9  SysCtl_getNMISourceStatus                                   
00003dd9  ti_sysbios_BIOS_exit__E                                     
00003de9  ti_sysbios_BIOS_setCpuFreq__E                               
00003df9  ti_sysbios_BIOS_setThreadType__E                            
00003e09  ti_sysbios_BIOS_start__E                                    
00003e19  ti_sysbios_family_arm_m3_TaskSupport_glue                   
00003e29  ti_sysbios_family_arm_msp432_init_Boot_disableWatchdog      
00003e39  ti_sysbios_gates_GateMutex_Instance_finalize__E             
00003e49  ti_sysbios_knl_Mailbox_Object__get__S                       
00003e59  ti_sysbios_knl_Semaphore_Instance_finalize__E               
00003e69  ti_sysbios_knl_Swi_disable__E                               
00003e79  ti_sysbios_knl_Task_Object__get__S                          
00003e89  ti_sysbios_knl_Task_disable__E                              
00003e99  xdc_runtime_Gate_leaveSystem__E                             
00003ea9  xdc_runtime_Memory_free__E                                  
00003eb9  xdc_runtime_SysCallback_abort__E                            
00003eb9  xdc_runtime_System_SupportProxy_abort__E                    
00003ec9  xdc_runtime_SysCallback_exit__E                             
00003ec9  xdc_runtime_System_SupportProxy_exit__E                     
00003ed9  HwiP_Params_init                                            
00003ee7  __TI_decompress_none                                        
00003ef9  pthread_attr_setdetachstate                                 
00003f09  ti_sysbios_knl_Idle_loop__E                                 
00003f19  ti_sysbios_knl_Queue_empty__E                               
00003f27  CPU_cpsid                                                   
00003f33  CPU_cpsie                                                   
00003f41  Power_getConstraintMask                                     
00003f4d  Power_getPerformanceLevel                                   
00003f59  __TI_zero_init                                              
00003f69  pthread_self                                                
00003f75  ti_sysbios_family_arm_m3_Hwi_Params__init__S                
00003f75  ti_sysbios_hal_Hwi_HwiProxy_Params__init__S                 
00003f81  ti_sysbios_family_arm_m3_Hwi_disableFxn__E                  
00003f81  ti_sysbios_hal_Hwi_HwiProxy_disable__E                      
00003f91  ti_sysbios_family_arm_m3_TaskSupport_getStackAlignment__E   
00003f91  ti_sysbios_knl_Task_SupportProxy_getStackAlignment__E       
00003fa1  ti_sysbios_family_arm_msp432_Timer_getMaxTicks__E           
00003fb1  ti_sysbios_gates_GateHwi_enter__E                           
00003fbd  ti_sysbios_knl_Queue_Object__get__S                         
00003fc9  ti_sysbios_knl_Semaphore_Params__init__S                    
00003fd5  ti_sysbios_knl_Task_Params__init__S                         
00003fe1  xdc_runtime_Gate_enterSystem__E                             
00003ff1  xdc_runtime_Startup_rtsDone__E                              
00003ffd  PWM_setDuty                                                 
00004007  PWM_start                                                   
00004011  xdc_runtime_Memory_HeapProxy_alloc__E                       
0000401b  xdc_runtime_Memory_HeapProxy_free__E                        
00004025  MSP_EXP432P401R_initGeneral                                 
00004031  pthread_attr_setstacksize                                   
00004039  ti_sysbios_family_arm_m3_Hwi_doSwiRestore__I                
00004041  ti_sysbios_family_arm_m3_Hwi_startup__E                     
00004041  ti_sysbios_hal_Hwi_HwiProxy_startup__E                      
00004049  PWMTimerMSP432_control                                      
00004051  ti_sysbios_family_arm_m3_Hwi_doTaskRestore__I               
00004059  HwiP_restore                                                
00004059  ti_sysbios_family_arm_m3_Hwi_restoreFxn__E                  
00004059  ti_sysbios_hal_Hwi_HwiProxy_restore__E                      
00004061  ti_sysbios_gates_GateHwi_leave__E                           
00004069  ti_sysbios_heaps_HeapMem_isBlocking__E                      
00004071  ti_sysbios_knl_Queue_Instance_init__E                       
00004079  ti_sysbios_knl_Swi_startup__E                               
00004081  xdc_runtime_System_Module_startup__E                        
00004089  ti_sysbios_gates_GateHwi_query__E                           
00004089  xdc_runtime_Main_Module_GateProxy_query__E                  
00004089  xdc_runtime_System_Module_GateProxy_query__E                
00004091  ti_sysbios_BIOS_RtsGateProxy_query__E                       
00004091  ti_sysbios_gates_GateMutex_query__E                         
00004091  ti_sysbios_heaps_HeapMem_Module_GateProxy_query__E          
00004099  ti_sysbios_knl_Task_startup__E                              
000040a1  ti_sysbios_BIOS_linkedWithIncorrectBootLibrary__E           
000040a9  ti_sysbios_gates_GateHwi_Instance_init__E                   
000040b1  ti_sysbios_knl_Clock_logTick__E                             
000040b9  xdc_runtime_SysCallback_defaultAbort                        
000040c1  xdc_runtime_SysCallback_defaultExit                         
000040c9  xdc_runtime_System_abortSpin__E                             
000040d1  xdc_runtime_System_exitSpin__E                              
0000411c  ti_sysbios_knl_Task_Object__PARAMS__C                       
00004158  ti_sysbios_family_arm_m3_Hwi_Object__PARAMS__C              
00004188  ti_sysbios_heaps_HeapMem_Module__FXNS__C                    
000041b0  PWM_config                                                  
000041d4  ti_sysbios_gates_GateHwi_Module__FXNS__C                    
000041f8  ti_sysbios_gates_GateMutex_Module__FXNS__C                  
0000421c  ti_sysbios_heaps_HeapMem_Object__PARAMS__C                  
00004240  ti_sysbios_knl_Semaphore_Object__PARAMS__C                  
00004264  xdc_runtime_Startup_sfxnTab__A                              
00004288  PWMTimerMSP432_fxnTable                                     
000042a8  ti_sysbios_family_arm_m3_Hwi_Object__DESC__C                
000042c8  ti_sysbios_gates_GateHwi_Object__DESC__C                    
000042e8  ti_sysbios_gates_GateMutex_Object__DESC__C                  
00004308  ti_sysbios_heaps_HeapMem_Object__DESC__C                    
00004328  ti_sysbios_knl_Queue_Object__DESC__C                        
00004348  ti_sysbios_knl_Semaphore_Object__DESC__C                    
00004368  ti_sysbios_knl_Task_Object__DESC__C                         
00004388  PWM_defaultParams                                           
000043a0  PowerMSP432_config                                          
000043b8  pwmTimerMSP432HWAttrs                                       
000043d0  ti_sysbios_gates_GateHwi_Object__PARAMS__C                  
000043e8  ti_sysbios_gates_GateMutex_Object__PARAMS__C                
00004400  ti_sysbios_knl_Queue_Object__PARAMS__C                      
00004418  GPIOMSP432_config                                           
0000442c  xdc_runtime_Startup_sfxnRts__A                              
0000443e  ti_sysbios_family_arm_m3_Hwi_Module__id__C                  
00004450  ADC_count                                                   
00004451  ADCBuf_count                                                
00004452  Capture_count                                               
00004453  Display_count                                               
00004454  I2C_count                                                   
00004455  I2CSlave_count                                              
00004456  PWM_count                                                   
00004457  SDSPI_count                                                 
00004458  SPI_count                                                   
00004459  Timer_count                                                 
0000445a  UART_count                                                  
0000445b  Watchdog_count                                              
0000445c  xdc_runtime_Startup_firstFxns__A                            
00004468  ti_sysbios_knl_Idle_funcList__C                             
00004470  xdc_runtime_Startup_firstFxns__C                            
00004478  xdc_runtime_Startup_lastFxns__C                             
0000448c  ti_sysbios_family_arm_m3_Hwi_E_alreadyDefined__C            
00004490  ti_sysbios_family_arm_m3_Hwi_NUM_INTERRUPTS__C              
00004494  ti_sysbios_family_arm_m3_Hwi_Object__count__C               
00004498  ti_sysbios_family_arm_m3_Hwi_ccr__C                         
0000449c  ti_sysbios_family_arm_m3_Hwi_excHandlerFunc__C              
000044a0  ti_sysbios_family_arm_m3_Hwi_nullIsrFunc__C                 
000044a4  ti_sysbios_family_arm_m3_Hwi_priGroup__C                    
000044a8  ti_sysbios_family_arm_m3_Hwi_swiDisable__C                  
000044ac  ti_sysbios_family_arm_m3_Hwi_swiRestoreHwi__C               
000044b0  ti_sysbios_family_arm_m3_TaskSupport_stackAlignment__C      
000044b4  ti_sysbios_family_arm_msp432_Timer_numTimerDevices__C       
000044b8  ti_sysbios_family_arm_msp432_Timer_startupNeeded__C         
000044bc  ti_sysbios_gates_GateMutex_Instance_State_sem__O            
000044c0  ti_sysbios_heaps_HeapMem_E_memory__C                        
000044c4  ti_sysbios_heaps_HeapMem_Module__gateObj__C                 
000044c8  ti_sysbios_heaps_HeapMem_Object__count__C                   
000044cc  ti_sysbios_heaps_HeapMem_primaryHeapBaseAddr__C             
000044d0  ti_sysbios_heaps_HeapMem_primaryHeapEndAddr__C              
000044d4  ti_sysbios_heaps_HeapMem_reqAlign__C                        
000044d8  ti_sysbios_knl_Clock_Module_State_clockQ__O                 
000044dc  ti_sysbios_knl_Clock_tickPeriod__C                          
000044e0  ti_sysbios_knl_Idle_funcList__A                             
000044e4  ti_sysbios_knl_Mailbox_Instance_State_freeQue__O            
000044e8  ti_sysbios_knl_Mailbox_Object__count__C                     
000044ec  ti_sysbios_knl_Mailbox_maxTypeAlign__C                      
000044f0  ti_sysbios_knl_Semaphore_Instance_State_pendQ__O            
000044f4  ti_sysbios_knl_Swi_Object__count__C                         
000044f8  ti_sysbios_knl_Task_Module_State_inactiveQ__O               
000044fc  ti_sysbios_knl_Task_Object__count__C                        
00004500  ti_sysbios_knl_Task_Object__heap__C                         
00004504  ti_sysbios_knl_Task_allBlockedFunc__C                       
00004508  ti_sysbios_knl_Task_defaultStackHeap__C                     
0000450c  ti_sysbios_knl_Task_defaultStackSize__C                     
00004510  ti_sysbios_knl_Task_numConstructedTasks__C                  
00004514  xdc_runtime_Error_E_memory__C                               
00004518  xdc_runtime_Error_policyFxn__C                              
0000451c  xdc_runtime_IGateProvider_Interface__BASE__C                
00004520  xdc_runtime_IHeap_Interface__BASE__C                        
00004524  xdc_runtime_IModule_Interface__BASE__C                      
00004528  xdc_runtime_Memory_defaultHeapInstance__C                   
0000452c  xdc_runtime_Startup_execImpl__C                             
00004530  xdc_runtime_Startup_maxPasses__C                            
00004534  xdc_runtime_Startup_sfxnRts__C                              
00004538  xdc_runtime_Startup_sfxnTab__C                              
0000453c  xdc_runtime_SysCallback_abortFxn__C                         
00004540  xdc_runtime_SysCallback_exitFxn__C                          
00004544  xdc_runtime_System_Module__gateObj__C                       
00004548  xdc_runtime_System_abortFxn__C                              
0000454c  xdc_runtime_System_exitFxn__C                               
00004550  xdc_runtime_System_maxAtexitHandlers__C                     
00004554  xdc_runtime_Text_charTab__C                                 
00004558  xdc_runtime_Text_nameEmpty__C                               
0000455c  xdc_runtime_Text_nameStatic__C                              
00004560  xdc_runtime_Text_nameUnknown__C                             
00004564  ti_sysbios_family_arm_msp432_init_Boot_bypassHFXT__C        
00004566  ti_sysbios_family_arm_msp432_init_Boot_bypassLFXT__C        
00004568  ti_sysbios_family_arm_msp432_init_Boot_enableHFXT__C        
0000456a  ti_sysbios_family_arm_msp432_init_Boot_enableLFXT__C        
0000456c  ti_sysbios_heaps_HeapMem_Module__id__C                      
0000456e  xdc_runtime_Memory_Module__id__C                            
00004570  xdc_runtime_Text_charCnt__C                                 
00004572  xdc_runtime_Text_isLoaded__C                                
00004574  xdc_runtime_Error_policy__C                                 
00004575  xdc_runtime_Text_charTab__A                                 
00004578  __TI_static_base__                                          
00004778  __TI_Handler_Table_Base                                     
00004784  __TI_Handler_Table_Limit                                    
00004790  __TI_CINIT_Base                                             
000047a0  __TI_CINIT_Limit                                            
00008000  HEAPSIZE                                                    
20000000  ti_sysbios_family_arm_m3_Hwi_ramVectors                     
20000140  __primary_heap_start__                                      
20008140  PowerMSP432_perfLevels                                      
20008140  __primary_heap_end__                                        
20008290  ti_sysbios_knl_Swi_Module_State_0_readyQ__A                 
20008310  ti_sysbios_knl_Task_Module_State_0_readyQ__A                
20008390  ti_sysbios_family_arm_msp432_Timer_Object__table__V         
200083dc  ti_sysbios_knl_Task_Object__table__V                        
2000846c  ti_sysbios_knl_Task_Module__state__V                        
200084b0  ti_sysbios_gates_GateMutex_Object__table__V                 
200084e8  ti_sysbios_family_arm_m3_Hwi_Module__state__V               
2000851c  ti_sysbios_knl_Swi_Object__table__V                         
2000854c  PowerMSP432_module                                          
20008578  ti_sysbios_knl_Clock_Module__state__V                       
200085a4  ti_sysbios_BIOS_Module__state__V                            
200085c8  ti_sysbios_family_arm_msp432_Timer_Module_State_0_device__A 
200085e8  xdc_runtime_Error_IgnoreBlock                               
20008608  ti_sysbios_knl_Swi_Module__state__V                         
20008624  ti_sysbios_family_arm_m3_Hwi_Object__table__V               
2000863c  ti_sysbios_heaps_HeapMem_Object__table__V                   
20008654  ti_sysbios_family_arm_msp432_Timer_Module_State_0_handles__A
20008664  gpioPinConfigs                                              
20008670  ti_sysbios_family_arm_msp432_ClockFreqs_Module__state__V    
2000867c  ti_sysbios_family_arm_msp432_Timer_Module__state__V         
20008688  _lock                                                       
2000868c  _unlock                                                     
20008690  gpioCallbackFunctions                                       
20008698  ti_sysbios_family_arm_m3_Hwi_Module__root__V                
200086a0  ti_sysbios_gates_GateHwi_Module__root__V                    
200086a8  ti_sysbios_gates_GateMutex_Module__root__V                  
200086b0  ti_sysbios_heaps_HeapMem_Module__root__V                    
200086b8  ti_sysbios_knl_Queue_Module__root__V                        
200086c0  ti_sysbios_knl_Semaphore_Module__root__V                    
200086c8  ti_sysbios_knl_Task_Module__root__V                         
200086d0  xdc_runtime_Startup_Module__state__V                        
200086d8  xdc_runtime_System_Module_State_0_atexitHandlers__A         
200086e0  xdc_runtime_System_Module__state__V                         
200086e8  main_func_sp                                                
200086ec  ti_sysbios_family_arm_m3_Hwi_Module_State_0_excContext__A   
200086f0  ti_sysbios_family_arm_m3_Hwi_Module_State_0_excStack__A     
200086f4  ti_sysbios_gates_GateHwi_Object__table__V                   
200086f8  ti_sysbios_knl_Task_Module_State_0_idleTask__A              
200086fc  xdc_runtime_Memory_Module__state__V                         
20008700  ti_sysbios_family_arm_m3_Hwi_Module_State_0_excActive__A    
20008708  ti_sysbios_knl_Task_Instance_State_0_stack__A               
20008908  ti_sysbios_family_arm_m3_Hwi_dispatchTable                  
20008a78  pwmTimerMSP432Objects                                       
20008aa8  timerMSP432Objects                                          
20008acc  bluePWM                                                     
20008ad0  greenPWM                                                    
20008ad4  redPWM                                                      
2000fc00  __stack                                                     
20010000  __STACK_END                                                 
4000480c  WDTCTL_SYM                                                  
e000e000  ti_sysbios_family_arm_m3_Hwi_nvic                           
ffffffff  __TI_pprof_out_hndl                                         
ffffffff  __TI_prof_data_size                                         
ffffffff  __TI_prof_data_start                                        
ffffffff  __binit__                                                   
ffffffff  __c_args__                                                  
ffffffff  binit                                                       
UNDEFED   SHT$$INIT_ARRAY$$Base                                       
UNDEFED   SHT$$INIT_ARRAY$$Limit                                      

[474 symbols]
