******************************************************************************
                  TI ARM Linker PC v16.9.1                     
******************************************************************************
>> Linked Thu Mar 16 14:40:03 2017

OUTPUT FILE NAME:   <Prjct_PWM_RTOS.out>
ENTRY POINT SYMBOL: "_c_int00"  address: 00002a1d


MEMORY CONFIGURATION

         name            origin    length      used     unused   attr    fill
----------------------  --------  ---------  --------  --------  ----  --------
  MAIN                  00000000   00040000  00004ee8  0003b118  R  X
  INFO                  00200000   00004000  00000000  00004000  R  X
  SRAM_CODE             01000000   00010000  00000000  00010000  RW X
  SRAM_DATA             20000000   00010000  00008f0d  000070f3  RW  


SEGMENT ALLOCATION MAP

run origin  load origin   length   init length attrs members
----------  ----------- ---------- ----------- ----- -------
00000000    00000000    00004ef0   00004ef0    r-x
  00000000    00000000    0000003c   0000003c    r-- .resetVecs
  00000040    00000040    0000473a   0000473a    r-x .text
  0000477c    0000477c    00000522   00000522    r-- .const
  00004ca0    00004ca0    00000250   00000250    r-- .cinit
20000140    20000140    00008000   00000000    r--
  20000140    20000140    00008000   00000000    r-- .priheap
20008140    20008140    000009d3   00000000    rw-
  20008140    20008140    000005fa   00000000    rw- .data
  20008740    20008740    000003d3   00000000    rw- .bss
2000fc00    2000fc00    00000400   00000000    rw-
  2000fc00    2000fc00    00000400   00000000    rw- .stack


SECTION ALLOCATION MAP

 output                                  attributes/
section   page    origin      length       input sections
--------  ----  ----------  ----------   ----------------
.text      0    00000040    0000473a     
                  00000040    000002d0     drivers_msp432p4xx.aem4f : PowerMSP432.oem4f (.text:Power_sleep)
                  00000310    000001f4     rtsv7M4_T_le_v4SPD16_eabi.lib : ull_div_t2.obj (.text)
                  00000504    0000015c     drivers_msp432p4xx.aem4f : GPIOMSP432.oem4f (.text:GPIO_setConfig)
                  00000660    0000014c                              : PowerMSP432.oem4f (.text:initPerfControl)
                  000007ac    00000138     prjct_pwm_rtos.obj (.text:mainThread)
                  000008e4    00000004     dpl_msp432p4xx.aem4f : HwiP_tirtos.oem4f (.text:HwiP_disable)
                  000008e8    00000130     sysbios.aem4f : BIOS.obj (.text:ti_sysbios_knl_Semaphore_pend__E)
                  00000a18    00000108                   : BIOS.obj (.text:xdc_runtime_Startup_startMods__I)
                  00000b20    00000100     drivers_msp432p4xx.aem4f : PWMTimerMSP432.oem4f (.text:initHw)
                  00000c20    000000fc     sysbios.aem4f : BIOS.obj (.text:ti_sysbios_family_arm_msp432_init_Boot_configureClocksHigh)
                  00000d1c    00000004     dpl_msp432p4xx.aem4f : HwiP_tirtos.oem4f (.text:HwiP_disableInterrupt)
                  00000d20    000000ec     sysbios.aem4f : BIOS.obj (.text:pthread_create)
                  00000e0c    000000ec                   : m3_Hwi_asm.obj (.text:ti_sysbios_family_arm_m3_Hwi_dispatch__I)
                  00000ef8    000000e4     drivers_msp432p4xx.aem4f : TimerMSP432.oem4f (.text:configureTimerHardware)
                  00000fdc    000000e0     msp432p4xx_driverlib.lib : cs.o (.text:CS_initClockSignal)
                  000010bc    000000d8     drivers_msp432p4xx.aem4f : PWMTimerMSP432.oem4f (.text:PWMTimerMSP432_open)
                  00001194    000000d0     prjct_pwm_rtos.obj (.text:buttonInt)
                  00001264    00000004     dpl_msp432p4xx.aem4f : HwiP_tirtos.oem4f (.text:HwiP_enableInterrupt)
                  00001268    000000d0     sysbios.aem4f : BIOS.obj (.text:ti_sysbios_heaps_HeapMem_alloc__E)
                  00001338    000000c0                   : BIOS.obj (.text:ti_sysbios_knl_Task_Instance_init__E)
                  000013f8    000000bc                   : BIOS.obj (.text:ti_sysbios_knl_Task_Instance_finalize__E)
                  000014b4    000000b2     msp432p4xx_driverlib.lib : timer_a.o (.text:privateTimer_AProcessClockSourceDivider)
                  00001566    00000002     drivers_msp432p4xx.aem4f : PWMTimerMSP432.oem4f (.text:PWMTimerMSP432_init)
                  00001568    000000b0                              : TimerMSP432.oem4f (.text:setIdealT32TickCount)
                  00001618    000000a8     sysbios.aem4f : BIOS.obj (.text:ti_sysbios_family_arm_msp432_Timer_periodicStub__E)
                  000016c0    000000a8                   : BIOS.obj (.text:xdc_runtime_Core_createObject__I)
                  00001768    000000a4                   : BIOS.obj (.text:ti_sysbios_knl_Task_setPri__E)
                  0000180c    000000a0     auto_init.aem4f : auto_init.oem4f (.text)
                  000018ac    000000a0     drivers_msp432p4xx.aem4f : TimerMSP432.oem4f (.text:setIdealTATickCount)
                  0000194c    0000009c                              : PWMTimerMSP432.oem4f (.text:PWMTimerMSP432_setPeriod)
                  000019e8    0000009c     rtsv7M4_T_le_v4SPD16_eabi.lib : memcpy_t2.obj (.text)
                  00001a84    00000004     drivers_msp432p4xx.aem4f : List.oem4f (.text:List_head)
                  00001a88    00000098     sysbios.aem4f : BIOS.obj (.text:ti_sysbios_family_arm_m3_Hwi_Instance_init__E)
                  00001b20    00000094                   : BIOS.obj (.text:_pthread_removeThreadKeys)
                  00001bb4    00000004     drivers_msp432p4xx.aem4f : List.oem4f (.text:List_next)
                  00001bb8    00000094     sysbios.aem4f : BIOS.obj (.text:ti_sysbios_family_arm_m3_Hwi_initNVIC__E)
                  00001c4c    00000090     drivers_msp432p4xx.aem4f : PWMTimerMSP432.oem4f (.text:PWMTimerMSP432_setDuty)
                  00001cdc    0000008e                              : TimerMSP432.oem4f (.text:TimerMSP432_open)
                  00001d6a    00000002     dpl_msp432p4xx.aem4f : PowerMSP432_tirtos.oem4f (.text:PowerMSP432_initPolicy)
                  00001d6c    0000008c     sysbios.aem4f : m3_TaskSupport_asm.obj (.text:ti_sysbios_family_arm_m3_TaskSupport_buildTaskStack)
                  00001df8    0000008c                   : BIOS.obj (.text:ti_sysbios_knl_Task_postInit__I)
                  00001e84    00000004     release_pem4f.oem4f (.text:ti_sysbios_BIOS_RtsGateProxy_enter__E)
                  00001e88    00000088     sysbios.aem4f : BIOS.obj (.text:xdc_runtime_Memory_alloc__E)
                  00001f10    00000084                   : BIOS.obj (.text:ti_sysbios_family_arm_m3_Hwi_postInit__I)
                  00001f94    00000004     release_pem4f.oem4f (.text:ti_sysbios_BIOS_RtsGateProxy_leave__E)
                  00001f98    00000084     sysbios.aem4f : BIOS.obj (.text:ti_sysbios_heaps_HeapMem_free__E)
                  0000201c    00000004     release_pem4f.oem4f (.text:ti_sysbios_family_arm_m3_TaskSupport_Module__startupDone__S)
                  00002020    00000084     sysbios.aem4f : BIOS.obj (.text:xdc_runtime_Core_constructObject__I)
                  000020a4    00000004     release_pem4f.oem4f (.text:ti_sysbios_heaps_HeapMem_Module_GateProxy_enter__E)
                  000020a8    0000007c     sysbios.aem4f : BIOS.obj (.text:_pthread_runStub)
                  00002124    0000007a     rtsv7M4_T_le_v4SPD16_eabi.lib : memset_t2.obj (.text)
                  0000219e    00000002     release_pem4f.oem4f (.text:ti_sysbios_BIOS_nullFunc__I)
                  000021a0    00000078     drivers_msp432p4xx.aem4f : PWMTimerMSP432.oem4f (.text:PWMTimerMSP432_close)
                  00002218    00000076                              : PWMTimerMSP432.oem4f (.text:PWMTimerMSP432_stop)
                  0000228e    00000002     --HOLE-- [fill = 0]
                  00002290    00000070     sysbios.aem4f : BIOS.obj (.text:ti_sysbios_heaps_HeapMem_initPrimary__I)
                  00002300    00000070                   : BIOS.obj (.text:ti_sysbios_knl_Semaphore_post__E)
                  00002370    00000070                   : BIOS.obj (.text:ti_sysbios_knl_Task_exit__E)
                  000023e0    0000006c                   : BIOS.obj (.text:ti_sysbios_knl_Clock_workFunc__E)
                  0000244c    00000004     release_pem4f.oem4f (.text:ti_sysbios_heaps_HeapMem_Module_GateProxy_leave__E)
                  00002450    0000006c     sysbios.aem4f : BIOS.obj (.text:ti_sysbios_knl_Swi_restoreHwi__E)
                  000024bc    00000068     drivers_msp432p4xx.aem4f : PWMTimerMSP432.oem4f (.text:PWMTimerMSP432_start)
                  00002524    00000068     rtsv7M4_T_le_v4SPD16_eabi.lib : copy_decompress_lzss.obj (.text:decompress:lzss)
                  0000258c    00000068     main_tirtos.obj (.text:main)
                  000025f4    00000004     release_pem4f.oem4f (.text:ti_sysbios_knl_Clock_TimerProxy_getMaxTicks__E)
                  000025f8    00000066     sysbios.aem4f : BIOS.obj (.text:xdc_runtime_Core_deleteObject__I)
                  0000265e    00000002     --HOLE-- [fill = 0]
                  00002660    00000064     drivers_msp432p4xx.aem4f : GPIOMSP432.oem4f (.text:GPIO_hwiIntFxn)
                  000026c4    00000004     release_pem4f.oem4f (.text:ti_sysbios_knl_Semaphore_delete)
                  000026c8    00000064     sysbios.aem4f : BIOS.obj (.text:ti_sysbios_family_arm_m3_Hwi_dispatchC__I)
                  0000272c    0000005c     drivers_msp432p4xx.aem4f : GPIOMSP432.oem4f (.text:GPIO_init)
                  00002788    0000005c                              : GPIOMSP432.oem4f (.text:GPIO_write)
                  000027e4    0000005c                              : PowerMSP432.oem4f (.text:PowerMSP432_getFreqs)
                  00002840    0000005c     sysbios.aem4f : BIOS.obj (.text:ti_sysbios_knl_Swi_run__I)
                  0000289c    00000004     release_pem4f.oem4f (.text:xdc_runtime_System_Module_GateProxy_enter__E)
                  000028a0    0000005c     sysbios.aem4f : BIOS.obj (.text:ti_sysbios_knl_Swi_schedule__I)
                  000028fc    00000004     release_pem4f.oem4f (.text:xdc_runtime_System_Module_GateProxy_leave__E)
                  00002900    0000005c     sysbios.aem4f : BIOS.obj (.text:ti_sysbios_knl_Task_Module_startup__E)
                  0000295c    00000004     --HOLE-- [fill = 0]
                  00002960    0000005c                   : BIOS.obj (.text:ti_sysbios_knl_Task_startCore__E)
                  000029bc    00000004     --HOLE-- [fill = 0]
                  000029c0    0000005c                   : BIOS.obj (.text:xdc_runtime_Startup_exec__E)
                  00002a1c    00000058     boot.aem4f : boot.oem4f (.text)
                  00002a74    00000058     sysbios.aem4f : m3_Hwi_asm_switch.obj (.text:ti_sysbios_family_arm_m3_Hwi_initStacks__E)
                  00002acc    00000054     drivers_msp432p4xx.aem4f : GPIOMSP432.oem4f (.text:GPIO_setCallback)
                  00002b20    00000054                              : PowerMSP432.oem4f (.text:Power_init)
                  00002b74    00000054                              : TimerMSP432.oem4f (.text:TimerMSP432_Timer_A_hwiIntFunction)
                  00002bc8    00000054     release_pem4f.oem4f (.text:ti_sysbios_family_arm_m3_Hwi_create)
                  00002c1c    00000004     --HOLE-- [fill = 0]
                  00002c20    00000054     sysbios.aem4f : BIOS.obj (.text:ti_sysbios_family_arm_msp432_Timer_initDevice__I)
                  00002c74    00000004     --HOLE-- [fill = 0]
                  00002c78    00000054                   : BIOS.obj (.text:xdc_runtime_Core_assignLabel__I)
                  00002ccc    00000050     dpl_msp432p4xx.aem4f : PowerMSP432_tirtos.oem4f (.text:PowerMSP432_sleepPolicy)
                  00002d1c    00000050     drivers_msp432p4xx.aem4f : TimerMSP432.oem4f (.text:TimerMSP432_Timer32_hwiIntFunction)
                  00002d6c    00000004     --HOLE-- [fill = 0]
                  00002d70    00000050     sysbios.aem4f : BIOS.obj (.text:ti_sysbios_family_arm_m3_Hwi_Module_startup__E)
                  00002dc0    00000050     release_pem4f.oem4f (.text:ti_sysbios_knl_Task_create)
                  00002e10    0000004c     rtsv7M4_T_le_v4SPD16_eabi.lib : cpy_tbl.obj (.text)
                  00002e5c    00000004     --HOLE-- [fill = 0]
                  00002e60    0000004c     sysbios.aem4f : BIOS.obj (.text:ti_sysbios_family_arm_msp432_Timer_postInit__I)
                  00002eac    00000004     --HOLE-- [fill = 0]
                  00002eb0    0000004c                   : BIOS.obj (.text:ti_sysbios_family_arm_msp432_Timer_start__E)
                  00002efc    00000004     --HOLE-- [fill = 0]
                  00002f00    0000004c                   : BIOS.obj (.text:ti_sysbios_heaps_HeapMem_getStats__E)
                  00002f4c    00000004     --HOLE-- [fill = 0]
                  00002f50    0000004c                   : BIOS.obj (.text:ti_sysbios_knl_Swi_runLoop__I)
                  00002f9c    00000004     --HOLE-- [fill = 0]
                  00002fa0    0000004c                   : BIOS.obj (.text:ti_sysbios_knl_Task_allBlockedFunction__I)
                  00002fec    00000004     --HOLE-- [fill = 0]
                  00002ff0    0000004c                   : BIOS.obj (.text:ti_sysbios_knl_Task_schedule__I)
                  0000303c    00000048     drivers_msp432p4xx.aem4f : PowerMSP432.oem4f (.text:Power_releaseConstraint)
                  00003084    00000048     msp432p4xx_driverlib.lib : timer32.o (.text:Timer32_initModule)
                  000030cc    00000048     drivers_msp432p4xx.aem4f : TimerMSP432.oem4f (.text:TimerMSP432_Timer_A_start)
                  00003114    00000004     --HOLE-- [fill = 0]
                  00003118    00000048     sysbios.aem4f : BIOS.obj (.text:ti_sysbios_family_arm_m3_Hwi_disableInterrupt__E)
                  00003160    00000048                   : BIOS.obj (.text:ti_sysbios_family_arm_m3_Hwi_enableInterrupt__E)
                  000031a8    00000048                   : BIOS.obj (.text:ti_sysbios_knl_Mailbox_Module_startup__E)
                  000031f0    00000046                   : BIOS.obj (.text:xdc_runtime_Core_assignParams__I)
                  00003236    00000044     dpl_msp432p4xx.aem4f : HwiP_tirtos.oem4f (.text:HwiP_create)
                  0000327a    00000002     --HOLE-- [fill = 0]
                  0000327c    00000044     drivers_msp432p4xx.aem4f : PWM.oem4f (.text:PWM_init)
                  000032c0    00000044     msp432p4xx_driverlib.lib : timer_a.o (.text:Timer_A_configureUpMode)
                  00003304    00000044     drivers_msp432p4xx.aem4f : Timer.oem4f (.text:Timer_init)
                  00003348    00000044     sysbios.aem4f : BIOS.obj (.text:ti_sysbios_family_arm_m3_Hwi_getStackInfo__E)
                  0000338c    00000004     --HOLE-- [fill = 0]
                  00003390    00000044                   : BIOS.obj (.text:ti_sysbios_family_arm_msp432_Seconds_Module_startup__E)
                  000033d4    00000004     --HOLE-- [fill = 0]
                  000033d8    00000044                   : BIOS.obj (.text:ti_sysbios_knl_Swi_post__E)
                  0000341c    00000004     --HOLE-- [fill = 0]
                  00003420    00000044                   : BIOS.obj (.text:xdc_runtime_System_atexit__E)
                  00003464    00000040     dpl_msp432p4xx.aem4f : SemaphoreP_tirtos.oem4f (.text:SemaphoreP_create)
                  000034a4    00000040     drivers_msp432p4xx.aem4f : PowerMSP432.oem4f (.text:notify)
                  000034e4    00000040                              : PowerMSP432.oem4f (.text:restartHFXT)
                  00003524    00000004     --HOLE-- [fill = 0]
                  00003528    00000040     sysbios.aem4f : BIOS.obj (.text:ti_sysbios_family_arm_msp432_Timer_Module_startup__E)
                  00003568    00000040                   : BIOS.obj (.text:ti_sysbios_family_arm_msp432_Timer_startup__E)
                  000035a8    00000040                   : BIOS.obj (.text:ti_sysbios_heaps_HeapMem_Instance_init__E)
                  000035e8    0000003c     drivers_msp432p4xx.aem4f : PWM.oem4f (.text:PWM_open)
                  00003624    0000003c                              : Timer.oem4f (.text:Timer_open)
                  00003660    0000003c                              : PWMTimerMSP432.oem4f (.text:getPeriodCounts)
                  0000369c    00000004     --HOLE-- [fill = 0]
                  000036a0    0000003c     sysbios.aem4f : BIOS.obj (.text:ti_sysbios_family_arm_m3_Hwi_Instance_finalize__E)
                  000036dc    00000004     --HOLE-- [fill = 0]
                  000036e0    0000003c                   : BIOS.obj (.text:ti_sysbios_knl_Swi_restore__E)
                  0000371c    0000003a     drivers_msp432p4xx.aem4f : TimerMSP432.oem4f (.text:TimerMSP432_close)
                  00003756    00000002     --HOLE-- [fill = 0]
                  00003758    00000038                              : GPIOMSP432.oem4f (.text:GPIO_toggle)
                  00003790    00000038                              : PowerMSP432.oem4f (.text:Power_setConstraint)
                  000037c8    00000038                              : TimerMSP432.oem4f (.text:TimerMSP432_allocateTimerResource)
                  00003800    00000038                              : PWMTimerMSP432.oem4f (.text:getDutyCounts)
                  00003838    00000034                              : TimerMSP432.oem4f (.text:TimerMSP432_Timer_A_stop)
                  0000386c    00000034     release_pem4f.oem4f (.text:ti_sysbios_knl_Semaphore_create)
                  000038a0    00000032     sysbios.aem4f : BIOS.obj (.text:ti_sysbios_hal_Hwi_initStack)
                  000038d2    00000002     --HOLE-- [fill = 0]
                  000038d4    00000030     drivers_msp432p4xx.aem4f : GPIOMSP432.oem4f (.text:GPIO_enableInt)
                  00003904    00000030                              : TimerMSP432.oem4f (.text:TimerMSP432_freeTimerResource)
                  00003934    00000030                              : PWMTimerMSP432.oem4f (.text:mapPin)
                  00003964    00000030     release_pem4f.oem4f (.text:ti_sysbios_BIOS_atExitFunc__I)
                  00003994    00000030     release_pem4f.oem4f (.text:ti_sysbios_BIOS_startFunc__I)
                  000039c4    00000004     --HOLE-- [fill = 0]
                  000039c8    00000030     sysbios.aem4f : BIOS.obj (.text:ti_sysbios_family_arm_m3_TaskSupport_start__E)
                  000039f8    00000030     release_pem4f.oem4f (.text:ti_sysbios_gates_GateHwi_Object__create__S)
                  00003a28    00000030     release_pem4f.oem4f (.text:ti_sysbios_gates_GateMutex_Object__create__S)
                  00003a58    00000030     sysbios.aem4f : BIOS.obj (.text:ti_sysbios_gates_GateMutex_enter__E)
                  00003a88    00000030     release_pem4f.oem4f (.text:ti_sysbios_heaps_HeapMem_Object__create__S)
                  00003ab8    00000030     sysbios.aem4f : BIOS.obj (.text:ti_sysbios_knl_Mailbox_postInit__I)
                  00003ae8    00000030     release_pem4f.oem4f (.text:ti_sysbios_knl_Semaphore_construct)
                  00003b18    00000030     sysbios.aem4f : BIOS.obj (.text:ti_sysbios_knl_Semaphore_pendTimeout__I)
                  00003b48    00000030                   : BIOS.obj (.text:ti_sysbios_knl_Task_processVitalTaskFlag__I)
                  00003b78    00000030                   : BIOS.obj (.text:ti_sysbios_knl_Task_unblockI__E)
                  00003ba8    00000030                   : BIOS.obj (.text:xdc_runtime_System_processAtExit__E)
                  00003bd8    0000002c     dpl_msp432p4xx.aem4f : PowerMSP432_tirtos.oem4f (.text:PowerMSP432_updateFreqs)
                  00003c04    0000002c     release_pem4f.oem4f (.text:ti_sysbios_knl_Clock_doTick__I)
                  00003c30    0000002c     release_pem4f.oem4f (.text:ti_sysbios_knl_Queue_construct)
                  00003c5c    00000004     --HOLE-- [fill = 0]
                  00003c60    0000002c     sysbios.aem4f : BIOS.obj (.text:ti_sysbios_knl_Task_restore__E)
                  00003c8c    00000028     drivers_msp432p4xx.aem4f : PowerMSP432.oem4f (.text:disableHFXT)
                  00003cb4    00000004     --HOLE-- [fill = 0]
                  00003cb8    00000028     sysbios.aem4f : BIOS.obj (.text:ti_sysbios_knl_Clock_addI__E)
                  00003ce0    00000028                   : BIOS.obj (.text:ti_sysbios_knl_Swi_Module_startup__E)
                  00003d08    00000026                   : m3_Hwi_asm.obj (.text:ti_sysbios_family_arm_m3_Hwi_pendSV__I)
                  00003d2e    00000002     --HOLE-- [fill = 0]
                  00003d30    00000024     msp432p4xx_driverlib.lib : cs.o (.text:CS_setDCOCenteredFrequency)
                  00003d54    00000024                              : timer32.o (.text:Timer32_setCount)
                  00003d78    00000024     sysbios.aem4f : BIOS.obj (.text:pthread_attr_init)
                  00003d9c    00000024     release_pem4f.oem4f (.text:ti_sysbios_BIOS_registerRTSLock__I)
                  00003dc0    00000024     release_pem4f.oem4f (.text:ti_sysbios_BIOS_removeRTSLock__I)
                  00003de4    00000004     --HOLE-- [fill = 0]
                  00003de8    00000024     sysbios.aem4f : BIOS.obj (.text:ti_sysbios_family_arm_msp432_ClockFreqs_setFrequency__E)
                  00003e0c    00000024     release_pem4f.oem4f (.text:ti_sysbios_gates_GateMutex_Object__delete__S)
                  00003e30    00000024     sysbios.aem4f : BIOS.obj (.text:ti_sysbios_knl_Clock_Module_startup__E)
                  00003e54    00000004     --HOLE-- [fill = 0]
                  00003e58    00000024                   : BIOS.obj (.text:ti_sysbios_knl_Semaphore_Instance_init__E)
                  00003e7c    00000024     release_pem4f.oem4f (.text:ti_sysbios_knl_Semaphore_Object__delete__S)
                  00003ea0    00000024     sysbios.aem4f : BIOS.obj (.text:ti_sysbios_knl_Task_restoreHwi__E)
                  00003ec4    00000004     --HOLE-- [fill = 0]
                  00003ec8    00000024                   : BIOS.obj (.text:xdc_runtime_Error_policyMin__E)
                  00003eec    00000004     --HOLE-- [fill = 0]
                  00003ef0    00000024                   : BIOS.obj (.text:xdc_runtime_System_abort__E)
                  00003f14    00000020     msp432p4xx_driverlib.lib : timer_a.o (.text:Timer_A_disableCaptureCompareInterrupt)
                  00003f34    00000020                              : timer_a.o (.text:Timer_A_enableCaptureCompareInterrupt)
                  00003f54    00000020     release_pem4f.oem4f (.text:ti_sysbios_BIOS_rtsLock__I)
                  00003f74    00000020     sysbios.aem4f : m3_Hwi_asm.obj (.text:ti_sysbios_family_arm_m3_Hwi_excHandlerAsm__I)
                  00003f94    00000004     --HOLE-- [fill = 0]
                  00003f98    00000020                   : BIOS.obj (.text:ti_sysbios_family_arm_m3_Hwi_excHandler__I)
                  00003fb8    00000020     release_pem4f.oem4f (.text:ti_sysbios_gates_GateHwi_Object__delete__S)
                  00003fd8    00000020     release_pem4f.oem4f (.text:ti_sysbios_heaps_HeapMem_Object__delete__S)
                  00003ff8    00000020     sysbios.aem4f : BIOS.obj (.text:ti_sysbios_knl_Idle_run__E)
                  00004018    00000020     release_pem4f.oem4f (.text:ti_sysbios_knl_Semaphore_destruct)
                  00004038    0000001e     drivers_msp432p4xx.aem4f : PWMTimerMSP432.oem4f (.text:corroboratePeriod)
                  00004056    0000001e     sysbios.aem4f : m3_Hwi_asm_switch.obj (.text:ti_sysbios_family_xxx_Hwi_switchAndRunFunc)
                  00004074    0000001c     drivers_msp432p4xx.aem4f : TimerMSP432.oem4f (.text:TimerMSP432_Timer_A_getCount)
                  00004090    0000001c     msp432p4xx_driverlib.lib : timer_a.o (.text:Timer_A_getCounterValue)
                  000040ac    00000004     --HOLE-- [fill = 0]
                  000040b0    0000001c     sysbios.aem4f : BIOS.obj (.text:_pthread_cleanup_pop)
                  000040cc    00000004     --HOLE-- [fill = 0]
                  000040d0    0000001c                   : BIOS.obj (.text:ti_sysbios_gates_GateMutex_Instance_init__E)
                  000040ec    0000001c     release_pem4f.oem4f (.text:ti_sysbios_knl_Queue_destruct)
                  00004108    0000001c     sysbios.aem4f : BIOS.obj (.text:ti_sysbios_knl_Queue_put__E)
                  00004124    00000004     --HOLE-- [fill = 0]
                  00004128    0000001c                   : BIOS.obj (.text:ti_sysbios_knl_Task_enter__I)
                  00004144    00000004     --HOLE-- [fill = 0]
                  00004148    0000001c                   : BIOS.obj (.text:xdc_runtime_Memory_valloc__E)
                  00004164    0000001a     msp432p4xx_driverlib.lib : timer_a.o (.text:Timer_A_clearCaptureCompareInterrupt)
                  0000417e    00000002     --HOLE-- [fill = 0]
                  00004180    00000018     release_pem4f.oem4f (.text:.bootCodeSection:ti_sysbios_family_arm_msp432_init_Boot_init__I)
                  00004198    00000018     drivers_msp432p4xx.aem4f : PowerMSP432.oem4f (.text:Power_idleFunc)
                  000041b0    00000018                              : PWMTimerMSP432.oem4f (.text:corroborateDuty)
                  000041c8    00000018     sysbios.aem4f : BIOS.obj (.text:pthread_attr_setschedparam)
                  000041e0    00000018     rtsv7M4_T_le_v4SPD16_eabi.lib : args_main.obj (.text)
                  000041f8    00000018     release_pem4f.oem4f (.text:ti_sysbios_BIOS_rtsUnlock__I)
                  00004210    00000018     release_pem4f.oem4f (.text:ti_sysbios_family_arm_m3_Hwi_Module__startupDone__F)
                  00004228    00000018     sysbios.aem4f : m3_TaskSupport_asm.obj (.text:ti_sysbios_family_arm_m3_TaskSupport_swap__E)
                  00004240    00000018     release_pem4f.oem4f (.text:ti_sysbios_family_arm_msp432_Timer_Module__startupDone__F)
                  00004258    00000018     release_pem4f.oem4f (.text:ti_sysbios_gates_GateHwi_Handle__label__S)
                  00004270    00000018     release_pem4f.oem4f (.text:ti_sysbios_gates_GateMutex_Handle__label__S)
                  00004288    00000018     sysbios.aem4f : BIOS.obj (.text:ti_sysbios_gates_GateMutex_leave__E)
                  000042a0    00000018     release_pem4f.oem4f (.text:ti_sysbios_heaps_HeapMem_Handle__label__S)
                  000042b8    00000018     sysbios.aem4f : BIOS.obj (.text:xdc_runtime_Error_init__E)
                  000042d0    00000018                   : BIOS.obj (.text:xdc_runtime_System_exit__E)
                  000042e8    00000016     release_pem4f.oem4f (.text:ti_sysbios_BIOS_exitFunc__I)
                  000042fe    00000002     --HOLE-- [fill = 0]
                  00004300    00000016     sysbios.aem4f : BIOS.obj (.text:ti_sysbios_knl_Task_unblock__E)
                  00004316    00000002     --HOLE-- [fill = 0]
                  00004318    00000014     drivers_msp432p4xx.aem4f : PWM.oem4f (.text:PWM_Params_init)
                  0000432c    00000014     rtsv7M4_T_le_v4SPD16_eabi.lib : _lock.obj (.text)
                  00004340    00000014     release_pem4f.oem4f (.text:ti_sysbios_family_arm_m3_Hwi_Object__get__S)
                  00004354    00000004     --HOLE-- [fill = 0]
                  00004358    00000014     sysbios.aem4f : BIOS.obj (.text:ti_sysbios_family_arm_m3_Hwi_switchFromBootStack__E)
                  0000436c    00000014     release_pem4f.oem4f (.text:ti_sysbios_heaps_HeapMem_Object__get__S)
                  00004380    00000014     release_pem4f.oem4f (.text:ti_sysbios_knl_Swi_Object__get__S)
                  00004394    00000004     --HOLE-- [fill = 0]
                  00004398    00000012     sysbios.aem4f : BIOS.obj (.text:ti_sysbios_hal_Hwi_Module_startup__E)
                  000043aa    00000012     release_pem4f.oem4f (.text:xdc_runtime_Startup_exec__I)
                  000043bc    00000010     msp432p4xx_driverlib.lib : sysctl.o (.text:SysCtl_disableNMISource)
                  000043cc    00000010                              : sysctl.o (.text:SysCtl_enableNMISource)
                  000043dc    00000010                              : sysctl.o (.text:SysCtl_getNMISourceStatus)
                  000043ec    00000010                              : timer_a.o (.text:Timer_A_clearTimer)
                  000043fc    00000010     drivers_msp432p4xx.aem4f : Timer.oem4f (.text:Timer_Params_init)
                  0000440c    00000004     --HOLE-- [fill = 0]
                  00004410    00000010     sysbios.aem4f : BIOS.obj (.text:ti_sysbios_BIOS_exit__E)
                  00004420    00000010                   : BIOS.obj (.text:ti_sysbios_BIOS_setCpuFreq__E)
                  00004430    00000010                   : BIOS.obj (.text:ti_sysbios_BIOS_setThreadType__E)
                  00004440    00000010                   : BIOS.obj (.text:ti_sysbios_BIOS_start__E)
                  00004450    00000010                   : m3_TaskSupport_asm.obj (.text:ti_sysbios_family_arm_m3_TaskSupport_glue)
                  00004460    00000010                   : BIOS.obj (.text:ti_sysbios_family_arm_msp432_init_Boot_disableWatchdog)
                  00004470    00000010                   : BIOS.obj (.text:ti_sysbios_gates_GateMutex_Instance_finalize__E)
                  00004480    00000010     release_pem4f.oem4f (.text:ti_sysbios_knl_Mailbox_Object__get__S)
                  00004490    00000010     sysbios.aem4f : BIOS.obj (.text:ti_sysbios_knl_Semaphore_Instance_finalize__E)
                  000044a0    00000010                   : BIOS.obj (.text:ti_sysbios_knl_Swi_disable__E)
                  000044b0    00000010     release_pem4f.oem4f (.text:ti_sysbios_knl_Task_Object__get__S)
                  000044c0    00000010     sysbios.aem4f : BIOS.obj (.text:ti_sysbios_knl_Task_disable__E)
                  000044d0    00000010                   : BIOS.obj (.text:xdc_runtime_Gate_leaveSystem__E)
                  000044e0    00000010                   : BIOS.obj (.text:xdc_runtime_Memory_free__E)
                  000044f0    00000010                   : BIOS.obj (.text:xdc_runtime_SysCallback_abort__E)
                  00004500    00000010                   : BIOS.obj (.text:xdc_runtime_SysCallback_exit__E)
                  00004510    0000000e     dpl_msp432p4xx.aem4f : HwiP_tirtos.oem4f (.text:HwiP_Params_init)
                  0000451e    0000000e                          : SemaphoreP_tirtos.oem4f (.text:SemaphoreP_delete)
                  0000452c    0000000e     rtsv7M4_T_le_v4SPD16_eabi.lib : copy_decompress_none.obj (.text:decompress:none)
                  0000453a    00000006     drivers_msp432p4xx.aem4f : PWMTimerMSP432.oem4f (.text:PWMTimerMSP432_control)
                  00004540    0000000e     sysbios.aem4f : BIOS.obj (.text:pthread_attr_setdetachstate)
                  0000454e    00000002     --HOLE-- [fill = 0]
                  00004550    0000000e                   : BIOS.obj (.text:ti_sysbios_knl_Idle_loop__E)
                  0000455e    00000002     --HOLE-- [fill = 0]
                  00004560    0000000e                   : BIOS.obj (.text:ti_sysbios_knl_Queue_empty__E)
                  0000456e    0000000c     msp432p4xx_driverlib.lib : cpu.o (.text:CPU_cpsid)
                  0000457a    0000000c                              : cpu.o (.text:CPU_cpsie)
                  00004586    00000002     --HOLE-- [fill = 0]
                  00004588    0000000c     drivers_msp432p4xx.aem4f : PowerMSP432.oem4f (.text:Power_getConstraintMask)
                  00004594    0000000c                              : PowerMSP432.oem4f (.text:Power_getPerformanceLevel)
                  000045a0    0000000c     msp432p4xx_driverlib.lib : timer_a.o (.text:Timer_A_stopTimer)
                  000045ac    0000000c     rtsv7M4_T_le_v4SPD16_eabi.lib : copy_zero_init.obj (.text:decompress:ZI)
                  000045b8    0000000c     sysbios.aem4f : BIOS.obj (.text:pthread_self)
                  000045c4    0000000c     release_pem4f.oem4f (.text:ti_sysbios_family_arm_m3_Hwi_Params__init__S)
                  000045d0    0000000c     sysbios.aem4f : BIOS.obj (.text:ti_sysbios_family_arm_m3_Hwi_disableFxn__E)
                  000045dc    00000004     --HOLE-- [fill = 0]
                  000045e0    0000000c                   : BIOS.obj (.text:ti_sysbios_family_arm_m3_TaskSupport_getStackAlignment__E)
                  000045ec    00000004     --HOLE-- [fill = 0]
                  000045f0    0000000c                   : BIOS.obj (.text:ti_sysbios_family_arm_msp432_Timer_getMaxTicks__E)
                  000045fc    00000004     --HOLE-- [fill = 0]
                  00004600    0000000c                   : BIOS.obj (.text:ti_sysbios_gates_GateHwi_enter__E)
                  0000460c    0000000c     release_pem4f.oem4f (.text:ti_sysbios_knl_Queue_Object__get__S)
                  00004618    0000000c     release_pem4f.oem4f (.text:ti_sysbios_knl_Semaphore_Params__init__S)
                  00004624    0000000c     release_pem4f.oem4f (.text:ti_sysbios_knl_Task_Params__init__S)
                  00004630    0000000c     prjct_pwm_rtos.obj (.text:timerCallback)
                  0000463c    00000004     --HOLE-- [fill = 0]
                  00004640    0000000c     sysbios.aem4f : BIOS.obj (.text:xdc_runtime_Gate_enterSystem__E)
                  0000464c    00000004     --HOLE-- [fill = 0]
                  00004650    0000000c                   : BIOS.obj (.text:xdc_runtime_Startup_rtsDone__E)
                  0000465c    0000000a     drivers_msp432p4xx.aem4f : PWM.oem4f (.text:PWM_setDuty)
                  00004666    0000000a                              : PWM.oem4f (.text:PWM_start)
                  00004670    0000000a     dpl_msp432p4xx.aem4f : SemaphoreP_tirtos.oem4f (.text:SemaphoreP_Params_init)
                  0000467a    0000000a                          : SemaphoreP_tirtos.oem4f (.text:SemaphoreP_post)
                  00004684    0000000a     msp432p4xx_driverlib.lib : timer32.o (.text:Timer32_clearInterruptFlag)
                  0000468e    0000000a                              : timer32.o (.text:Timer32_disableInterrupt)
                  00004698    0000000a                              : timer32.o (.text:Timer32_haltTimer)
                  000046a2    0000000a     drivers_msp432p4xx.aem4f : TimerMSP432.oem4f (.text:TimerMSP432_init)
                  000046ac    0000000a                              : Timer.oem4f (.text:Timer_start)
                  000046b6    0000000a     release_pem4f.oem4f (.text:xdc_runtime_IHeap_alloc)
                  000046c0    0000000a     release_pem4f.oem4f (.text:xdc_runtime_IHeap_free)
                  000046ca    00000008     MSP_EXP432P401R.obj (.text:MSP_EXP432P401R_initGeneral)
                  000046d2    00000008     msp432p4xx_driverlib.lib : timer_a.o (.text:Timer_A_startCounter)
                  000046da    00000006     drivers_msp432p4xx.aem4f : TimerMSP432.oem4f (.text:TimerMSP432_Timer_A_control)
                  000046e0    00000008     sysbios.aem4f : BIOS.obj (.text:pthread_attr_setstacksize)
                  000046e8    00000008                   : BIOS.obj (.text:ti_sysbios_family_arm_m3_Hwi_doSwiRestore__I)
                  000046f0    00000008                   : BIOS.obj (.text:ti_sysbios_family_arm_m3_Hwi_startup__E)
                  000046f8    00000006                   : BIOS.obj (.text:ti_sysbios_family_arm_m3_Hwi_doTaskRestore__I)
                  000046fe    00000002     --HOLE-- [fill = 0]
                  00004700    00000006                   : BIOS.obj (.text:ti_sysbios_family_arm_m3_Hwi_restoreFxn__E)
                  00004706    00000002     --HOLE-- [fill = 0]
                  00004708    00000006                   : BIOS.obj (.text:ti_sysbios_gates_GateHwi_leave__E)
                  0000470e    00000002     --HOLE-- [fill = 0]
                  00004710    00000006                   : BIOS.obj (.text:ti_sysbios_heaps_HeapMem_isBlocking__E)
                  00004716    00000002     --HOLE-- [fill = 0]
                  00004718    00000006                   : BIOS.obj (.text:ti_sysbios_knl_Queue_Instance_init__E)
                  0000471e    00000002     --HOLE-- [fill = 0]
                  00004720    00000006                   : BIOS.obj (.text:ti_sysbios_knl_Swi_startup__E)
                  00004726    00000002     --HOLE-- [fill = 0]
                  00004728    00000006                   : BIOS.obj (.text:xdc_runtime_System_Module_startup__E)
                  0000472e    00000002     --HOLE-- [fill = 0]
                  00004730    00000004                   : BIOS.obj (.text:ti_sysbios_gates_GateHwi_query__E)
                  00004734    00000004     --HOLE-- [fill = 0]
                  00004738    00000004                   : BIOS.obj (.text:ti_sysbios_gates_GateMutex_query__E)
                  0000473c    00000004     --HOLE-- [fill = 0]
                  00004740    00000004                   : BIOS.obj (.text:ti_sysbios_knl_Task_startup__E)
                  00004744    00000004     --HOLE-- [fill = 0]
                  00004748    00000002                   : BIOS.obj (.text:ti_sysbios_BIOS_linkedWithIncorrectBootLibrary__E)
                  0000474a    00000006     --HOLE-- [fill = 0]
                  00004750    00000002                   : BIOS.obj (.text:ti_sysbios_gates_GateHwi_Instance_init__E)
                  00004752    00000006     --HOLE-- [fill = 0]
                  00004758    00000002                   : BIOS.obj (.text:ti_sysbios_knl_Clock_logTick__E)
                  0000475a    00000006     --HOLE-- [fill = 0]
                  00004760    00000002                   : BIOS.obj (.text:xdc_runtime_SysCallback_defaultAbort)
                  00004762    00000006     --HOLE-- [fill = 0]
                  00004768    00000002                   : BIOS.obj (.text:xdc_runtime_SysCallback_defaultExit)
                  0000476a    00000006     --HOLE-- [fill = 0]
                  00004770    00000002                   : BIOS.obj (.text:xdc_runtime_System_abortSpin__E)
                  00004772    00000006     --HOLE-- [fill = 0]
                  00004778    00000002                   : BIOS.obj (.text:xdc_runtime_System_exitSpin__E)

.resetVecs 
*          0    00000000    0000003c     
                  00000000    0000003c     release_pem4f.oem4f (.resetVecs)

.binit     0    00000000    00000000     

.const     0    0000477c    00000522     
                  0000477c    00000050     drivers_msp432p4xx.aem4f : TimerMSP432.oem4f (.const:timerADividers)
                  000047cc    00000048     release_pem4f.oem4f (.const:.string)
                  00004814    0000003c     release_pem4f.oem4f (.const:ti_sysbios_knl_Task_Object__PARAMS__C)
                  00004850    00000030     release_pem4f.oem4f (.const:ti_sysbios_family_arm_m3_Hwi_Object__PARAMS__C)
                  00004880    00000028     release_pem4f.oem4f (.const:ti_sysbios_heaps_HeapMem_Module__FXNS__C)
                  000048a8    00000024     MSP_EXP432P401R.obj (.const:PWM_config)
                  000048cc    00000024     release_pem4f.oem4f (.const:ti_sysbios_gates_GateHwi_Module__FXNS__C)
                  000048f0    00000024     release_pem4f.oem4f (.const:ti_sysbios_gates_GateMutex_Module__FXNS__C)
                  00004914    00000024     release_pem4f.oem4f (.const:ti_sysbios_heaps_HeapMem_Object__PARAMS__C)
                  00004938    00000024     release_pem4f.oem4f (.const:ti_sysbios_knl_Semaphore_Object__PARAMS__C)
                  0000495c    00000024     release_pem4f.oem4f (.const:xdc_runtime_Startup_sfxnTab__A)
                  00004980    00000020     drivers_msp432p4xx.aem4f : PWMTimerMSP432.oem4f (.const:PWMTimerMSP432_fxnTable)
                  000049a0    00000020     release_pem4f.oem4f (.const:ti_sysbios_family_arm_m3_Hwi_Object__DESC__C)
                  000049c0    00000020     release_pem4f.oem4f (.const:ti_sysbios_gates_GateHwi_Object__DESC__C)
                  000049e0    00000020     release_pem4f.oem4f (.const:ti_sysbios_gates_GateMutex_Object__DESC__C)
                  00004a00    00000020     release_pem4f.oem4f (.const:ti_sysbios_heaps_HeapMem_Object__DESC__C)
                  00004a20    00000020     release_pem4f.oem4f (.const:ti_sysbios_knl_Queue_Object__DESC__C)
                  00004a40    00000020     release_pem4f.oem4f (.const:ti_sysbios_knl_Semaphore_Object__DESC__C)
                  00004a60    00000020     release_pem4f.oem4f (.const:ti_sysbios_knl_Task_Object__DESC__C)
                  00004a80    00000018     drivers_msp432p4xx.aem4f : PWM.oem4f (.const:PWM_defaultParams)
                  00004a98    00000018     MSP_EXP432P401R.obj (.const:PowerMSP432_config)
                  00004ab0    00000018     MSP_EXP432P401R.obj (.const:pwmTimerMSP432HWAttrs)
                  00004ac8    00000018     release_pem4f.oem4f (.const:ti_sysbios_gates_GateHwi_Object__PARAMS__C)
                  00004ae0    00000018     release_pem4f.oem4f (.const:ti_sysbios_gates_GateMutex_Object__PARAMS__C)
                  00004af8    00000018     release_pem4f.oem4f (.const:ti_sysbios_knl_Queue_Object__PARAMS__C)
                  00004b10    00000014     MSP_EXP432P401R.obj (.const:GPIOMSP432_config)
                  00004b24    00000012     release_pem4f.oem4f (.const:xdc_runtime_Startup_sfxnRts__A)
                  00004b36    00000002     release_pem4f.oem4f (.const:ti_sysbios_family_arm_m3_Hwi_Module__id__C)
                  00004b38    00000010     drivers_msp432p4xx.aem4f : PWMTimerMSP432.oem4f (.const:pwmTimerBaseAddr)
                  00004b48    00000010     MSP_EXP432P401R.obj (.const:timerMSP432HWAttrs)
                  00004b58    0000000c     MSP_EXP432P401R.obj (.const)
                  00004b64    0000000c     MSP_EXP432P401R.obj (.const:Timer_config)
                  00004b70    0000000c     drivers_msp432p4xx.aem4f : Timer.oem4f (.const:defaultParams)
                  00004b7c    0000000c                              : TimerMSP432.oem4f (.const:timer32Dividers)
                  00004b88    0000000c     release_pem4f.oem4f (.const:xdc_runtime_Startup_firstFxns__A)
                  00004b94    00000008     release_pem4f.oem4f (.const:ti_sysbios_knl_Idle_funcList__C)
                  00004b9c    00000008     release_pem4f.oem4f (.const:xdc_runtime_Startup_firstFxns__C)
                  00004ba4    00000008     release_pem4f.oem4f (.const:xdc_runtime_Startup_lastFxns__C)
                  00004bac    00000006     drivers_msp432p4xx.aem4f : GPIOMSP432.oem4f (.const:.string:interruptType)
                  00004bb2    00000006                              : GPIOMSP432.oem4f (.const:.string:portInterruptIds)
                  00004bb8    00000004     release_pem4f.oem4f (.const:ti_sysbios_family_arm_m3_Hwi_E_alreadyDefined__C)
                  00004bbc    00000004     release_pem4f.oem4f (.const:ti_sysbios_family_arm_m3_Hwi_NUM_INTERRUPTS__C)
                  00004bc0    00000004     release_pem4f.oem4f (.const:ti_sysbios_family_arm_m3_Hwi_Object__count__C)
                  00004bc4    00000004     release_pem4f.oem4f (.const:ti_sysbios_family_arm_m3_Hwi_ccr__C)
                  00004bc8    00000004     release_pem4f.oem4f (.const:ti_sysbios_family_arm_m3_Hwi_excHandlerFunc__C)
                  00004bcc    00000004     release_pem4f.oem4f (.const:ti_sysbios_family_arm_m3_Hwi_nullIsrFunc__C)
                  00004bd0    00000004     release_pem4f.oem4f (.const:ti_sysbios_family_arm_m3_Hwi_priGroup__C)
                  00004bd4    00000004     release_pem4f.oem4f (.const:ti_sysbios_family_arm_m3_Hwi_swiDisable__C)
                  00004bd8    00000004     release_pem4f.oem4f (.const:ti_sysbios_family_arm_m3_Hwi_swiRestoreHwi__C)
                  00004bdc    00000004     release_pem4f.oem4f (.const:ti_sysbios_family_arm_m3_TaskSupport_stackAlignment__C)
                  00004be0    00000004     release_pem4f.oem4f (.const:ti_sysbios_family_arm_msp432_Timer_numTimerDevices__C)
                  00004be4    00000004     release_pem4f.oem4f (.const:ti_sysbios_family_arm_msp432_Timer_startupNeeded__C)
                  00004be8    00000004     release_pem4f.oem4f (.const:ti_sysbios_gates_GateMutex_Instance_State_sem__O)
                  00004bec    00000004     release_pem4f.oem4f (.const:ti_sysbios_heaps_HeapMem_E_memory__C)
                  00004bf0    00000004     release_pem4f.oem4f (.const:ti_sysbios_heaps_HeapMem_Module__gateObj__C)
                  00004bf4    00000004     release_pem4f.oem4f (.const:ti_sysbios_heaps_HeapMem_Object__count__C)
                  00004bf8    00000004     release_pem4f.oem4f (.const:ti_sysbios_heaps_HeapMem_primaryHeapBaseAddr__C)
                  00004bfc    00000004     release_pem4f.oem4f (.const:ti_sysbios_heaps_HeapMem_primaryHeapEndAddr__C)
                  00004c00    00000004     release_pem4f.oem4f (.const:ti_sysbios_heaps_HeapMem_reqAlign__C)
                  00004c04    00000004     release_pem4f.oem4f (.const:ti_sysbios_knl_Clock_Module_State_clockQ__O)
                  00004c08    00000004     release_pem4f.oem4f (.const:ti_sysbios_knl_Idle_funcList__A)
                  00004c0c    00000004     release_pem4f.oem4f (.const:ti_sysbios_knl_Mailbox_Instance_State_freeQue__O)
                  00004c10    00000004     release_pem4f.oem4f (.const:ti_sysbios_knl_Mailbox_Object__count__C)
                  00004c14    00000004     release_pem4f.oem4f (.const:ti_sysbios_knl_Mailbox_maxTypeAlign__C)
                  00004c18    00000004     release_pem4f.oem4f (.const:ti_sysbios_knl_Semaphore_Instance_State_pendQ__O)
                  00004c1c    00000004     release_pem4f.oem4f (.const:ti_sysbios_knl_Swi_Object__count__C)
                  00004c20    00000004     release_pem4f.oem4f (.const:ti_sysbios_knl_Task_Module_State_inactiveQ__O)
                  00004c24    00000004     release_pem4f.oem4f (.const:ti_sysbios_knl_Task_Object__count__C)
                  00004c28    00000004     release_pem4f.oem4f (.const:ti_sysbios_knl_Task_Object__heap__C)
                  00004c2c    00000004     release_pem4f.oem4f (.const:ti_sysbios_knl_Task_allBlockedFunc__C)
                  00004c30    00000004     release_pem4f.oem4f (.const:ti_sysbios_knl_Task_defaultStackHeap__C)
                  00004c34    00000004     release_pem4f.oem4f (.const:ti_sysbios_knl_Task_defaultStackSize__C)
                  00004c38    00000004     release_pem4f.oem4f (.const:ti_sysbios_knl_Task_numConstructedTasks__C)
                  00004c3c    00000004     release_pem4f.oem4f (.const:xdc_runtime_Error_E_memory__C)
                  00004c40    00000004     release_pem4f.oem4f (.const:xdc_runtime_Error_policyFxn__C)
                  00004c44    00000004     release_pem4f.oem4f (.const:xdc_runtime_IGateProvider_Interface__BASE__C)
                  00004c48    00000004     release_pem4f.oem4f (.const:xdc_runtime_IHeap_Interface__BASE__C)
                  00004c4c    00000004     release_pem4f.oem4f (.const:xdc_runtime_IModule_Interface__BASE__C)
                  00004c50    00000004     release_pem4f.oem4f (.const:xdc_runtime_Memory_defaultHeapInstance__C)
                  00004c54    00000004     release_pem4f.oem4f (.const:xdc_runtime_Startup_execImpl__C)
                  00004c58    00000004     release_pem4f.oem4f (.const:xdc_runtime_Startup_maxPasses__C)
                  00004c5c    00000004     release_pem4f.oem4f (.const:xdc_runtime_Startup_sfxnRts__C)
                  00004c60    00000004     release_pem4f.oem4f (.const:xdc_runtime_Startup_sfxnTab__C)
                  00004c64    00000004     release_pem4f.oem4f (.const:xdc_runtime_SysCallback_abortFxn__C)
                  00004c68    00000004     release_pem4f.oem4f (.const:xdc_runtime_SysCallback_exitFxn__C)
                  00004c6c    00000004     release_pem4f.oem4f (.const:xdc_runtime_System_Module__gateObj__C)
                  00004c70    00000004     release_pem4f.oem4f (.const:xdc_runtime_System_abortFxn__C)
                  00004c74    00000004     release_pem4f.oem4f (.const:xdc_runtime_System_exitFxn__C)
                  00004c78    00000004     release_pem4f.oem4f (.const:xdc_runtime_System_maxAtexitHandlers__C)
                  00004c7c    00000004     release_pem4f.oem4f (.const:xdc_runtime_Text_charTab__C)
                  00004c80    00000004     release_pem4f.oem4f (.const:xdc_runtime_Text_nameEmpty__C)
                  00004c84    00000004     release_pem4f.oem4f (.const:xdc_runtime_Text_nameStatic__C)
                  00004c88    00000004     release_pem4f.oem4f (.const:xdc_runtime_Text_nameUnknown__C)
                  00004c8c    00000002     release_pem4f.oem4f (.const:ti_sysbios_family_arm_msp432_init_Boot_bypassHFXT__C)
                  00004c8e    00000002     release_pem4f.oem4f (.const:ti_sysbios_family_arm_msp432_init_Boot_bypassLFXT__C)
                  00004c90    00000002     release_pem4f.oem4f (.const:ti_sysbios_family_arm_msp432_init_Boot_enableHFXT__C)
                  00004c92    00000002     release_pem4f.oem4f (.const:ti_sysbios_family_arm_msp432_init_Boot_enableLFXT__C)
                  00004c94    00000002     release_pem4f.oem4f (.const:ti_sysbios_heaps_HeapMem_Module__id__C)
                  00004c96    00000002     release_pem4f.oem4f (.const:xdc_runtime_Memory_Module__id__C)
                  00004c98    00000002     release_pem4f.oem4f (.const:xdc_runtime_Text_charCnt__C)
                  00004c9a    00000002     release_pem4f.oem4f (.const:xdc_runtime_Text_isLoaded__C)
                  00004c9c    00000001     release_pem4f.oem4f (.const:xdc_runtime_Error_policy__C)
                  00004c9d    00000001     release_pem4f.oem4f (.const:xdc_runtime_Text_charTab__A)

.cinit     0    00004ca0    00000250     
                  00004ca0    00000227     (.cinit..data.load) [load image, compression = lzss]
                  00004ec7    00000001     --HOLE-- [fill = 0]
                  00004ec8    0000000c     (__TI_handler_table)
                  00004ed4    00000004     --HOLE-- [fill = 0]
                  00004ed8    00000008     (.cinit..bss.load) [load image, compression = zero_init]
                  00004ee0    00000010     (__TI_cinit_table)

.init_array 
*          0    00000000    00000000     UNINITIALIZED

.vecs      0    20000000    00000140     NOLOAD SECTION
                  20000000    00000140     release_pem4f.oem4f (.vecs)

.priheap   0    20000140    00008000     UNINITIALIZED
                  20000140    00008000     --HOLE--

.data      0    20008140    000005fa     UNINITIALIZED
                  20008140    000000d0     drivers_msp432p4xx.aem4f : PowerMSP432.oem4f (.data:PowerMSP432_perfLevels)
                  20008210    00000080                              : PWMTimerMSP432.oem4f (.data:pwmTimerStatus)
                  20008290    00000080     release_pem4f.oem4f (.data:ti_sysbios_knl_Swi_Module_State_0_readyQ__A)
                  20008310    00000080     release_pem4f.oem4f (.data:ti_sysbios_knl_Task_Module_State_0_readyQ__A)
                  20008390    0000004c     release_pem4f.oem4f (.data:ti_sysbios_family_arm_msp432_Timer_Object__table__V)
                  200083dc    0000004c     release_pem4f.oem4f (.data:ti_sysbios_knl_Task_Object__table__V)
                  20008428    00000044     sysbios.aem4f : BIOS.obj (.data:$O1$$)
                  2000846c    00000044     release_pem4f.oem4f (.data:ti_sysbios_knl_Task_Module__state__V)
                  200084b0    00000038     release_pem4f.oem4f (.data:ti_sysbios_gates_GateMutex_Object__table__V)
                  200084e8    00000034     release_pem4f.oem4f (.data:ti_sysbios_family_arm_m3_Hwi_Module__state__V)
                  2000851c    00000030     release_pem4f.oem4f (.data:ti_sysbios_knl_Swi_Object__table__V)
                  2000854c    0000002c     drivers_msp432p4xx.aem4f : PowerMSP432.oem4f (.data:PowerMSP432_module)
                  20008578    0000002c     release_pem4f.oem4f (.data:ti_sysbios_knl_Clock_Module__state__V)
                  200085a4    00000024     release_pem4f.oem4f (.data:ti_sysbios_BIOS_Module__state__V)
                  200085c8    00000020     release_pem4f.oem4f (.data:ti_sysbios_family_arm_msp432_Timer_Module_State_0_device__A)
                  200085e8    00000020     release_pem4f.oem4f (.data:xdc_runtime_Error_IgnoreBlock)
                  20008608    0000001c     drivers_msp432p4xx.aem4f : TimerMSP432.oem4f (.data:TimerMSP432_Timer_A_fxnTable)
                  20008624    0000001c     release_pem4f.oem4f (.data:ti_sysbios_knl_Swi_Module__state__V)
                  20008640    00000018     release_pem4f.oem4f (.data:ti_sysbios_family_arm_m3_Hwi_Object__table__V)
                  20008658    00000018     release_pem4f.oem4f (.data:ti_sysbios_heaps_HeapMem_Object__table__V)
                  20008670    00000018     drivers_msp432p4xx.aem4f : TimerMSP432.oem4f (.data:upConfig)
                  20008688    00000010     release_pem4f.oem4f (.data:ti_sysbios_family_arm_msp432_Timer_Module_State_0_handles__A)
                  20008698    0000000c     MSP_EXP432P401R.obj (.data:gpioPinConfigs)
                  200086a4    0000000c     release_pem4f.oem4f (.data:ti_sysbios_family_arm_msp432_ClockFreqs_Module__state__V)
                  200086b0    0000000c     release_pem4f.oem4f (.data:ti_sysbios_family_arm_msp432_Timer_Module__state__V)
                  200086bc    00000008     rtsv7M4_T_le_v4SPD16_eabi.lib : _lock.obj (.data:$O1$$)
                  200086c4    00000008     MSP_EXP432P401R.obj (.data:gpioCallbackFunctions)
                  200086cc    00000008     release_pem4f.oem4f (.data:ti_sysbios_family_arm_m3_Hwi_Module__root__V)
                  200086d4    00000008     release_pem4f.oem4f (.data:ti_sysbios_gates_GateHwi_Module__root__V)
                  200086dc    00000008     release_pem4f.oem4f (.data:ti_sysbios_gates_GateMutex_Module__root__V)
                  200086e4    00000008     release_pem4f.oem4f (.data:ti_sysbios_heaps_HeapMem_Module__root__V)
                  200086ec    00000008     release_pem4f.oem4f (.data:ti_sysbios_knl_Queue_Module__root__V)
                  200086f4    00000008     release_pem4f.oem4f (.data:ti_sysbios_knl_Semaphore_Module__root__V)
                  200086fc    00000008     release_pem4f.oem4f (.data:ti_sysbios_knl_Task_Module__root__V)
                  20008704    00000008     release_pem4f.oem4f (.data:xdc_runtime_Startup_Module__state__V)
                  2000870c    00000008     release_pem4f.oem4f (.data:xdc_runtime_System_Module_State_0_atexitHandlers__A)
                  20008714    00000008     release_pem4f.oem4f (.data:xdc_runtime_System_Module__state__V)
                  2000871c    00000004     rtsv7M4_T_le_v4SPD16_eabi.lib : stkdepth_vars.obj (.data)
                  20008720    00000004     release_pem4f.oem4f (.data:ti_sysbios_family_arm_m3_Hwi_Module_State_0_excContext__A)
                  20008724    00000004     release_pem4f.oem4f (.data:ti_sysbios_family_arm_m3_Hwi_Module_State_0_excStack__A)
                  20008728    00000004     release_pem4f.oem4f (.data:ti_sysbios_gates_GateHwi_Object__table__V)
                  2000872c    00000004     release_pem4f.oem4f (.data:ti_sysbios_knl_Task_Module_State_0_idleTask__A)
                  20008730    00000004     release_pem4f.oem4f (.data:xdc_runtime_Memory_Module__state__V)
                  20008734    00000002     release_pem4f.oem4f (.data:ti_sysbios_family_arm_m3_Hwi_Module_State_0_excActive__A)
                  20008736    00000001     drivers_msp432p4xx.aem4f : GPIOMSP432.oem4f (.data)
                  20008737    00000001                              : PWM.oem4f (.data)
                  20008738    00000001                              : Timer.oem4f (.data)
                  20008739    00000001     prjct_pwm_rtos.obj (.data)

.bss       0    20008740    000003d3     UNINITIALIZED
                  20008740    00000200     release_pem4f.oem4f (.bss:taskStackSection)
                  20008940    00000140     (.common:ti_sysbios_family_arm_m3_Hwi_dispatchTable)
                  20008a80    00000030     drivers_msp432p4xx.aem4f : GPIOMSP432.oem4f (.bss:gpioCallbackInfo)
                  20008ab0    00000030     (.common:pwmTimerMSP432Objects)
                  20008ae0    00000024     (.common:timerMSP432Objects)
                  20008b04    00000004     (.common:bluePWM)
                  20008b08    00000004     (.common:greenPWM)
                  20008b0c    00000004     (.common:redPWM)
                  20008b10    00000003     prjct_pwm_rtos.obj (.bss)

.stack     0    2000fc00    00000400     UNINITIALIZED
                  2000fc00    00000400     --HOLE--

.bootVecs 
*          0    00000000    00000008     DSECT
                  00000000    00000008     boot.aem4f : boot.oem4f (.bootVecs)

xdc.meta   0    00000000    0000010e     COPY SECTION
                  00000000    0000010e     release_pem4f.oem4f (xdc.meta)

xdc.noload 
*          0    00000000    00000000     COPY SECTION

MODULE SUMMARY

       Module                     code    ro data   rw data
       ------                     ----    -------   -------
    .\
       prjct_pwm_rtos.obj         532     0         16     
       MSP_EXP432P401R.obj        8       144       104    
       main_tirtos.obj            104     0         0      
    +--+--------------------------+-------+---------+---------+
       Total:                     644     144       120    
                                                           
    C:\Users\James\Documents\RTOS_Workspace\tirtos_builds_MSP_EXP432P401R_release_ccs\Debug\configPkg\package\cfg\
       release_pem4f.oem4f        1298    1042      2146   
    +--+--------------------------+-------+---------+---------+
       Total:                     1298    1042      2146   
                                                           
    C:/ti/simplelink_msp432_sdk_1_30_00_40/kernel/tirtos/packages/ti/dpl/lib/dpl_msp432p4xx.aem4f
       PowerMSP432_tirtos.oem4f   126     0         0      
       SemaphoreP_tirtos.oem4f    98      0         0      
       HwiP_tirtos.oem4f          94      0         0      
    +--+--------------------------+-------+---------+---------+
       Total:                     318     0         0      
                                                           
    C:/ti/simplelink_msp432_sdk_1_30_00_40/source/ti/devices/msp432p4xx/driverlib/ccs/msp432p4xx_driverlib.lib
       timer_a.o                  400     0         0      
       cs.o                       260     0         0      
       timer32.o                  138     0         0      
       sysctl.o                   48      0         0      
       cpu.o                      24      0         0      
    +--+--------------------------+-------+---------+---------+
       Total:                     870     0         0      
                                                           
    C:/ti/simplelink_msp432_sdk_1_30_00_40/source/ti/drivers/lib/drivers_msp432p4xx.aem4f
       PowerMSP432.oem4f          1572    0         252    
       PWMTimerMSP432.oem4f       1340    48        128    
       TimerMSP432.oem4f          1200    92        52     
       GPIOMSP432.oem4f           820     12        49     
       PWM.oem4f                  168     24        1      
       Timer.oem4f                154     12        1      
       List.oem4f                 8       0         0      
    +--+--------------------------+-------+---------+---------+
       Total:                     5262    188       483    
                                                           
    C:\Users\James\Documents\RTOS_Workspace\tirtos_builds_MSP_EXP432P401R_release_ccs\src\sysbios\sysbios.aem4f
       BIOS.obj                   7724    0         68     
       m3_Hwi_asm.obj             306     0         0      
       m3_TaskSupport_asm.obj     180     0         0      
       m3_Hwi_asm_switch.obj      118     0         0      
    +--+--------------------------+-------+---------+---------+
       Total:                     8328    0         68     
                                                           
    C:\ti\ccsv7\tools\compiler\ti-cgt-arm_16.9.1.LTS\lib\rtsv7M4_T_le_v4SPD16_eabi.lib
       ull_div_t2.obj             500     0         0      
       memcpy_t2.obj              156     0         0      
       memset_t2.obj              122     0         0      
       copy_decompress_lzss.obj   104     0         0      
       cpy_tbl.obj                76      0         0      
       _lock.obj                  20      0         8      
       args_main.obj              24      0         0      
       copy_decompress_none.obj   14      0         0      
       copy_zero_init.obj         12      0         0      
       stkdepth_vars.obj          0       0         4      
    +--+--------------------------+-------+---------+---------+
       Total:                     1028    0         12     
                                                           
    C:\ti\simplelink_msp432_sdk_1_30_00_40\kernel\tirtos\packages\ti\targets\arm\rtsarm\lib\auto_init.aem4f
       auto_init.oem4f            160     0         0      
    +--+--------------------------+-------+---------+---------+
       Total:                     160     0         0      
                                                           
    C:\ti\simplelink_msp432_sdk_1_30_00_40\kernel\tirtos\packages\ti\targets\arm\rtsarm\lib\boot.aem4f
       boot.oem4f                 88      0         0      
    +--+--------------------------+-------+---------+---------+
       Total:                     88      0         0      
                                                           
       Stack:                     0       0         1024   
       Linker Generated:          0       587       0      
    +--+--------------------------+-------+---------+---------+
       Grand Total:               17996   1961      3853   


LINKER GENERATED COPY TABLES

__TI_cinit_table @ 00004ee0 records: 2, size/record: 8, table size: 16
	.data: load addr=00004ca0, load size=00000227 bytes, run addr=20008140, run size=000005fa bytes, compression=lzss
	.bss: load addr=00004ed8, load size=00000008 bytes, run addr=20008740, run size=000003d3 bytes, compression=zero_init


LINKER GENERATED HANDLER TABLE

__TI_handler_table @ 00004ec8 records: 3, size/record: 4, table size: 12
	index: 0, handler: __TI_decompress_lzss
	index: 1, handler: __TI_decompress_none
	index: 2, handler: __TI_zero_init


GLOBAL SYMBOLS: SORTED ALPHABETICALLY BY Name 

address   name                                                        
-------   ----                                                        
00004b59  ADCBuf_count                                                
00004b58  ADC_count                                                   
0000456f  CPU_cpsid                                                   
0000457b  CPU_cpsie                                                   
00000fdd  CS_initClockSignal                                          
00003d31  CS_setDCOCenteredFrequency                                  
00004b5a  Capture_count                                               
00004b5b  Display_count                                               
00004b10  GPIOMSP432_config                                           
000038d5  GPIO_enableInt                                              
00002661  GPIO_hwiIntFxn                                              
0000272d  GPIO_init                                                   
00002acd  GPIO_setCallback                                            
00000505  GPIO_setConfig                                              
00003759  GPIO_toggle                                                 
00002789  GPIO_write                                                  
00008000  HEAPSIZE                                                    
00004511  HwiP_Params_init                                            
00003237  HwiP_create                                                 
000008e5  HwiP_disable                                                
00000d1d  HwiP_disableInterrupt                                       
00001265  HwiP_enableInterrupt                                        
00004701  HwiP_restore                                                
00004b5d  I2CSlave_count                                              
00004b5c  I2C_count                                                   
00001a85  List_head                                                   
00001bb5  List_next                                                   
000046cb  MSP_EXP432P401R_initGeneral                                 
000021a1  PWMTimerMSP432_close                                        
0000453b  PWMTimerMSP432_control                                      
00004980  PWMTimerMSP432_fxnTable                                     
00001567  PWMTimerMSP432_init                                         
000010bd  PWMTimerMSP432_open                                         
00001c4d  PWMTimerMSP432_setDuty                                      
0000194d  PWMTimerMSP432_setPeriod                                    
000024bd  PWMTimerMSP432_start                                        
00002219  PWMTimerMSP432_stop                                         
00004319  PWM_Params_init                                             
000048a8  PWM_config                                                  
00004b5e  PWM_count                                                   
00004a80  PWM_defaultParams                                           
0000327d  PWM_init                                                    
000035e9  PWM_open                                                    
0000465d  PWM_setDuty                                                 
00004667  PWM_start                                                   
00004a98  PowerMSP432_config                                          
000027e5  PowerMSP432_getFreqs                                        
00001d6b  PowerMSP432_initPolicy                                      
2000854c  PowerMSP432_module                                          
20008140  PowerMSP432_perfLevels                                      
00002ccd  PowerMSP432_sleepPolicy                                     
00003bd9  PowerMSP432_updateFreqs                                     
00004589  Power_getConstraintMask                                     
00004595  Power_getPerformanceLevel                                   
00004199  Power_idleFunc                                              
00002b21  Power_init                                                  
0000303d  Power_releaseConstraint                                     
00003791  Power_setConstraint                                         
00000041  Power_sleep                                                 
00004b5f  SDSPI_count                                                 
UNDEFED   SHT$$INIT_ARRAY$$Base                                       
UNDEFED   SHT$$INIT_ARRAY$$Limit                                      
00004b60  SPI_count                                                   
00004671  SemaphoreP_Params_init                                      
00003465  SemaphoreP_create                                           
0000451f  SemaphoreP_delete                                           
0000467b  SemaphoreP_post                                             
0000467b  SemaphoreP_postFromClock                                    
000043bd  SysCtl_disableNMISource                                     
000043cd  SysCtl_enableNMISource                                      
000043dd  SysCtl_getNMISourceStatus                                   
00004685  Timer32_clearInterruptFlag                                  
0000468f  Timer32_disableInterrupt                                    
00004699  Timer32_haltTimer                                           
00003085  Timer32_initModule                                          
00003d55  Timer32_setCount                                            
000046db  TimerMSP432_Timer_A_control                                 
20008608  TimerMSP432_Timer_A_fxnTable                                
00004075  TimerMSP432_Timer_A_getCount                                
000030cd  TimerMSP432_Timer_A_start                                   
00003839  TimerMSP432_Timer_A_stop                                    
000037c9  TimerMSP432_allocateTimerResource                           
0000371d  TimerMSP432_close                                           
00003905  TimerMSP432_freeTimerResource                               
000046a3  TimerMSP432_init                                            
00001cdd  TimerMSP432_open                                            
00004165  Timer_A_clearCaptureCompareInterrupt                        
000043ed  Timer_A_clearTimer                                          
000032c1  Timer_A_configureUpMode                                     
00003f15  Timer_A_disableCaptureCompareInterrupt                      
00003f35  Timer_A_enableCaptureCompareInterrupt                       
00004091  Timer_A_getCounterValue                                     
000046d3  Timer_A_startCounter                                        
000045a1  Timer_A_stopTimer                                           
000043fd  Timer_Params_init                                           
00004b64  Timer_config                                                
00004b61  Timer_count                                                 
00003305  Timer_init                                                  
00003625  Timer_open                                                  
000046ad  Timer_start                                                 
00004b62  UART_count                                                  
4000480c  WDTCTL_SYM                                                  
00004b63  Watchdog_count                                              
00000000  __ASM__                                                     
0000008a  __ISA__                                                     
0000009d  __PLAT__                                                    
20010000  __STACK_END                                                 
00000400  __STACK_SIZE                                                
000000c0  __TARG__                                                    
00004ee0  __TI_CINIT_Base                                             
00004ef0  __TI_CINIT_Limit                                            
00004ec8  __TI_Handler_Table_Base                                     
00004ed4  __TI_Handler_Table_Limit                                    
0000180d  __TI_auto_init                                              
00002525  __TI_decompress_lzss                                        
0000452d  __TI_decompress_none                                        
ffffffff  __TI_pprof_out_hndl                                         
ffffffff  __TI_prof_data_size                                         
ffffffff  __TI_prof_data_start                                        
00004ca0  __TI_static_base__                                          
000045ad  __TI_zero_init                                              
000000e6  __TRDR__                                                    
00002125  __aeabi_memclr                                              
00002125  __aeabi_memclr4                                             
00002125  __aeabi_memclr8                                             
000019e9  __aeabi_memcpy                                              
000019e9  __aeabi_memcpy4                                             
000019e9  __aeabi_memcpy8                                             
00002127  __aeabi_memset                                              
00002127  __aeabi_memset4                                             
00002127  __aeabi_memset8                                             
00000311  __aeabi_uldivmod                                            
ffffffff  __binit__                                                   
ffffffff  __c_args__                                                  
20008140  __primary_heap_end__                                        
20000140  __primary_heap_start__                                      
2000fc00  __stack                                                     
000041e1  _args_main                                                  
00002a1d  _c_int00                                                    
200086bc  _lock                                                       
0000433b  _nop                                                        
000040b1  _pthread_cleanup_pop                                        
00001b21  _pthread_removeThreadKeys                                   
000020a9  _pthread_runStub                                            
00004333  _register_lock                                              
0000432d  _register_unlock                                            
200086c0  _unlock                                                     
ffffffff  binit                                                       
20008b04  bluePWM                                                     
00001195  buttonInt                                                   
00002e11  copy_in                                                     
200086c4  gpioCallbackFunctions                                       
20008698  gpioPinConfigs                                              
20008b08  greenPWM                                                    
0000258d  main                                                        
000007ad  mainThread                                                  
2000871c  main_func_sp                                                
000019e9  memcpy                                                      
0000212d  memset                                                      
00003d79  pthread_attr_init                                           
00004541  pthread_attr_setdetachstate                                 
000041c9  pthread_attr_setschedparam                                  
000046e1  pthread_attr_setstacksize                                   
00000d21  pthread_create                                              
000045b9  pthread_self                                                
00004ab0  pwmTimerMSP432HWAttrs                                       
20008ab0  pwmTimerMSP432Objects                                       
20008b0c  redPWM                                                      
200085a4  ti_sysbios_BIOS_Module__state__V                            
00004271  ti_sysbios_BIOS_RtsGateProxy_Handle__label__S               
00001e85  ti_sysbios_BIOS_RtsGateProxy_enter__E                       
00001f95  ti_sysbios_BIOS_RtsGateProxy_leave__E                       
00004739  ti_sysbios_BIOS_RtsGateProxy_query__E                       
00003965  ti_sysbios_BIOS_atExitFunc__I                               
000042e9  ti_sysbios_BIOS_exitFunc__I                                 
00004411  ti_sysbios_BIOS_exit__E                                     
00004749  ti_sysbios_BIOS_linkedWithIncorrectBootLibrary__E           
0000219f  ti_sysbios_BIOS_nullFunc__I                                 
00003d9d  ti_sysbios_BIOS_registerRTSLock__I                          
00003dc1  ti_sysbios_BIOS_removeRTSLock__I                            
00003f55  ti_sysbios_BIOS_rtsLock__I                                  
000041f9  ti_sysbios_BIOS_rtsUnlock__I                                
00004421  ti_sysbios_BIOS_setCpuFreq__E                               
00004431  ti_sysbios_BIOS_setThreadType__E                            
00003995  ti_sysbios_BIOS_startFunc__I                                
00004441  ti_sysbios_BIOS_start__E                                    
00004bb8  ti_sysbios_family_arm_m3_Hwi_E_alreadyDefined__C            
000036a1  ti_sysbios_family_arm_m3_Hwi_Instance_finalize__E           
00001a89  ti_sysbios_family_arm_m3_Hwi_Instance_init__E               
20008734  ti_sysbios_family_arm_m3_Hwi_Module_State_0_excActive__A    
20008720  ti_sysbios_family_arm_m3_Hwi_Module_State_0_excContext__A   
20008724  ti_sysbios_family_arm_m3_Hwi_Module_State_0_excStack__A     
00004b36  ti_sysbios_family_arm_m3_Hwi_Module__id__C                  
200086cc  ti_sysbios_family_arm_m3_Hwi_Module__root__V                
00004211  ti_sysbios_family_arm_m3_Hwi_Module__startupDone__F         
00004211  ti_sysbios_family_arm_m3_Hwi_Module__startupDone__S         
200084e8  ti_sysbios_family_arm_m3_Hwi_Module__state__V               
00002d71  ti_sysbios_family_arm_m3_Hwi_Module_startup__E              
00004bbc  ti_sysbios_family_arm_m3_Hwi_NUM_INTERRUPTS__C              
000049a0  ti_sysbios_family_arm_m3_Hwi_Object__DESC__C                
00004850  ti_sysbios_family_arm_m3_Hwi_Object__PARAMS__C              
00004bc0  ti_sysbios_family_arm_m3_Hwi_Object__count__C               
00004341  ti_sysbios_family_arm_m3_Hwi_Object__get__S                 
20008640  ti_sysbios_family_arm_m3_Hwi_Object__table__V               
000045c5  ti_sysbios_family_arm_m3_Hwi_Params__init__S                
00004bc4  ti_sysbios_family_arm_m3_Hwi_ccr__C                         
00002bc9  ti_sysbios_family_arm_m3_Hwi_create                         
000045d1  ti_sysbios_family_arm_m3_Hwi_disableFxn__E                  
00003119  ti_sysbios_family_arm_m3_Hwi_disableInterrupt__E            
000026c9  ti_sysbios_family_arm_m3_Hwi_dispatchC__I                   
20008940  ti_sysbios_family_arm_m3_Hwi_dispatchTable                  
00000e0d  ti_sysbios_family_arm_m3_Hwi_dispatch__I                    
000046e9  ti_sysbios_family_arm_m3_Hwi_doSwiRestore__I                
000046f9  ti_sysbios_family_arm_m3_Hwi_doTaskRestore__I               
00003161  ti_sysbios_family_arm_m3_Hwi_enableInterrupt__E             
00003f75  ti_sysbios_family_arm_m3_Hwi_excHandlerAsm__I               
00004bc8  ti_sysbios_family_arm_m3_Hwi_excHandlerFunc__C              
00003f99  ti_sysbios_family_arm_m3_Hwi_excHandler__I                  
00003349  ti_sysbios_family_arm_m3_Hwi_getStackInfo__E                
00001bb9  ti_sysbios_family_arm_m3_Hwi_initNVIC__E                    
00002a75  ti_sysbios_family_arm_m3_Hwi_initStacks__E                  
00004bcc  ti_sysbios_family_arm_m3_Hwi_nullIsrFunc__C                 
[...]
00004341  ti_sysbios_family_arm_m3_Hwi_Object__get__S                 
00004359  ti_sysbios_family_arm_m3_Hwi_switchFromBootStack__E         
00004359  ti_sysbios_hal_Hwi_HwiProxy_switchFromBootStack__E          
0000436d  ti_sysbios_heaps_HeapMem_Object__get__S                     
00004381  ti_sysbios_knl_Swi_Object__get__S                           
00004399  ti_sysbios_hal_Hwi_Module_startup__E                        
000043ab  xdc_runtime_Startup_exec__I                                 
000043bd  SysCtl_disableNMISource                                     
000043cd  SysCtl_enableNMISource                                      
000043dd  SysCtl_getNMISourceStatus                                   
000043ed  Timer_A_clearTimer                                          
000043fd  Timer_Params_init                                           
00004411  ti_sysbios_BIOS_exit__E                                     
00004421  ti_sysbios_BIOS_setCpuFreq__E                               
00004431  ti_sysbios_BIOS_setThreadType__E                            
00004441  ti_sysbios_BIOS_start__E                                    
00004451  ti_sysbios_family_arm_m3_TaskSupport_glue                   
00004461  ti_sysbios_family_arm_msp432_init_Boot_disableWatchdog      
00004471  ti_sysbios_gates_GateMutex_Instance_finalize__E             
00004481  ti_sysbios_knl_Mailbox_Object__get__S                       
00004491  ti_sysbios_knl_Semaphore_Instance_finalize__E               
000044a1  ti_sysbios_knl_Swi_disable__E                               
000044b1  ti_sysbios_knl_Task_Object__get__S                          
000044c1  ti_sysbios_knl_Task_disable__E                              
000044d1  xdc_runtime_Gate_leaveSystem__E                             
000044e1  xdc_runtime_Memory_free__E                                  
000044f1  xdc_runtime_SysCallback_abort__E                            
000044f1  xdc_runtime_System_SupportProxy_abort__E                    
00004501  xdc_runtime_SysCallback_exit__E                             
00004501  xdc_runtime_System_SupportProxy_exit__E                     
00004511  HwiP_Params_init                                            
0000451f  SemaphoreP_delete                                           
0000452d  __TI_decompress_none                                        
0000453b  PWMTimerMSP432_control                                      
00004541  pthread_attr_setdetachstate                                 
00004551  ti_sysbios_knl_Idle_loop__E                                 
00004561  ti_sysbios_knl_Queue_empty__E                               
0000456f  CPU_cpsid                                                   
0000457b  CPU_cpsie                                                   
00004589  Power_getConstraintMask                                     
00004595  Power_getPerformanceLevel                                   
000045a1  Timer_A_stopTimer                                           
000045ad  __TI_zero_init                                              
000045b9  pthread_self                                                
000045c5  ti_sysbios_family_arm_m3_Hwi_Params__init__S                
000045c5  ti_sysbios_hal_Hwi_HwiProxy_Params__init__S                 
000045d1  ti_sysbios_family_arm_m3_Hwi_disableFxn__E                  
000045d1  ti_sysbios_hal_Hwi_HwiProxy_disable__E                      
000045e1  ti_sysbios_family_arm_m3_TaskSupport_getStackAlignment__E   
000045e1  ti_sysbios_knl_Task_SupportProxy_getStackAlignment__E       
000045f1  ti_sysbios_family_arm_msp432_Timer_getMaxTicks__E           
00004601  ti_sysbios_gates_GateHwi_enter__E                           
0000460d  ti_sysbios_knl_Queue_Object__get__S                         
00004619  ti_sysbios_knl_Semaphore_Params__init__S                    
00004625  ti_sysbios_knl_Task_Params__init__S                         
00004631  timerCallback                                               
00004641  xdc_runtime_Gate_enterSystem__E                             
00004651  xdc_runtime_Startup_rtsDone__E                              
0000465d  PWM_setDuty                                                 
00004667  PWM_start                                                   
00004671  SemaphoreP_Params_init                                      
0000467b  SemaphoreP_post                                             
0000467b  SemaphoreP_postFromClock                                    
00004685  Timer32_clearInterruptFlag                                  
0000468f  Timer32_disableInterrupt                                    
00004699  Timer32_haltTimer                                           
000046a3  TimerMSP432_init                                            
000046ad  Timer_start                                                 
000046b7  xdc_runtime_Memory_HeapProxy_alloc__E                       
000046c1  xdc_runtime_Memory_HeapProxy_free__E                        
000046cb  MSP_EXP432P401R_initGeneral                                 
000046d3  Timer_A_startCounter                                        
000046db  TimerMSP432_Timer_A_control                                 
000046e1  pthread_attr_setstacksize                                   
000046e9  ti_sysbios_family_arm_m3_Hwi_doSwiRestore__I                
000046f1  ti_sysbios_family_arm_m3_Hwi_startup__E                     
000046f1  ti_sysbios_hal_Hwi_HwiProxy_startup__E                      
000046f9  ti_sysbios_family_arm_m3_Hwi_doTaskRestore__I               
00004701  HwiP_restore                                                
00004701  ti_sysbios_family_arm_m3_Hwi_restoreFxn__E                  
00004701  ti_sysbios_hal_Hwi_HwiProxy_restore__E                      
00004709  ti_sysbios_gates_GateHwi_leave__E                           
00004711  ti_sysbios_heaps_HeapMem_isBlocking__E                      
00004719  ti_sysbios_knl_Queue_Instance_init__E                       
00004721  ti_sysbios_knl_Swi_startup__E                               
00004729  xdc_runtime_System_Module_startup__E                        
00004731  ti_sysbios_gates_GateHwi_query__E                           
00004731  xdc_runtime_Main_Module_GateProxy_query__E                  
00004731  xdc_runtime_System_Module_GateProxy_query__E                
00004739  ti_sysbios_BIOS_RtsGateProxy_query__E                       
00004739  ti_sysbios_gates_GateMutex_query__E                         
00004739  ti_sysbios_heaps_HeapMem_Module_GateProxy_query__E          
00004741  ti_sysbios_knl_Task_startup__E                              
00004749  ti_sysbios_BIOS_linkedWithIncorrectBootLibrary__E           
00004751  ti_sysbios_gates_GateHwi_Instance_init__E                   
00004759  ti_sysbios_knl_Clock_logTick__E                             
00004761  xdc_runtime_SysCallback_defaultAbort                        
00004769  xdc_runtime_SysCallback_defaultExit                         
00004771  xdc_runtime_System_abortSpin__E                             
00004779  xdc_runtime_System_exitSpin__E                              
00004814  ti_sysbios_knl_Task_Object__PARAMS__C                       
00004850  ti_sysbios_family_arm_m3_Hwi_Object__PARAMS__C              
00004880  ti_sysbios_heaps_HeapMem_Module__FXNS__C                    
000048a8  PWM_config                                                  
000048cc  ti_sysbios_gates_GateHwi_Module__FXNS__C                    
000048f0  ti_sysbios_gates_GateMutex_Module__FXNS__C                  
00004914  ti_sysbios_heaps_HeapMem_Object__PARAMS__C                  
00004938  ti_sysbios_knl_Semaphore_Object__PARAMS__C                  
0000495c  xdc_runtime_Startup_sfxnTab__A                              
00004980  PWMTimerMSP432_fxnTable                                     
000049a0  ti_sysbios_family_arm_m3_Hwi_Object__DESC__C                
000049c0  ti_sysbios_gates_GateHwi_Object__DESC__C                    
000049e0  ti_sysbios_gates_GateMutex_Object__DESC__C                  
00004a00  ti_sysbios_heaps_HeapMem_Object__DESC__C                    
00004a20  ti_sysbios_knl_Queue_Object__DESC__C                        
00004a40  ti_sysbios_knl_Semaphore_Object__DESC__C                    
00004a60  ti_sysbios_knl_Task_Object__DESC__C                         
00004a80  PWM_defaultParams                                           
00004a98  PowerMSP432_config                                          
00004ab0  pwmTimerMSP432HWAttrs                                       
00004ac8  ti_sysbios_gates_GateHwi_Object__PARAMS__C                  
00004ae0  ti_sysbios_gates_GateMutex_Object__PARAMS__C                
00004af8  ti_sysbios_knl_Queue_Object__PARAMS__C                      
00004b10  GPIOMSP432_config                                           
00004b24  xdc_runtime_Startup_sfxnRts__A                              
00004b36  ti_sysbios_family_arm_m3_Hwi_Module__id__C                  
00004b48  timerMSP432HWAttrs                                          
00004b58  ADC_count                                                   
00004b59  ADCBuf_count                                                
00004b5a  Capture_count                                               
00004b5b  Display_count                                               
00004b5c  I2C_count                                                   
00004b5d  I2CSlave_count                                              
00004b5e  PWM_count                                                   
00004b5f  SDSPI_count                                                 
00004b60  SPI_count                                                   
00004b61  Timer_count                                                 
00004b62  UART_count                                                  
00004b63  Watchdog_count                                              
00004b64  Timer_config                                                
00004b88  xdc_runtime_Startup_firstFxns__A                            
00004b94  ti_sysbios_knl_Idle_funcList__C                             
00004b9c  xdc_runtime_Startup_firstFxns__C                            
00004ba4  xdc_runtime_Startup_lastFxns__C                             
00004bb8  ti_sysbios_family_arm_m3_Hwi_E_alreadyDefined__C            
00004bbc  ti_sysbios_family_arm_m3_Hwi_NUM_INTERRUPTS__C              
00004bc0  ti_sysbios_family_arm_m3_Hwi_Object__count__C               
00004bc4  ti_sysbios_family_arm_m3_Hwi_ccr__C                         
00004bc8  ti_sysbios_family_arm_m3_Hwi_excHandlerFunc__C              
00004bcc  ti_sysbios_family_arm_m3_Hwi_nullIsrFunc__C                 
00004bd0  ti_sysbios_family_arm_m3_Hwi_priGroup__C                    
00004bd4  ti_sysbios_family_arm_m3_Hwi_swiDisable__C                  
00004bd8  ti_sysbios_family_arm_m3_Hwi_swiRestoreHwi__C               
00004bdc  ti_sysbios_family_arm_m3_TaskSupport_stackAlignment__C      
00004be0  ti_sysbios_family_arm_msp432_Timer_numTimerDevices__C       
00004be4  ti_sysbios_family_arm_msp432_Timer_startupNeeded__C         
00004be8  ti_sysbios_gates_GateMutex_Instance_State_sem__O            
00004bec  ti_sysbios_heaps_HeapMem_E_memory__C                        
00004bf0  ti_sysbios_heaps_HeapMem_Module__gateObj__C                 
00004bf4  ti_sysbios_heaps_HeapMem_Object__count__C                   
00004bf8  ti_sysbios_heaps_HeapMem_primaryHeapBaseAddr__C             
00004bfc  ti_sysbios_heaps_HeapMem_primaryHeapEndAddr__C              
00004c00  ti_sysbios_heaps_HeapMem_reqAlign__C                        
00004c04  ti_sysbios_knl_Clock_Module_State_clockQ__O                 
00004c08  ti_sysbios_knl_Idle_funcList__A                             
00004c0c  ti_sysbios_knl_Mailbox_Instance_State_freeQue__O            
00004c10  ti_sysbios_knl_Mailbox_Object__count__C                     
00004c14  ti_sysbios_knl_Mailbox_maxTypeAlign__C                      
00004c18  ti_sysbios_knl_Semaphore_Instance_State_pendQ__O            
00004c1c  ti_sysbios_knl_Swi_Object__count__C                         
00004c20  ti_sysbios_knl_Task_Module_State_inactiveQ__O               
00004c24  ti_sysbios_knl_Task_Object__count__C                        
00004c28  ti_sysbios_knl_Task_Object__heap__C                         
00004c2c  ti_sysbios_knl_Task_allBlockedFunc__C                       
00004c30  ti_sysbios_knl_Task_defaultStackHeap__C                     
00004c34  ti_sysbios_knl_Task_defaultStackSize__C                     
00004c38  ti_sysbios_knl_Task_numConstructedTasks__C                  
00004c3c  xdc_runtime_Error_E_memory__C                               
00004c40  xdc_runtime_Error_policyFxn__C                              
00004c44  xdc_runtime_IGateProvider_Interface__BASE__C                
00004c48  xdc_runtime_IHeap_Interface__BASE__C                        
00004c4c  xdc_runtime_IModule_Interface__BASE__C                      
00004c50  xdc_runtime_Memory_defaultHeapInstance__C                   
00004c54  xdc_runtime_Startup_execImpl__C                             
00004c58  xdc_runtime_Startup_maxPasses__C                            
00004c5c  xdc_runtime_Startup_sfxnRts__C                              
00004c60  xdc_runtime_Startup_sfxnTab__C                              
00004c64  xdc_runtime_SysCallback_abortFxn__C                         
00004c68  xdc_runtime_SysCallback_exitFxn__C                          
00004c6c  xdc_runtime_System_Module__gateObj__C                       
00004c70  xdc_runtime_System_abortFxn__C                              
00004c74  xdc_runtime_System_exitFxn__C                               
00004c78  xdc_runtime_System_maxAtexitHandlers__C                     
00004c7c  xdc_runtime_Text_charTab__C                                 
00004c80  xdc_runtime_Text_nameEmpty__C                               
00004c84  xdc_runtime_Text_nameStatic__C                              
00004c88  xdc_runtime_Text_nameUnknown__C                             
00004c8c  ti_sysbios_family_arm_msp432_init_Boot_bypassHFXT__C        
00004c8e  ti_sysbios_family_arm_msp432_init_Boot_bypassLFXT__C        
00004c90  ti_sysbios_family_arm_msp432_init_Boot_enableHFXT__C        
00004c92  ti_sysbios_family_arm_msp432_init_Boot_enableLFXT__C        
00004c94  ti_sysbios_heaps_HeapMem_Module__id__C                      
00004c96  xdc_runtime_Memory_Module__id__C                            
00004c98  xdc_runtime_Text_charCnt__C                                 
00004c9a  xdc_runtime_Text_isLoaded__C                                
00004c9c  xdc_runtime_Error_policy__C                                 
00004c9d  xdc_runtime_Text_charTab__A                                 
00004ca0  __TI_static_base__                                          
00004ec8  __TI_Handler_Table_Base                                     
00004ed4  __TI_Handler_Table_Limit                                    
00004ee0  __TI_CINIT_Base                                             
00004ef0  __TI_CINIT_Limit                                            
00008000  HEAPSIZE                                                    
20000000  ti_sysbios_family_arm_m3_Hwi_ramVectors                     
20000140  __primary_heap_start__                                      
20008140  PowerMSP432_perfLevels                                      
20008140  __primary_heap_end__                                        
20008290  ti_sysbios_knl_Swi_Module_State_0_readyQ__A                 
20008310  ti_sysbios_knl_Task_Module_State_0_readyQ__A                
20008390  ti_sysbios_family_arm_msp432_Timer_Object__table__V         
200083dc  ti_sysbios_knl_Task_Object__table__V                        
2000846c  ti_sysbios_knl_Task_Module__state__V                        
200084b0  ti_sysbios_gates_GateMutex_Object__table__V                 
200084e8  ti_sysbios_family_arm_m3_Hwi_Module__state__V               
2000851c  ti_sysbios_knl_Swi_Object__table__V                         
2000854c  PowerMSP432_module                                          
20008578  ti_sysbios_knl_Clock_Module__state__V                       
200085a4  ti_sysbios_BIOS_Module__state__V                            
200085c8  ti_sysbios_family_arm_msp432_Timer_Module_State_0_device__A 
200085e8  xdc_runtime_Error_IgnoreBlock                               
20008608  TimerMSP432_Timer_A_fxnTable                                
20008624  ti_sysbios_knl_Swi_Module__state__V                         
20008640  ti_sysbios_family_arm_m3_Hwi_Object__table__V               
20008658  ti_sysbios_heaps_HeapMem_Object__table__V                   
20008688  ti_sysbios_family_arm_msp432_Timer_Module_State_0_handles__A
20008698  gpioPinConfigs                                              
200086a4  ti_sysbios_family_arm_msp432_ClockFreqs_Module__state__V    
200086b0  ti_sysbios_family_arm_msp432_Timer_Module__state__V         
200086bc  _lock                                                       
200086c0  _unlock                                                     
200086c4  gpioCallbackFunctions                                       
200086cc  ti_sysbios_family_arm_m3_Hwi_Module__root__V                
200086d4  ti_sysbios_gates_GateHwi_Module__root__V                    
200086dc  ti_sysbios_gates_GateMutex_Module__root__V                  
200086e4  ti_sysbios_heaps_HeapMem_Module__root__V                    
200086ec  ti_sysbios_knl_Queue_Module__root__V                        
200086f4  ti_sysbios_knl_Semaphore_Module__root__V                    
200086fc  ti_sysbios_knl_Task_Module__root__V                         
20008704  xdc_runtime_Startup_Module__state__V                        
2000870c  xdc_runtime_System_Module_State_0_atexitHandlers__A         
20008714  xdc_runtime_System_Module__state__V                         
2000871c  main_func_sp                                                
20008720  ti_sysbios_family_arm_m3_Hwi_Module_State_0_excContext__A   
20008724  ti_sysbios_family_arm_m3_Hwi_Module_State_0_excStack__A     
20008728  ti_sysbios_gates_GateHwi_Object__table__V                   
2000872c  ti_sysbios_knl_Task_Module_State_0_idleTask__A              
20008730  xdc_runtime_Memory_Module__state__V                         
20008734  ti_sysbios_family_arm_m3_Hwi_Module_State_0_excActive__A    
20008740  ti_sysbios_knl_Task_Instance_State_0_stack__A               
20008940  ti_sysbios_family_arm_m3_Hwi_dispatchTable                  
20008ab0  pwmTimerMSP432Objects                                       
20008ae0  timerMSP432Objects                                          
20008b04  bluePWM                                                     
20008b08  greenPWM                                                    
20008b0c  redPWM                                                      
2000fc00  __stack                                                     
20010000  __STACK_END                                                 
4000480c  WDTCTL_SYM                                                  
e000e000  ti_sysbios_family_arm_m3_Hwi_nvic                           
ffffffff  __TI_pprof_out_hndl                                         
ffffffff  __TI_prof_data_size                                         
ffffffff  __TI_prof_data_start                                        
ffffffff  __binit__                                                   
ffffffff  __c_args__                                                  
ffffffff  binit                                                       
UNDEFED   SHT$$INIT_ARRAY$$Base                                       
UNDEFED   SHT$$INIT_ARRAY$$Limit                                      

[507 symbols]
